

<!doctype html>
<html>
<head>
	
	<link rel="stylesheet" href="/static/style.css"/>
	<script src="/static/common.js"></script>
	
		<script async src="https://www.googletagmanager.com/gtag/js?id=UA-116117799-1"></script>
		<script>
			window.dataLayer = window.dataLayer || [];
			function gtag() { dataLayer.push(arguments); }
			gtag('js', new Date());
			gtag('config', 'UA-116117799-1');
		</script>
	

	<title>INFO: rcu detected stall in tcp_setsockopt</title>
</head>
<body>
	
	<header id="topbar">
		<table class="position_table">
			<tr>
				<td>
					<h1><a href="/upstream">syzbot</a></h1>
				</td>
				<td class="namespace_td">
					<select class="namespace" onchange="window.location.href = '/' + this.value + '';">
						
							<option value="android-5-10" >Android 5.10</option>
							<option value="android-5-15" >Android 5.15</option>
							<option value="android-54" >Android 5.4</option>
							<option value="android-6-1" >Android 6.1</option>
							<option value="freebsd" >FreeBSD</option>
							<option value="upstream" selected="1">Linux</option>
							<option value="linux-5.15" >Linux 5.15</option>
							<option value="linux-6.1" >Linux 6.1</option>
							<option value="netbsd" >NetBSD</option>
							<option value="openbsd" >OpenBSD</option>
							<option value="gvisor" >gVisor</option></select>
				</td>
				<td class="search">
					
					
						<a href="https://syzkaller.appspot.com/_ah/conflogin?continue=https://syzkaller.appspot.com/bug%3Fextid%3D1a11c39caf29450eac9f">sign-in</a> |
					
					<a href="https://groups.google.com/forum/#!forum/syzkaller" target="_blank">mailing list</a> |
					<a href="https://github.com/google/syzkaller" target="_blank">source</a> |
					<a href="https://github.com/google/syzkaller/blob/master/docs/syzbot.md" target="_blank">docs</a>
				</td>
			</tr>
		</table>
		
		<div class="navigation">
			<div class="navigation_tab">
				<a href='/upstream'><span style="color:DeepPink;">üêû</span> Open [1659]</a>
			</div>

			
			<div class="navigation_tab">
				<a href='/upstream/subsystems'><span style="color:DeepPink;">‚â°</span> Subsystems</a>
			</div>
			

			<div class="navigation_tab">
				<a href='/upstream/fixed'><span style="color:ForestGreen;">üêû</span> Fixed [6081]</a>
			</div>

			<div class="navigation_tab" href='/upstream/invalid'>
				<a href='/upstream/invalid'><span style="color:RoyalBlue;">üêû</span> Invalid [15102]</a>
			</div>

			
			<div class="navigation_tab">
				<a href='/upstream/backports'><span style="color:ForestGreen;">‚¨á</span> Missing Backports [157]</a>
			</div>
			

			<div class="navigation_tab">
				<a href='/upstream/graph/crashes'><span style="color:ForestGreen;">‚â°</span> Crashes</a>
			</div>

			<div class="dropdown navigation_tab">
				<button class="dropbtn"><span style="color:DarkOrange;">üìà</span>Graphs</button>
				<div class="dropdown-content">
					<a class="navigation_tab"
						href='/upstream/graph/bugs'>Kernel&nbsp;Health</a>
					<a class="navigation_tab"
						href='/upstream/graph/found-bugs'>Bugs/Month</a>
					<a class="navigation_tab"
						href='/upstream/graph/lifetimes'>Bug&nbsp;Lifetimes</a>
					<a class="navigation_tab"
						href='/upstream/graph/fuzzing'>Fuzzing</a>
				</div>
			</div>

			
			<div class="dropdown navigation_tab">
				<button class="dropbtn"><span style="color:DarkOrange;">üìà</span>Coverage</button>
				<div class="dropdown-content">
					<a class="navigation_tab"
						href="/upstream/graph/coverage?period=quarter">Total</a>
					<a class="navigation_tab"
						href="/upstream/coverage?period=month">Repo&nbsp;Heatmap</a>
					
						<a class="navigation_tab"
							href="/upstream/coverage/subsystems?period=month">Subsystems&nbsp;Heatmap</a>
					
				</div>
			</div>
			
			
			<div class="navigation_tab navigation_right">
				<a href='mailto:syzkaller@googlegroups.com'><span style="color:ForestGreen;">üí¨</span> Send us feedback</a>
			</div>
			
		</div>
		
	</header>
	<br>


	<b>INFO: rcu detected stall in tcp_setsockopt</b><br><br>
	Status: <a href="https://groups.google.com/d/msgid/syzkaller-bugs/0000000000006a842806040c91b5%40google.com">upstream: reported syz repro on 2023/08/29 09:38</a><br>
	
		
			Subsystems: 
				<span class="bug-label"><a href="/upstream/s/netfilter">netfilter</a></span>
		<br>
		
	<a href="https://github.com/google/syzkaller/blob/master/docs/syzbot.md#labels">[Documentation on labels]</a><br>
	
	
	Reported-by: syzbot&#43;1a11c39caf29450eac9f@syzkaller.appspotmail.com<br>
	
	First crash: 707d, last: 4d03h<br>
	
	<div>
		<div class="bug-bisection-info">

	
	
	
		
			<b>Cause bisection: failed</b>
		
		<b>(<a href="https://syzkaller.appspot.com/x/error.txt?x=1095552ce80000">error log</a>, <a href="https://syzkaller.appspot.com/x/bisect.txt?x=1715552ce80000">bisect log</a>)</b><br>
	
	

	
	&nbsp;&nbsp;
	

</div>
		
		<div class="bug-bisection-stop"></div>
	</div>

	
	<div class="collapsible collapsible-show">
		<div class="head">
			<span class="show-icon">&#9654;</span>
			<span class="hide-icon">&#9660;</span>
			<span>Discussions (4)</span>
		</div>
		<div class="content">
			
			
			

<table class="list_table">
	<thead>
	<tr>
		<th>Title</th>
		<th>Replies (including bot)</th>
		<th>Last reply</th>
	</tr>
	</thead>
	<tbody>
	
		<tr>
			<td><a href="https://lore.kernel.org/all/67ade6cf.050a0220.110943.005b.GAE@google.com/T/">[syzbot] Monthly netfilter report (Feb 2025)</a></td>
			<td class="stat">0 (1)</td>
			<td class="stat">2025/02/13 12:34</td>
		</tr>
	
		<tr>
			<td><a href="https://lore.kernel.org/all/000000000000e4d49f060e08565a@google.com/T/">[syzbot] Monthly netfilter report (Jan 2024)</a></td>
			<td class="stat">0 (1)</td>
			<td class="stat">2024/01/03 10:47</td>
		</tr>
	
		<tr>
			<td><a href="https://lore.kernel.org/all/0000000000001254e506040f4d07@google.com/T/">[syzbot] Monthly netfilter report (Aug 2023)</a></td>
			<td class="stat">0 (1)</td>
			<td class="stat">2023/08/29 12:53</td>
		</tr>
	
		<tr>
			<td><a href="https://lore.kernel.org/all/0000000000006a842806040c91b5@google.com/T/">[syzbot] [netfilter?] INFO: rcu detected stall in tcp_setsockopt</a></td>
			<td class="stat">0 (1)</td>
			<td class="stat">2023/08/29 09:38</td>
		</tr>
	
	</tbody>
</table>


			
			
		</div>
	</div>
	
	<div class="collapsible collapsible-hide">
		<div class="head">
			<span class="show-icon">&#9654;</span>
			<span class="hide-icon">&#9660;</span>
			<span>Similar bugs (3)</span>
		</div>
		<div class="content">
			


<table class="list_table">
	
	<thead>
	<tr>
		
			<th><a onclick="return sortTable(this, 'Kernel', textSort)" href="#">Kernel</a></th>
		
		<th><a onclick="return sortTable(this, 'Title', textSort)" href="#">Title</a></th>
		<th><a onclick="return sortTable(this, 'Repro', reproSort)" href="#">Repro</a></th>
		<th><a onclick="return sortTable(this, 'Cause bisect', textSort)" href="#">Cause bisect</a></th>
		<th><a onclick="return sortTable(this, 'Fix bisect', textSort)" href="#">Fix bisect</a></th>
		<th><a onclick="return sortTable(this, 'Count', numSort)" href="#">Count</a></th>
		<th><a onclick="return sortTable(this, 'Last', timeSort)" href="#">Last</a></th>
		<th><a onclick="return sortTable(this, 'Reported', timeSort)" href="#">Reported</a></th>
		
		
		
			<th><a onclick="return sortTable(this, 'Patched', patchedSort)" href="#">Patched</a></th>
		
		
			<th><a onclick="return sortTable(this, 'Status', textSort)" href="#">Status</a></th>
		
		
	</tr>
	</thead>
	<tbody>
	
		<tr>
			<td>linux-5.15</td>
			<td class="title">
				<a href="/bug?id=308e40d92f41ca58349719e53a9578a7b06a9372">INFO: rcu detected stall in tcp_setsockopt</a>
			</td>
			<td class="stat"></td>
			<td class="bisect_status"></td>
			<td class="bisect_status"></td>
			<td class="stat ">1</td>
			<td class="stat">251d</td>
			<td class="stat">
				
					<a href="https://groups.google.com/d/msgid/syzkaller-lts-bugs/000000000000317c29061bdb6ebb%40google.com">251d</a>
				
			</td>
			
			
			
				<td class="patched" >0/3</td>
			
			
				<td class="status">
					
						<a href="https://groups.google.com/d/msgid/syzkaller-lts-bugs/000000000000317c29061bdb6ebb%40google.com">auto-obsoleted due to no activity on 2024/10/05 09:05</a>
					
				</td>
			
			
		</tr>
	
		<tr>
			<td>android-49</td>
			<td class="title">
				<a href="/bug?id=cbb3196967018cd6519a33b60cc7956ab32cc710">INFO: rcu detected stall in tcp_setsockopt</a>
			</td>
			<td class="stat"></td>
			<td class="bisect_status"></td>
			<td class="bisect_status"></td>
			<td class="stat ">2</td>
			<td class="stat">2147d</td>
			<td class="stat">
				
					<a href="https://groups.google.com/d/msgid/syzkaller-android-bugs/0000000000007fd0c805867a391e%40google.com">2152d</a>
				
			</td>
			
			
			
				<td class="patched" >0/3</td>
			
			
				<td class="status">
					
						<a href="https://groups.google.com/d/msgid/syzkaller-android-bugs/0000000000007fd0c805867a391e%40google.com">auto-closed as invalid on 2019/10/17 00:42</a>
					
				</td>
			
			
		</tr>
	
		<tr>
			<td>android-5-15</td>
			<td class="title">
				<a href="/bug?extid=1c95536dfebbb14613f7">BUG: soft lockup in tcp_setsockopt</a>
			</td>
			<td class="stat"></td>
			<td class="bisect_status"></td>
			<td class="bisect_status"></td>
			<td class="stat ">1</td>
			<td class="stat">307d</td>
			<td class="stat">
				
					<a href="http://b/338508919">307d</a>
				
			</td>
			
			
			
				<td class="patched" >0/2</td>
			
			
				<td class="status">
					
						<a href="http://b/338508919">auto-obsoleted due to no activity on 2024/08/01 04:54</a>
					
				</td>
			
			
		</tr>
	
	</tbody>
</table>



			
			
			
			
		</div>
	</div>
	
	<div class="collapsible collapsible-hide">
		<div class="head">
			<span class="show-icon">&#9654;</span>
			<span class="hide-icon">&#9660;</span>
			<span>Last patch testing requests (9)</span>
		</div>
		<div class="content">
			
			

	<table class="list_table">
		<caption id="jobs"><a class="plain" href="#jobs"></a></caption>
		<thead>
		<tr>
			
			<th>Created</th>
			<th>Duration</th>
			<th>User</th>
			<th>Patch</th>
			<th>Repo</th>
			
			<th>Result</th>
		</tr>
		</thead>
		<tbody>
		
			<tr>
				
				<td class="time">2024/12/26 17:11</td>
				<td class="time" title="started: 2024/12/26 17:11&#013;finished: 2024/12/26 17:31">
					19m
				</td>
				<td>
					
						retest repro
					
				</td>
				<td></td>
				<td class="kernel" title="upstream"><a href="https://git.kernel.org/pub/scm/linux/kernel/git/torvalds/linux.git/commit/?id=9b2ffa6148b1e4468d08f7e0e7e371c43cac9ffe">upstream</a></td>
				
				<td class="result">
					
						<a href="https://syzkaller.appspot.com/x/report.txt?x=14255adf980000">report</a>
					
					
					
						<a href="https://syzkaller.appspot.com/x/log.txt?x=10255adf980000">log</a>
					
					
					
				</td>
			</tr>
		
			<tr>
				
				<td class="time">2024/07/29 19:07</td>
				<td class="time" title="started: 2024/07/29 19:07&#013;finished: 2024/07/29 19:32">
					25m
				</td>
				<td>
					
						retest repro
					
				</td>
				<td></td>
				<td class="kernel" title="upstream"><a href="https://git.kernel.org/pub/scm/linux/kernel/git/torvalds/linux.git/commit/?id=2accfdb7eff65f390c4308b0e9cb7c3fe48ad63c">upstream</a></td>
				
				<td class="result">
					
						<a href="https://syzkaller.appspot.com/x/report.txt?x=165c5373980000">report</a>
					
					
					
						<a href="https://syzkaller.appspot.com/x/log.txt?x=125c5373980000">log</a>
					
					
					
				</td>
			</tr>
		
			<tr>
				
				<td class="time">2024/05/20 17:38</td>
				<td class="time" title="started: 2024/05/20 17:38&#013;finished: 2024/05/20 18:59">
					1h20m
				</td>
				<td>
					
						retest repro
					
				</td>
				<td></td>
				<td class="kernel" title="upstream"><a href="https://git.kernel.org/pub/scm/linux/kernel/git/torvalds/linux.git/commit/?id=daa121128a2d2ac6006159e2c47676e4fcd21eab">upstream</a></td>
				
				<td class="result">
					
						<a href="https://syzkaller.appspot.com/x/report.txt?x=163f4134980000">report</a>
					
					
					
						<a href="https://syzkaller.appspot.com/x/log.txt?x=123f4134980000">log</a>
					
					
					
				</td>
			</tr>
		
			<tr>
				
				<td class="time">2024/03/11 17:14</td>
				<td class="time" title="started: 2024/03/11 17:14&#013;finished: 2024/03/11 17:35">
					21m
				</td>
				<td>
					
						retest repro
					
				</td>
				<td></td>
				<td class="kernel" title="upstream"><a href="https://git.kernel.org/pub/scm/linux/kernel/git/torvalds/linux.git/commit/?id=e8f897f4afef0031fe618a8e94127a0934896aba">upstream</a></td>
				
				<td class="result">
					
						<a href="https://syzkaller.appspot.com/x/report.txt?x=1342230a180000">report</a>
					
					
					
						<a href="https://syzkaller.appspot.com/x/log.txt?x=1542230a180000">log</a>
					
					
					
				</td>
			</tr>
		
			<tr>
				
				<td class="time">2023/11/21 00:42</td>
				<td class="time" title="started: 2023/11/21 00:42&#013;finished: 2023/11/21 01:14">
					31m
				</td>
				<td>
					
						retest repro
					
				</td>
				<td></td>
				<td class="kernel" title="upstream"><a href="https://git.kernel.org/pub/scm/linux/kernel/git/torvalds/linux.git/commit/?id=98b1cc82c4affc16f5598d4fa14b1858671b2263">upstream</a></td>
				
				<td class="result">
					
						<a href="https://syzkaller.appspot.com/x/report.txt?x=1277ee48e80000">report</a>
					
					
					
						<a href="https://syzkaller.appspot.com/x/log.txt?x=1477ee48e80000">log</a>
					
					
					
				</td>
			</tr>
		
			<tr>
				
				<td class="time">2023/09/11 23:53</td>
				<td class="time" title="started: 2023/09/11 23:53&#013;finished: 2023/09/12 00:16">
					22m
				</td>
				<td>
					
						retest repro
					
				</td>
				<td></td>
				<td class="kernel" title="upstream"><a href="https://git.kernel.org/pub/scm/linux/kernel/git/torvalds/linux.git/commit/?id=0bb80ecc33a8fb5a682236443c1e740d5c917d1d">upstream</a></td>
				
				<td class="result">
					
						<a href="https://syzkaller.appspot.com/x/report.txt?x=17c54ba4680000">report</a>
					
					
					
						<a href="https://syzkaller.appspot.com/x/log.txt?x=13c54ba4680000">log</a>
					
					
					
				</td>
			</tr>
		
			<tr>
				
				<td class="time">2023/08/30 10:55</td>
				<td class="time" title="started: 2023/08/30 11:21&#013;finished: 2023/08/30 13:49">
					2h28m
				</td>
				<td>
					
						hdanton@sina.com
					
				</td>
				<td><a href="/text?tag=Patch&x=12d88950680000">patch</a></td>
				<td class="kernel" title="https://git.kernel.org/pub/scm/linux/kernel/git/torvalds/linux.git master"><a href="https://git.kernel.org/pub/scm/linux/kernel/git/torvalds/linux.git/commit/?id=6c1b980a7e79e55e951b4b2c47eefebc75071209">https://git.kernel.org/pub/scm/linux/kernel/git/torvalds/linux.git master</a></td>
				
				<td class="result">
					
						OK
						
					
					
					
						<a href="https://syzkaller.appspot.com/x/log.txt?x=17b35e67a80000">log</a>
					
					
					
				</td>
			</tr>
		
			<tr>
				
				<td class="time">2023/08/29 13:19</td>
				<td class="time" title="started: 2023/08/29 13:32&#013;finished: 2023/08/29 13:53">
					20m
				</td>
				<td>
					
						hdanton@sina.com
					
				</td>
				<td><a href="/text?tag=Patch&x=1655c0c0680000">patch</a></td>
				<td class="kernel" title="https://git.kernel.org/pub/scm/linux/kernel/git/torvalds/linux.git master"><a href="https://git.kernel.org/pub/scm/linux/kernel/git/torvalds/linux.git/commit/?id=1c59d383390f970b891b503b7f79b63a02db2ec5">https://git.kernel.org/pub/scm/linux/kernel/git/torvalds/linux.git master</a></td>
				
				<td class="result">
					
						<a href="https://syzkaller.appspot.com/x/report.txt?x=178a248fa80000">report</a>
					
					
					
						<a href="https://syzkaller.appspot.com/x/log.txt?x=138a248fa80000">log</a>
					
					
					
				</td>
			</tr>
		
			<tr>
				
				<td class="time"><a href="http://b/297929651">2023/08/29 08:42</a></td>
				<td class="time" title="started: 2023/08/29 08:43&#013;finished: 2023/08/29 09:24">
					40m
				</td>
				<td>
					
						edumazet@google.com
					
				</td>
				<td><a href="/text?tag=Patch&x=1701adb7a80000">patch</a></td>
				<td class="kernel" title="upstream"><a href="https://git.kernel.org/pub/scm/linux/kernel/git/torvalds/linux.git/commit/?id=1c59d383390f970b891b503b7f79b63a02db2ec5">upstream</a></td>
				
				<td class="result">
					
						<a href="https://syzkaller.appspot.com/x/report.txt?x=12b87cc0680000">report</a>
					
					
					
						<a href="https://syzkaller.appspot.com/x/log.txt?x=14b87cc0680000">log</a>
					
					
					
				</td>
			</tr>
		
		</tbody>
	</table>


			
			
			
		</div>
	</div>
	
	<div class="collapsible collapsible-hide">
		<div class="head">
			<span class="show-icon">&#9654;</span>
			<span class="hide-icon">&#9660;</span>
			<span>Fix bisection attempts (7)</span>
		</div>
		<div class="content">
			
			

	<table class="list_table">
		<caption id="jobs"><a class="plain" href="#jobs"></a></caption>
		<thead>
		<tr>
			
			<th>Created</th>
			<th>Duration</th>
			<th>User</th>
			<th>Patch</th>
			<th>Repo</th>
			
			<th>Result</th>
		</tr>
		</thead>
		<tbody>
		
			<tr>
				
				<td class="time">2025/03/01 23:21</td>
				<td class="time" title="started: 2025/03/01 23:21&#013;finished: 2025/03/02 02:27">
					3h06m
				</td>
				<td>
					
						bisect fix
					
				</td>
				<td></td>
				<td class="kernel" title="upstream"><a href="https://git.kernel.org/pub/scm/linux/kernel/git/torvalds/linux.git/commit/?id=2dde18cd1d8fac735875f2e4987f11817cc0bc2c">upstream</a></td>
				
				<td class="result">
					
						OK
						
							(0)
						
					
					
						<a href="https://syzkaller.appspot.com/x/bisect.txt?x=10c0a8b7980000">job log</a>
					
					
						<a href="https://syzkaller.appspot.com/x/log.txt?x=14c0a8b7980000">log</a>
					
					
					
				</td>
			</tr>
		
			<tr>
				
				<td class="time">2025/01/30 20:50</td>
				<td class="time" title="started: 2025/01/30 20:50&#013;finished: 2025/01/30 23:13">
					2h23m
				</td>
				<td>
					
						bisect fix
					
				</td>
				<td></td>
				<td class="kernel" title="upstream"><a href="https://git.kernel.org/pub/scm/linux/kernel/git/torvalds/linux.git/commit/?id=2dde18cd1d8fac735875f2e4987f11817cc0bc2c">upstream</a></td>
				
				<td class="result">
					
						OK
						
							(0)
						
					
					
						<a href="https://syzkaller.appspot.com/x/bisect.txt?x=11629ddf980000">job log</a>
					
					
						<a href="https://syzkaller.appspot.com/x/log.txt?x=15629ddf980000">log</a>
					
					
					
				</td>
			</tr>
		
			<tr>
				
				<td class="time">2024/10/17 13:37</td>
				<td class="time" title="started: 2024/10/17 13:37&#013;finished: 2024/10/17 15:59">
					2h21m
				</td>
				<td>
					
						bisect fix
					
				</td>
				<td></td>
				<td class="kernel" title="upstream"><a href="https://git.kernel.org/pub/scm/linux/kernel/git/torvalds/linux.git/commit/?id=2dde18cd1d8fac735875f2e4987f11817cc0bc2c">upstream</a></td>
				
				<td class="result">
					
						OK
						
							(0)
						
					
					
						<a href="https://syzkaller.appspot.com/x/bisect.txt?x=16b12f27980000">job log</a>
					
					
						<a href="https://syzkaller.appspot.com/x/log.txt?x=11b12f27980000">log</a>
					
					
					
				</td>
			</tr>
		
			<tr>
				
				<td class="time">2024/09/16 07:35</td>
				<td class="time" title="started: 2024/09/16 07:35&#013;finished: 2024/09/16 09:37">
					2h02m
				</td>
				<td>
					
						bisect fix
					
				</td>
				<td></td>
				<td class="kernel" title="upstream"><a href="https://git.kernel.org/pub/scm/linux/kernel/git/torvalds/linux.git/commit/?id=2dde18cd1d8fac735875f2e4987f11817cc0bc2c">upstream</a></td>
				
				<td class="result">
					
						OK
						
							(0)
						
					
					
						<a href="https://syzkaller.appspot.com/x/bisect.txt?x=117aa29f980000">job log</a>
					
					
						<a href="https://syzkaller.appspot.com/x/log.txt?x=157aa29f980000">log</a>
					
					
					
				</td>
			</tr>
		
			<tr>
				
				<td class="time">2024/08/16 04:35</td>
				<td class="time" title="started: 2024/08/16 04:35&#013;finished: 2024/08/16 06:39">
					2h03m
				</td>
				<td>
					
						bisect fix
					
				</td>
				<td></td>
				<td class="kernel" title="upstream"><a href="https://git.kernel.org/pub/scm/linux/kernel/git/torvalds/linux.git/commit/?id=2dde18cd1d8fac735875f2e4987f11817cc0bc2c">upstream</a></td>
				
				<td class="result">
					
						OK
						
							(0)
						
					
					
						<a href="https://syzkaller.appspot.com/x/bisect.txt?x=14b6b191980000">job log</a>
					
					
						<a href="https://syzkaller.appspot.com/x/log.txt?x=12b6b191980000">log</a>
					
					
					
				</td>
			</tr>
		
			<tr>
				
				<td class="time">2024/01/01 14:07</td>
				<td class="time" title="started: 2024/01/01 14:07&#013;finished: 2024/01/01 16:17">
					2h10m
				</td>
				<td>
					
						bisect fix
					
				</td>
				<td></td>
				<td class="kernel" title="upstream"><a href="https://git.kernel.org/pub/scm/linux/kernel/git/torvalds/linux.git/commit/?id=2dde18cd1d8fac735875f2e4987f11817cc0bc2c">upstream</a></td>
				
				<td class="result">
					
						OK
						
							(0)
						
					
					
						<a href="https://syzkaller.appspot.com/x/bisect.txt?x=1371d8f6e80000">job log</a>
					
					
						<a href="https://syzkaller.appspot.com/x/log.txt?x=1771d8f6e80000">log</a>
					
					
					
				</td>
			</tr>
		
			<tr>
				
				<td class="time">2023/12/02 12:03</td>
				<td class="time" title="started: 2023/12/02 12:03&#013;finished: 2023/12/02 14:05">
					2h01m
				</td>
				<td>
					
						bisect fix
					
				</td>
				<td></td>
				<td class="kernel" title="upstream"><a href="https://git.kernel.org/pub/scm/linux/kernel/git/torvalds/linux.git/commit/?id=2dde18cd1d8fac735875f2e4987f11817cc0bc2c">upstream</a></td>
				
				<td class="result">
					
						OK
						
							(0)
						
					
					
						<a href="https://syzkaller.appspot.com/x/bisect.txt?x=17489a54e80000">job log</a>
					
					
						<a href="https://syzkaller.appspot.com/x/log.txt?x=10c89a54e80000">log</a>
					
					
					
				</td>
			</tr>
		
		</tbody>
	</table>


			
			
			
		</div>
	</div>
	

	
	<br><b>Sample crash report:</b><br>
	<div id="crash_div"><pre>Total swap = 124996kB
2097051 pages RAM
0 pages HighMem/MovableOnly
393402 pages reserved
0 pages cma reserved
rcu: INFO: rcu_preempt detected stalls on CPUs/tasks:
rcu: 	Tasks blocked on level-0 rcu_node (CPUs 0-1):
 P1021/1:b..l

rcu: 	(detected by 1, t=10559 jiffies, g=10501, q=842 ncpus=2)
task:kworker/u4:5    state:R
  running task     stack:25728 pid:1021  ppid:2      flags:0x00004000
Workqueue: bat_events batadv_nc_worker

Call Trace:
 &lt;TASK&gt;
 context_switch <a href='https://git.kernel.org/pub/scm/linux/kernel/git/torvalds/linux.git/tree/kernel/sched/core.c?id=2dde18cd1d8fac735875f2e4987f11817cc0bc2c#n5381'>kernel/sched/core.c:5381</a> [inline]
 __schedule+0xee1/0x59f0 <a href='https://git.kernel.org/pub/scm/linux/kernel/git/torvalds/linux.git/tree/kernel/sched/core.c?id=2dde18cd1d8fac735875f2e4987f11817cc0bc2c#n6710'>kernel/sched/core.c:6710</a>
 preempt_schedule_notrace+0x5f/0xe0 <a href='https://git.kernel.org/pub/scm/linux/kernel/git/torvalds/linux.git/tree/kernel/sched/core.c?id=2dde18cd1d8fac735875f2e4987f11817cc0bc2c#n6972'>kernel/sched/core.c:6972</a>
 preempt_schedule_notrace_thunk+0x1a/0x30 <a href='https://git.kernel.org/pub/scm/linux/kernel/git/torvalds/linux.git/tree/arch/x86/entry/thunk_64.S?id=2dde18cd1d8fac735875f2e4987f11817cc0bc2c#n46'>arch/x86/entry/thunk_64.S:46</a>
 rcu_is_watching+0x86/0xb0 <a href='https://git.kernel.org/pub/scm/linux/kernel/git/torvalds/linux.git/tree/kernel/rcu/tree.c?id=2dde18cd1d8fac735875f2e4987f11817cc0bc2c#n696'>kernel/rcu/tree.c:696</a>
 trace_lock_acquire <a href='https://git.kernel.org/pub/scm/linux/kernel/git/torvalds/linux.git/tree/include/trace/events/lock.h?id=2dde18cd1d8fac735875f2e4987f11817cc0bc2c#n24'>include/trace/events/lock.h:24</a> [inline]
 lock_acquire+0x464/0x510 <a href='https://git.kernel.org/pub/scm/linux/kernel/git/torvalds/linux.git/tree/kernel/locking/lockdep.c?id=2dde18cd1d8fac735875f2e4987f11817cc0bc2c#n5732'>kernel/locking/lockdep.c:5732</a>
 rcu_lock_acquire <a href='https://git.kernel.org/pub/scm/linux/kernel/git/torvalds/linux.git/tree/include/linux/rcupdate.h?id=2dde18cd1d8fac735875f2e4987f11817cc0bc2c#n303'>include/linux/rcupdate.h:303</a> [inline]
 rcu_read_lock <a href='https://git.kernel.org/pub/scm/linux/kernel/git/torvalds/linux.git/tree/include/linux/rcupdate.h?id=2dde18cd1d8fac735875f2e4987f11817cc0bc2c#n749'>include/linux/rcupdate.h:749</a> [inline]
 batadv_nc_purge_orig_hash <a href='https://git.kernel.org/pub/scm/linux/kernel/git/torvalds/linux.git/tree/net/batman-adv/network-coding.c?id=2dde18cd1d8fac735875f2e4987f11817cc0bc2c#n408'>net/batman-adv/network-coding.c:408</a> [inline]
 batadv_nc_worker+0x175/0x10f0 <a href='https://git.kernel.org/pub/scm/linux/kernel/git/torvalds/linux.git/tree/net/batman-adv/network-coding.c?id=2dde18cd1d8fac735875f2e4987f11817cc0bc2c#n719'>net/batman-adv/network-coding.c:719</a>
 process_one_work+0xaa2/0x16f0 <a href='https://git.kernel.org/pub/scm/linux/kernel/git/torvalds/linux.git/tree/kernel/workqueue.c?id=2dde18cd1d8fac735875f2e4987f11817cc0bc2c#n2600'>kernel/workqueue.c:2600</a>
 worker_thread+0x687/0x1110 <a href='https://git.kernel.org/pub/scm/linux/kernel/git/torvalds/linux.git/tree/kernel/workqueue.c?id=2dde18cd1d8fac735875f2e4987f11817cc0bc2c#n2751'>kernel/workqueue.c:2751</a>
 kthread+0x33a/0x430 <a href='https://git.kernel.org/pub/scm/linux/kernel/git/torvalds/linux.git/tree/kernel/kthread.c?id=2dde18cd1d8fac735875f2e4987f11817cc0bc2c#n389'>kernel/kthread.c:389</a>
 ret_from_fork+0x2c/0x70 <a href='https://git.kernel.org/pub/scm/linux/kernel/git/torvalds/linux.git/tree/arch/x86/kernel/process.c?id=2dde18cd1d8fac735875f2e4987f11817cc0bc2c#n145'>arch/x86/kernel/process.c:145</a>
 ret_from_fork_asm+0x11/0x20 <a href='https://git.kernel.org/pub/scm/linux/kernel/git/torvalds/linux.git/tree/arch/x86/entry/entry_64.S?id=2dde18cd1d8fac735875f2e4987f11817cc0bc2c#n304'>arch/x86/entry/entry_64.S:304</a>
 &lt;/TASK&gt;
rcu: rcu_preempt kthread starved for 10557 jiffies! g10501 f0x0 RCU_GP_WAIT_FQS(5) -&gt;state=0x0 -&gt;cpu=1
rcu: 	Unless rcu_preempt kthread gets sufficient CPU time, OOM is now expected behavior.
rcu: RCU grace-period kthread stack dump:
task:rcu_preempt     state:R
  running task     stack:28320 pid:16    ppid:2      flags:0x00004000
Call Trace:
 &lt;TASK&gt;
 context_switch <a href='https://git.kernel.org/pub/scm/linux/kernel/git/torvalds/linux.git/tree/kernel/sched/core.c?id=2dde18cd1d8fac735875f2e4987f11817cc0bc2c#n5381'>kernel/sched/core.c:5381</a> [inline]
 __schedule+0xee1/0x59f0 <a href='https://git.kernel.org/pub/scm/linux/kernel/git/torvalds/linux.git/tree/kernel/sched/core.c?id=2dde18cd1d8fac735875f2e4987f11817cc0bc2c#n6710'>kernel/sched/core.c:6710</a>
 schedule+0xe7/0x1b0 <a href='https://git.kernel.org/pub/scm/linux/kernel/git/torvalds/linux.git/tree/kernel/sched/core.c?id=2dde18cd1d8fac735875f2e4987f11817cc0bc2c#n6786'>kernel/sched/core.c:6786</a>
 schedule_timeout+0x157/0x2c0 <a href='https://git.kernel.org/pub/scm/linux/kernel/git/torvalds/linux.git/tree/kernel/time/timer.c?id=2dde18cd1d8fac735875f2e4987f11817cc0bc2c#n2167'>kernel/time/timer.c:2167</a>
 rcu_gp_fqs_loop+0x1ec/0xa50 <a href='https://git.kernel.org/pub/scm/linux/kernel/git/torvalds/linux.git/tree/kernel/rcu/tree.c?id=2dde18cd1d8fac735875f2e4987f11817cc0bc2c#n1609'>kernel/rcu/tree.c:1609</a>
 rcu_gp_kthread+0x249/0x380 <a href='https://git.kernel.org/pub/scm/linux/kernel/git/torvalds/linux.git/tree/kernel/rcu/tree.c?id=2dde18cd1d8fac735875f2e4987f11817cc0bc2c#n1808'>kernel/rcu/tree.c:1808</a>
 kthread+0x33a/0x430 <a href='https://git.kernel.org/pub/scm/linux/kernel/git/torvalds/linux.git/tree/kernel/kthread.c?id=2dde18cd1d8fac735875f2e4987f11817cc0bc2c#n389'>kernel/kthread.c:389</a>
 ret_from_fork+0x2c/0x70 <a href='https://git.kernel.org/pub/scm/linux/kernel/git/torvalds/linux.git/tree/arch/x86/kernel/process.c?id=2dde18cd1d8fac735875f2e4987f11817cc0bc2c#n145'>arch/x86/kernel/process.c:145</a>
 ret_from_fork_asm+0x11/0x20 <a href='https://git.kernel.org/pub/scm/linux/kernel/git/torvalds/linux.git/tree/arch/x86/entry/entry_64.S?id=2dde18cd1d8fac735875f2e4987f11817cc0bc2c#n304'>arch/x86/entry/entry_64.S:304</a>
 &lt;/TASK&gt;
rcu: Stack dump where RCU GP kthread last ran:
CPU: 1 PID: 5066 Comm: syz-executor.0 Not tainted 6.5.0-syzkaller #0
Hardware name: Google Google Compute Engine/Google Compute Engine, BIOS Google 07/26/2023
RIP: 0010:__raw_spin_unlock_irqrestore <a href='https://git.kernel.org/pub/scm/linux/kernel/git/torvalds/linux.git/tree/include/linux/spinlock_api_smp.h?id=2dde18cd1d8fac735875f2e4987f11817cc0bc2c#n152'>include/linux/spinlock_api_smp.h:152</a> [inline]
RIP: 0010:_raw_spin_unlock_irqrestore+0x31/0x70 <a href='https://git.kernel.org/pub/scm/linux/kernel/git/torvalds/linux.git/tree/kernel/locking/spinlock.c?id=2dde18cd1d8fac735875f2e4987f11817cc0bc2c#n194'>kernel/locking/spinlock.c:194</a>
Code: f5 53 48 8b 74 24 10 48 89 fb 48 83 c7 18 e8 96 ea 30 f7 48 89 df e8 6e 69 31 f7 f7 c5 00 02 00 00 75 1f 9c 58 f6 c4 02 75 2f &lt;bf&gt; 01 00 00 00 e8 15 0c 23 f7 65 8b 05 e6 99 cd 75 85 c0 74 12 5b
RSP: 0018:ffffc900001e0c90 EFLAGS: 00000246

RAX: 0000000000000012 RBX: ffff888064ee4218 RCX: 1ffffffff231714a
RDX: 0000000000000000 RSI: ffffffff8a6c8080 RDI: ffffffff8ac813c0
RBP: 0000000000000246 R08: 0000000000000001 R09: fffffbfff2309ff0
R10: ffffffff9184ff87 R11: ffffffffffff7010 R12: ffff888064ee4110
R13: 1ffff9200003c196 R14: ffffffff86a85b20 R15: 0000000000000001
FS:  000055555635b480(0000) GS:ffff8880b9900000(0000) knlGS:0000000000000000
CS:  0010 DS: 0000 ES: 0000 CR0: 0000000080050033
CR2: 00007f994d17a1f8 CR3: 000000002140f000 CR4: 00000000003506e0
DR0: 0000000000000000 DR1: 0000000000000000 DR2: 0000000000000000
DR3: 0000000000000000 DR6: 00000000fffe0ff0 DR7: 0000000000000400
Call Trace:
 &lt;IRQ&gt;
 call_timer_fn+0x1a0/0x580 <a href='https://git.kernel.org/pub/scm/linux/kernel/git/torvalds/linux.git/tree/kernel/time/timer.c?id=2dde18cd1d8fac735875f2e4987f11817cc0bc2c#n1700'>kernel/time/timer.c:1700</a>
 expire_timers <a href='https://git.kernel.org/pub/scm/linux/kernel/git/torvalds/linux.git/tree/kernel/time/timer.c?id=2dde18cd1d8fac735875f2e4987f11817cc0bc2c#n1751'>kernel/time/timer.c:1751</a> [inline]
 __run_timers+0x764/0xb10 <a href='https://git.kernel.org/pub/scm/linux/kernel/git/torvalds/linux.git/tree/kernel/time/timer.c?id=2dde18cd1d8fac735875f2e4987f11817cc0bc2c#n2022'>kernel/time/timer.c:2022</a>
 run_timer_softirq+0x58/0xd0 <a href='https://git.kernel.org/pub/scm/linux/kernel/git/torvalds/linux.git/tree/kernel/time/timer.c?id=2dde18cd1d8fac735875f2e4987f11817cc0bc2c#n2035'>kernel/time/timer.c:2035</a>
 __do_softirq+0x218/0x965 <a href='https://git.kernel.org/pub/scm/linux/kernel/git/torvalds/linux.git/tree/kernel/softirq.c?id=2dde18cd1d8fac735875f2e4987f11817cc0bc2c#n553'>kernel/softirq.c:553</a>
 invoke_softirq <a href='https://git.kernel.org/pub/scm/linux/kernel/git/torvalds/linux.git/tree/kernel/softirq.c?id=2dde18cd1d8fac735875f2e4987f11817cc0bc2c#n427'>kernel/softirq.c:427</a> [inline]
 __irq_exit_rcu <a href='https://git.kernel.org/pub/scm/linux/kernel/git/torvalds/linux.git/tree/kernel/softirq.c?id=2dde18cd1d8fac735875f2e4987f11817cc0bc2c#n632'>kernel/softirq.c:632</a> [inline]
 irq_exit_rcu+0xb7/0x120 <a href='https://git.kernel.org/pub/scm/linux/kernel/git/torvalds/linux.git/tree/kernel/softirq.c?id=2dde18cd1d8fac735875f2e4987f11817cc0bc2c#n644'>kernel/softirq.c:644</a>
 sysvec_apic_timer_interrupt+0x93/0xc0 <a href='https://git.kernel.org/pub/scm/linux/kernel/git/torvalds/linux.git/tree/arch/x86/kernel/apic/apic.c?id=2dde18cd1d8fac735875f2e4987f11817cc0bc2c#n1109'>arch/x86/kernel/apic/apic.c:1109</a>
 &lt;/IRQ&gt;
 &lt;TASK&gt;
 asm_sysvec_apic_timer_interrupt+0x1a/0x20 <a href='https://git.kernel.org/pub/scm/linux/kernel/git/torvalds/linux.git/tree/arch/x86/include/asm/idtentry.h?id=2dde18cd1d8fac735875f2e4987f11817cc0bc2c#n645'>arch/x86/include/asm/idtentry.h:645</a>
RIP: 0010:write_comp_data+0x3c/0x90 <a href='https://git.kernel.org/pub/scm/linux/kernel/git/torvalds/linux.git/tree/kernel/kcov.c?id=2dde18cd1d8fac735875f2e4987f11817cc0bc2c#n236'>kernel/kcov.c:236</a>
Code: 01 00 00 49 89 f8 65 48 8b 14 25 80 b9 03 00 a9 00 01 ff 00 74 0e 85 f6 74 59 8b 82 04 16 00 00 85 c0 74 4f 8b 82 e0 15 00 00 &lt;83&gt; f8 03 75 44 48 8b 82 e8 15 00 00 8b 92 e4 15 00 00 48 8b 38 48
RSP: 0018:ffffc90003e0f718 EFLAGS: 00000246

RAX: 0000000000000000 RBX: 0000000000000001 RCX: ffffffff8193ed61
RDX: ffff888019b3bb80 RSI: 0000000000000000 RDI: 0000000000000001
RBP: 00007f994d07e800 R08: 0000000000000001 R09: 0000000000000000
R10: 0000000000000001 R11: 0000000000000000 R12: ffffffff8173dd50
R13: ffffc90003e0f838 R14: 0000000000000000 R15: ffff888019b3bb80
 rcu_read_unlock <a href='https://git.kernel.org/pub/scm/linux/kernel/git/torvalds/linux.git/tree/include/linux/rcupdate.h?id=2dde18cd1d8fac735875f2e4987f11817cc0bc2c#n778'>include/linux/rcupdate.h:778</a> [inline]
 is_bpf_text_address+0x131/0x1a0 <a href='https://git.kernel.org/pub/scm/linux/kernel/git/torvalds/linux.git/tree/kernel/bpf/core.c?id=2dde18cd1d8fac735875f2e4987f11817cc0bc2c#n721'>kernel/bpf/core.c:721</a>
 kernel_text_address <a href='https://git.kernel.org/pub/scm/linux/kernel/git/torvalds/linux.git/tree/kernel/extable.c?id=2dde18cd1d8fac735875f2e4987f11817cc0bc2c#n125'>kernel/extable.c:125</a> [inline]
 kernel_text_address+0x85/0xf0 <a href='https://git.kernel.org/pub/scm/linux/kernel/git/torvalds/linux.git/tree/kernel/extable.c?id=2dde18cd1d8fac735875f2e4987f11817cc0bc2c#n94'>kernel/extable.c:94</a>
 __kernel_text_address+0xd/0x30 <a href='https://git.kernel.org/pub/scm/linux/kernel/git/torvalds/linux.git/tree/kernel/extable.c?id=2dde18cd1d8fac735875f2e4987f11817cc0bc2c#n79'>kernel/extable.c:79</a>
 unwind_get_return_address+0x55/0xa0 <a href='https://git.kernel.org/pub/scm/linux/kernel/git/torvalds/linux.git/tree/arch/x86/kernel/unwind_orc.c?id=2dde18cd1d8fac735875f2e4987f11817cc0bc2c#n369'>arch/x86/kernel/unwind_orc.c:369</a>
 arch_stack_walk+0x9d/0xf0 <a href='https://git.kernel.org/pub/scm/linux/kernel/git/torvalds/linux.git/tree/arch/x86/kernel/stacktrace.c?id=2dde18cd1d8fac735875f2e4987f11817cc0bc2c#n26'>arch/x86/kernel/stacktrace.c:26</a>
 stack_trace_save+0x96/0xd0 <a href='https://git.kernel.org/pub/scm/linux/kernel/git/torvalds/linux.git/tree/kernel/stacktrace.c?id=2dde18cd1d8fac735875f2e4987f11817cc0bc2c#n122'>kernel/stacktrace.c:122</a>
 kasan_save_stack+0x33/0x50 <a href='https://git.kernel.org/pub/scm/linux/kernel/git/torvalds/linux.git/tree/mm/kasan/common.c?id=2dde18cd1d8fac735875f2e4987f11817cc0bc2c#n45'>mm/kasan/common.c:45</a>
 kasan_set_track+0x25/0x30 <a href='https://git.kernel.org/pub/scm/linux/kernel/git/torvalds/linux.git/tree/mm/kasan/common.c?id=2dde18cd1d8fac735875f2e4987f11817cc0bc2c#n52'>mm/kasan/common.c:52</a>
 ____kasan_kmalloc <a href='https://git.kernel.org/pub/scm/linux/kernel/git/torvalds/linux.git/tree/mm/kasan/common.c?id=2dde18cd1d8fac735875f2e4987f11817cc0bc2c#n374'>mm/kasan/common.c:374</a> [inline]
 __kasan_kmalloc+0xa2/0xb0 <a href='https://git.kernel.org/pub/scm/linux/kernel/git/torvalds/linux.git/tree/mm/kasan/common.c?id=2dde18cd1d8fac735875f2e4987f11817cc0bc2c#n383'>mm/kasan/common.c:383</a>
 kasan_kmalloc <a href='https://git.kernel.org/pub/scm/linux/kernel/git/torvalds/linux.git/tree/include/linux/kasan.h?id=2dde18cd1d8fac735875f2e4987f11817cc0bc2c#n196'>include/linux/kasan.h:196</a> [inline]
 __do_kmalloc_node <a href='https://git.kernel.org/pub/scm/linux/kernel/git/torvalds/linux.git/tree/mm/slab_common.c?id=2dde18cd1d8fac735875f2e4987f11817cc0bc2c#n985'>mm/slab_common.c:985</a> [inline]
 __kmalloc_node+0x60/0x100 <a href='https://git.kernel.org/pub/scm/linux/kernel/git/torvalds/linux.git/tree/mm/slab_common.c?id=2dde18cd1d8fac735875f2e4987f11817cc0bc2c#n992'>mm/slab_common.c:992</a>
 kmalloc_node <a href='https://git.kernel.org/pub/scm/linux/kernel/git/torvalds/linux.git/tree/include/linux/slab.h?id=2dde18cd1d8fac735875f2e4987f11817cc0bc2c#n602'>include/linux/slab.h:602</a> [inline]
 kvmalloc_node+0x99/0x1a0 <a href='https://git.kernel.org/pub/scm/linux/kernel/git/torvalds/linux.git/tree/mm/util.c?id=2dde18cd1d8fac735875f2e4987f11817cc0bc2c#n604'>mm/util.c:604</a>
 kvmalloc <a href='https://git.kernel.org/pub/scm/linux/kernel/git/torvalds/linux.git/tree/include/linux/slab.h?id=2dde18cd1d8fac735875f2e4987f11817cc0bc2c#n720'>include/linux/slab.h:720</a> [inline]
 xt_alloc_table_info+0x3e/0xa0 <a href='https://git.kernel.org/pub/scm/linux/kernel/git/torvalds/linux.git/tree/net/netfilter/x_tables.c?id=2dde18cd1d8fac735875f2e4987f11817cc0bc2c#n1192'>net/netfilter/x_tables.c:1192</a>
 do_replace <a href='https://git.kernel.org/pub/scm/linux/kernel/git/torvalds/linux.git/tree/net/ipv6/netfilter/ip6_tables.c?id=2dde18cd1d8fac735875f2e4987f11817cc0bc2c#n1139'>net/ipv6/netfilter/ip6_tables.c:1139</a> [inline]
 do_ip6t_set_ctl+0x53c/0xbd0 <a href='https://git.kernel.org/pub/scm/linux/kernel/git/torvalds/linux.git/tree/net/ipv6/netfilter/ip6_tables.c?id=2dde18cd1d8fac735875f2e4987f11817cc0bc2c#n1636'>net/ipv6/netfilter/ip6_tables.c:1636</a>
 nf_setsockopt+0x87/0xe0 <a href='https://git.kernel.org/pub/scm/linux/kernel/git/torvalds/linux.git/tree/net/netfilter/nf_sockopt.c?id=2dde18cd1d8fac735875f2e4987f11817cc0bc2c#n101'>net/netfilter/nf_sockopt.c:101</a>
 ipv6_setsockopt+0x12b/0x190 <a href='https://git.kernel.org/pub/scm/linux/kernel/git/torvalds/linux.git/tree/net/ipv6/ipv6_sockglue.c?id=2dde18cd1d8fac735875f2e4987f11817cc0bc2c#n1017'>net/ipv6/ipv6_sockglue.c:1017</a>
 tcp_setsockopt+0x9d/0x100 <a href='https://git.kernel.org/pub/scm/linux/kernel/git/torvalds/linux.git/tree/net/ipv4/tcp.c?id=2dde18cd1d8fac735875f2e4987f11817cc0bc2c#n3697'>net/ipv4/tcp.c:3697</a>
 __sys_setsockopt+0x2ca/0x5b0 <a href='https://git.kernel.org/pub/scm/linux/kernel/git/torvalds/linux.git/tree/net/socket.c?id=2dde18cd1d8fac735875f2e4987f11817cc0bc2c#n2263'>net/socket.c:2263</a>
 __do_sys_setsockopt <a href='https://git.kernel.org/pub/scm/linux/kernel/git/torvalds/linux.git/tree/net/socket.c?id=2dde18cd1d8fac735875f2e4987f11817cc0bc2c#n2274'>net/socket.c:2274</a> [inline]
 __se_sys_setsockopt <a href='https://git.kernel.org/pub/scm/linux/kernel/git/torvalds/linux.git/tree/net/socket.c?id=2dde18cd1d8fac735875f2e4987f11817cc0bc2c#n2271'>net/socket.c:2271</a> [inline]
 __x64_sys_setsockopt+0xbd/0x150 <a href='https://git.kernel.org/pub/scm/linux/kernel/git/torvalds/linux.git/tree/net/socket.c?id=2dde18cd1d8fac735875f2e4987f11817cc0bc2c#n2271'>net/socket.c:2271</a>
 do_syscall_x64 <a href='https://git.kernel.org/pub/scm/linux/kernel/git/torvalds/linux.git/tree/arch/x86/entry/common.c?id=2dde18cd1d8fac735875f2e4987f11817cc0bc2c#n50'>arch/x86/entry/common.c:50</a> [inline]
 do_syscall_64+0x38/0xb0 <a href='https://git.kernel.org/pub/scm/linux/kernel/git/torvalds/linux.git/tree/arch/x86/entry/common.c?id=2dde18cd1d8fac735875f2e4987f11817cc0bc2c#n80'>arch/x86/entry/common.c:80</a>
 entry_SYSCALL_64_after_hwframe+0x63/0xcd
RIP: 0033:0x7f994d07e83a
Code: ff ff ff c3 0f 1f 40 00 48 c7 c2 b0 ff ff ff f7 d8 64 89 02 48 c7 c0 ff ff ff ff eb b7 0f 1f 00 49 89 ca b8 36 00 00 00 0f 05 &lt;48&gt; 3d 00 f0 ff ff 77 06 c3 0f 1f 44 00 00 48 c7 c2 b0 ff ff ff f7
RSP: 002b:00007fff051377c8 EFLAGS: 00000202
 ORIG_RAX: 0000000000000036
RAX: ffffffffffffffda RBX: 00007fff05137850 RCX: 00007f994d07e83a
RDX: 0000000000000040 RSI: 0000000000000029 RDI: 0000000000000003
RBP: 0000000000000003 R08: 00000000000003b8 R09: 0079746972756365
R10: 00007f994d176ba0 R11: 0000000000000202 R12: 00007f994d176b40
R13: 00007fff051377ec R14: 0000000000000000 R15: 00007f994d178d00
 &lt;/TASK&gt;
Mem-Info:
active_anon:10231 inactive_anon:489 isolated_anon:0
 active_file:0 inactive_file:44779 isolated_file:0
 unevictable:768 dirty:39 writeback:0
 slab_reclaimable:20277 slab_unreclaimable:98025
 mapped:7048 shmem:1257 pagetables:544
 sec_pagetables:0 bounce:0
 kernel_misc_reclaimable:0
 free:1429090 free_pcp:8870 free_cma:0
Node 0 active_anon:40924kB inactive_anon:1956kB active_file:0kB inactive_file:179036kB unevictable:1536kB isolated(anon):0kB isolated(file):0kB mapped:28192kB dirty:144kB writeback:0kB shmem:3492kB shmem_thp: 0kB shmem_pmdmapped: 0kB anon_thp: 0kB writeback_tmp:0kB kernel_stack:10548kB pagetables:2176kB sec_pagetables:0kB all_unreclaimable? no
Node 1 active_anon:0kB inactive_anon:0kB active_file:0kB inactive_file:80kB unevictable:1536kB isolated(anon):0kB isolated(file):0kB mapped:0kB dirty:12kB writeback:0kB shmem:1536kB shmem_thp: 0kB shmem_pmdmapped: 0kB anon_thp: 0kB writeback_tmp:0kB kernel_stack:16kB pagetables:0kB sec_pagetables:0kB all_unreclaimable? no
Node 0 DMA free:15360kB boost:0kB min:200kB low:248kB high:296kB reserved_highatomic:0KB active_anon:0kB inactive_anon:0kB active_file:0kB inactive_file:0kB unevictable:0kB writepending:0kB present:15992kB managed:15360kB mlocked:0kB bounce:0kB free_pcp:0kB local_pcp:0kB free_cma:0kB
lowmem_reserve[]: 0 2613 2614 2614 2614
Node 0 DMA32 free:1771508kB boost:0kB min:35408kB low:44260kB high:53112kB reserved_highatomic:0KB active_anon:40880kB inactive_anon:1952kB active_file:0kB inactive_file:177980kB unevictable:1536kB writepending:140kB present:3129332kB managed:2680488kB mlocked:0kB bounce:0kB free_pcp:20144kB local_pcp:7960kB free_cma:0kB
lowmem_reserve[]: 0 0 1 1 1
Node 0 Normal free:12kB boost:0kB min:12kB low:12kB high:12kB reserved_highatomic:0KB active_anon:44kB inactive_anon:4kB active_file:0kB inactive_file:1056kB unevictable:0kB writepending:4kB present:1048576kB managed:1128kB mlocked:0kB bounce:0kB free_pcp:12kB local_pcp:0kB free_cma:0kB
lowmem_reserve[]: 0 0 0 0 0
Node 1 Normal free:3929480kB boost:0kB min:54480kB low:68100kB high:81720kB reserved_highatomic:0KB active_anon:0kB inactive_anon:0kB active_file:0kB inactive_file:80kB unevictable:1536kB writepending:12kB present:4194304kB managed:4117620kB mlocked:0kB bounce:0kB free_pcp:15324kB local_pcp:6944kB free_cma:0kB
lowmem_reserve[]: 0 0 0 0 0
Node 0 DMA: 0*4kB 0*8kB 0*16kB 0*32kB 0*64kB 0*128kB 0*256kB 0*512kB 1*1024kB (U) 1*2048kB (M) 3*4096kB (M) = 15360kB
Node 0 DMA32: 143*4kB (UE) 1403*8kB (UE) 740*16kB (UME) 1*32kB (U) 2*64kB (ME) 2*128kB (UM) 2*256kB (UE) 2*512kB (ME) 3*1024kB (UME) 1*2048kB (M) 425*4096kB (M) = 1771508kB
Node 0 Normal: 1*4kB (M) 1*8kB (M) 0*16kB 0*32kB 0*64kB 0*128kB 0*256kB 0*512kB 0*1024kB 0*2048kB 0*4096kB = 12kB
Node 1 Normal: 64*4kB (UME) 23*8kB (UME) 19*16kB (UE) 29*32kB (UME) 10*64kB (UME) 1*128kB (U) 2*256kB (UE) 1*512kB (E) 2*1024kB (ME) 2*2048kB (UE) 957*4096kB (M) = 3929480kB
Node 0 hugepages_total=0 hugepages_free=0 hugepages_surp=0 hugepages_size=1048576kB
Node 0 hugepages_total=2 hugepages_free=2 hugepages_surp=0 hugepages_size=2048kB
Node 1 hugepages_total=0 hugepages_free=0 hugepages_surp=0 hugepages_size=1048576kB
Node 1 hugepages_total=2 hugepages_free=2 hugepages_surp=0 hugepages_size=2048kB
46036 total pagecache pages
0 pages in swap cache
Free swap  = 124996kB
Total swap = 124996kB
2097051 pages RAM
0 pages HighMem/MovableOnly
393402 pages reserved
0 pages cma reserved
Mem-Info:
active_anon:10231 inactive_anon:489 isolated_anon:0
 active_file:0 inactive_file:44779 isolated_file:0
 unevictable:768 dirty:39 writeback:0
 slab_reclaimable:20277 slab_unreclaimable:98025
 mapped:7048 shmem:1257 pagetables:544
 sec_pagetables:0 bounce:0
 kernel_misc_reclaimable:0
 free:1429090 free_pcp:8863 free_cma:0
Node 0 active_anon:40924kB inactive_anon:1956kB active_file:0kB inactive_file:179036kB unevictable:1536kB isolated(anon):0kB isolated(file):0kB mapped:28192kB dirty:144kB writeback:0kB shmem:3492kB shmem_thp: 0kB shmem_pmdmapped: 0kB anon_thp: 0kB writeback_tmp:0kB kernel_stack:10548kB pagetables:2176kB sec_pagetables:0kB all_unreclaimable? no
Node 1 active_anon:0kB inactive_anon:0kB active_file:0kB inactive_file:80kB unevictable:1536kB isolated(anon):0kB isolated(file):0kB mapped:0kB dirty:12kB writeback:0kB shmem:1536kB shmem_thp: 0kB shmem_pmdmapped: 0kB anon_thp: 0kB writeback_tmp:0kB kernel_stack:16kB pagetables:0kB sec_pagetables:0kB all_unreclaimable? no
Node 0 DMA free:15360kB boost:0kB min:200kB low:248kB high:296kB reserved_highatomic:0KB active_anon:0kB inactive_anon:0kB active_file:0kB inactive_file:0kB unevictable:0kB writepending:0kB present:15992kB managed:15360kB mlocked:0kB bounce:0kB free_pcp:0kB local_pcp:0kB free_cma:0kB
lowmem_reserve[]: 0 2613 2614 2614 2614
Node 0 DMA32 free:1771508kB boost:0kB min:35408kB low:44260kB high:53112kB reserved_highatomic:0KB active_anon:40880kB inactive_anon:1952kB active_file:0kB inactive_file:177980kB unevictable:1536kB writepending:140kB present:3129332kB managed:2680488kB mlocked:0kB bounce:0kB free_pcp:20092kB local_pcp:7960kB free_cma:0kB
lowmem_reserve[]: 0 0 1 1 1
Node 0 Normal free:12kB boost:0kB min:12kB low:12kB high:12kB reserved_highatomic:0KB active_anon:44kB inactive_anon:4kB active_file:0kB inactive_file:1056kB unevictable:0kB writepending:4kB present:1048576kB managed:1128kB mlocked:0kB bounce:0kB free_pcp:12kB local_pcp:0kB free_cma:0kB
lowmem_reserve[]: 0 0 0 0 0
Node 1 Normal free:3929480kB boost:0kB min:54480kB low:68100kB high:81720kB reserved_highatomic:0KB active_anon:0kB inactive_anon:0kB active_file:0kB inactive_file:80kB unevictable:1536kB writepending:12kB present:4194304kB managed:4117620kB mlocked:0kB bounce:0kB free_pcp:15324kB local_pcp:6944kB free_cma:0kB
lowmem_reserve[]: 0 0 0 0 0
Node 0 DMA: 0*4kB 0*8kB 0*16kB 0*32kB 0*64kB 0*128kB 0*256kB 0*512kB 1*1024kB (U) 1*2048kB (M) 3*4096kB (M) = 15360kB
Node 0 DMA32: 143*4kB (UE) 1403*8kB (UE) 740*16kB (UME) 1*32kB (U) 2*64kB (ME) 2*128kB (UM) 2*256kB (UE) 2*512kB (ME) 3*1024kB (UME) 1*2048kB (M) 425*4096kB (M) = 1771508kB
Node 0 Normal: 1*4kB (M) 1*8kB (M) 0*16kB 0*32kB 0*64kB 0*128kB 0*256kB 0*512kB 0*1024kB 0*2048kB 0*4096kB = 12kB
Node 1 Normal: 64*4kB (UME) 23*8kB (UME) 19*16kB (UE) 29*32kB (UME) 10*64kB (UME) 1*128kB (U) 2*256kB (UE) 1*512kB (E) 2*1024kB (ME) 2*2048kB (UE) 957*4096kB (M) = 3929480kB
Node 0 hugepages_total=0 hugepages_free=0 hugepages_surp=0 hugepages_size=1048576kB
Node 0 hugepages_total=2 hugepages_free=2 hugepages_surp=0 hugepages_size=2048kB
Node 1 hugepages_total=0 hugepages_free=0 hugepages_surp=0 hugepages_size=1048576kB
Node 1 hugepages_total=2 hugepages_free=2 hugepages_surp=0 hugepages_size=2048kB
46036 total pagecache pages
0 pages in swap cache
Free swap  = 124996kB
Total swap = 124996kB
2097051 pages RAM
0 pages HighMem/MovableOnly
393402 pages reserved
0 pages cma reserved
Mem-Info:
active_anon:10231 inactive_anon:489 isolated_anon:0
 active_file:0 inactive_file:44779 isolated_file:0
 unevictable:768 dirty:39 writeback:0
 slab_reclaimable:20277 slab_unreclaimable:98076
 mapped:7048 shmem:1257 pagetables:544
 sec_pagetables:0 bounce:0
 kernel_misc_reclaimable:0
 free:1429090 free_pcp:8846 free_cma:0
Node 0 active_anon:40924kB inactive_anon:1956kB active_file:0kB inactive_file:179036kB unevictable:1536kB isolated(anon):0kB isolated(file):0kB mapped:28192kB dirty:144kB writeback:0kB shmem:3492kB shmem_thp: 0kB shmem_pmdmapped: 0kB anon_thp: 0kB writeback_tmp:0kB kernel_stack:10548kB pagetables:2176kB sec_pagetables:0kB all_unreclaimable? no
Node 1 active_anon:0kB inactive_anon:0kB active_file:0kB inactive_file:80kB unevictable:1536kB isolated(anon):0kB isolated(file):0kB mapped:0kB dirty:12kB writeback:0kB shmem:1536kB shmem_thp: 0kB shmem_pmdmapped: 0kB anon_thp: 0kB writeback_tmp:0kB kernel_stack:16kB pagetables:0kB sec_pagetables:0kB all_unreclaimable? no
Node 0 DMA free:15360kB boost:0kB min:200kB low:248kB high:296kB reserved_highatomic:0KB active_anon:0kB inactive_anon:0kB active_file:0kB inactive_file:0kB unevictable:0kB writepending:0kB present:15992kB managed:15360kB mlocked:0kB bounce:0kB free_pcp:0kB local_pcp:0kB free_cma:0kB
lowmem_reserve[]: 0 2613 2614 2614 2614
Node 0 DMA32 free:1771508kB boost:0kB min:35408kB low:44260kB high:53112kB reserved_highatomic:0KB active_anon:40880kB inactive_anon:1952kB active_file:0kB inactive_file:177980kB unevictable:1536kB writepending:140kB present:3129332kB managed:2680488kB mlocked:0kB bounce:0kB free_pcp:20048kB local_pcp:7916kB free_cma:0kB
lowmem_reserve[]: 0 0 1 1 1
Node 0 Normal free:12kB boost:0kB min:12kB low:12kB high:12kB reserved_highatomic:0KB active_anon:44kB inactive_anon:4kB active_file:0kB inactive_file:1056kB unevictable:0kB writepending:4kB present:1048576kB managed:1128kB mlocked:0kB bounce:0kB free_pcp:12kB local_pcp:0kB free_cma:0kB
lowmem_reserve[]: 0 0 0 0 0
Node 1 Normal free:3929480kB boost:0kB min:54480kB low:68100kB high:81720kB reserved_highatomic:0KB active_anon:0kB inactive_anon:0kB active_file:0kB inactive_file:80kB unevictable:1536kB writepending:12kB present:4194304kB managed:4117620kB mlocked:0kB bounce:0kB free_pcp:15324kB local_pcp:6944kB free_cma:0kB
lowmem_reserve[]: 0 0 0 0 0
Node 0 DMA: 0*4kB 0*8kB 0*16kB 0*32kB 0*64kB 0*128kB 0*256kB 0*512kB 1*1024kB (U) 1*2048kB (M) 3*4096kB (M) = 15360kB
Node 0 DMA32: 143*4kB (UE) 1403*8kB (UE) 740*16kB (UME) 1*32kB (U) 2*64kB (ME) 2*128kB (UM) 2*256kB (UE) 2*512kB (ME) 3*1024kB (UME) 1*2048kB (M) 425*4096kB (M) = 1771508kB
Node 0 Normal: 1*4kB (M) 1*8kB (M) 0*16kB 0*32kB 0*64kB 0*128kB 0*256kB 0*512kB 0*1024kB 0*2048kB 0*4096kB = 12kB
Node 1 Normal: 64*4kB (UME) 23*8kB (UME) 19*16kB (UE) 29*32kB (UME) 10*64kB (UME) 1*128kB (U) 2*256kB (UE) 1*512kB (E) 2*1024kB (ME) 2*2048kB (UE) 957*4096kB (M) = 3929480kB
Node 0 hugepages_total=0 hugepages_free=0 hugepages_surp=0 hugepages_size=1048576kB
Node 0 hugepages_total=2 hugepages_free=2 hugepages_surp=0 hugepages_size=2048kB
Node 1 hugepages_total=0 hugepages_free=0 hugepages_surp=0 hugepages_size=1048576kB
Node 1 hugepages_total=2 hugepages_free=2 hugepages_surp=0 hugepages_size=2048kB
46036 total pagecache pages
0 pages in swap cache
Free swap  = 124996kB
Total swap = 124996kB
2097051 pages RAM
0 pages HighMem/MovableOnly
393402 pages reserved
0 pages cma reserved
Mem-Info:
active_anon:10231 inactive_anon:489 isolated_anon:0
 active_file:0 inactive_file:44779 isolated_file:0
 unevictable:768 dirty:39 writeback:0
 slab_reclaimable:20277 slab_unreclaimable:98076
 mapped:7048 shmem:1257 pagetables:544
 sec_pagetables:0 bounce:0
 kernel_misc_reclaimable:0
 free:1429090 free_pcp:8846 free_cma:0
Node 0 active_anon:40924kB inactive_anon:1956kB active_file:0kB inactive_file:179036kB unevictable:1536kB isolated(anon):0kB isolated(file):0kB mapped:28192kB dirty:144kB writeback:0kB shmem:3492kB shmem_thp: 0kB shmem_pmdmapped: 0kB anon_thp: 0kB writeback_tmp:0kB kernel_stack:10548kB pagetables:2176kB sec_pagetables:0kB all_unreclaimable? no
Node 1 active_anon:0kB inactive_anon:0kB active_file:0kB inactive_file:80kB unevictable:1536kB isolated(anon):0kB isolated(file):0kB mapped:0kB dirty:12kB writeback:0kB shmem:1536kB shmem_thp: 0kB shmem_pmdmapped: 0kB anon_thp: 0kB writeback_tmp:0kB kernel_stack:16kB pagetables:0kB sec_pagetables:0kB all_unreclaimable? no
Node 0 DMA free:15360kB boost:0kB min:200kB low:248kB high:296kB reserved_highatomic:0KB active_anon:0kB inactive_anon:0kB active_file:0kB inactive_file:0kB unevictable:0kB writepending:0kB present:15992kB managed:15360kB mlocked:0kB bounce:0kB free_pcp:0kB local_pcp:0kB free_cma:0kB
lowmem_reserve[]: 0 2613 2614 2614 2614
Node 0 DMA32 free:1771508kB boost:0kB min:35408kB low:44260kB high:53112kB reserved_highatomic:0KB active_anon:40880kB inactive_anon:1952kB active_file:0kB inactive_file:177980kB unevictable:1536kB writepending:140kB present:3129332kB managed:2680488kB mlocked:0kB bounce:0kB free_pcp:20048kB local_pcp:7916kB free_cma:0kB
lowmem_reserve[]: 0 0 1 1 1
Node 0 Normal free:12kB boost:0kB min:12kB low:12kB high:12kB reserved_highatomic:0KB active_anon:44kB inactive_anon:4kB active_file:0kB inactive_file:1056kB unevictable:0kB writepending:4kB present:1048576kB managed:1128kB mlocked:0kB bounce:0kB free_pcp:12kB local_pcp:0kB free_cma:0kB
lowmem_reserve[]: 0 0 0 0 0
Node 1 Normal free:3929480kB boost:0kB min:54480kB low:68100kB high:81720kB reserved_highatomic:0KB active_anon:0kB inactive_anon:0kB active_file:0kB inactive_file:80kB unevictable:1536kB writepending:12kB present:4194304kB managed:4117620kB mlocked:0kB bounce:0kB free_pcp:15324kB local_pcp:6944kB free_cma:0kB
lowmem_reserve[]: 0 0 0 0 0
Node 0 DMA: 0*4kB 0*8kB 0*16kB 0*32kB 0*64kB 0*128kB 0*256kB 0*512kB 1*1024kB (U) 1*2048kB (M) 3*4096kB (M) = 15360kB
Node 0 DMA32: 143*4kB (UE) 1403*8kB (UE) 740*16kB (UME) 1*32kB (U) 2*64kB (ME) 2*128kB (UM) 2*256kB (UE) 2*512kB (ME) 3*1024kB (UME) 1*2048kB (M) 425*4096kB (M) = 1771508kB
Node 0 Normal: 1*4kB (M) 1*8kB (M) 0*16kB 0*32kB 0*64kB 0*128kB 0*256kB 0*512kB 0*1024kB 0*2048kB 0*4096kB = 12kB
Node 1 Normal: 64*4kB (UME) 23*8kB (UME) 19*16kB (UE) 29*32kB (UME) 10*64kB (UME) 1*128kB (U) 2*256kB (UE) 1*512kB (E) 2*1024kB (ME) 2*2048kB (UE) 957*4096kB (M) = 3929480kB
Node 0 hugepages_total=0 hugepages_free=0 hugepages_surp=0 hugepages_size=1048576kB
Node 0 hugepages_total=2 hugepages_free=2 hugepages_surp=0 hugepages_size=2048kB
Node 1 hugepages_total=0 hugepages_free=0 hugepages_surp=0 hugepages_size=1048576kB
Node 1 hugepages_total=2 hugepages_free=2 hugepages_surp=0 hugepages_size=2048kB
46036 total pagecache pages
0 pages in swap cache
Free swap  = 124996kB
Total swap = 124996kB
2097051 pages RAM
0 pages HighMem/MovableOnly
393402 pages reserved
0 pages cma reserved
Mem-Info:
active_anon:10231 inactive_anon:489 isolated_anon:0
 active_file:0 inactive_file:44779 isolated_file:0
 unevictable:768 dirty:39 writeback:0
 slab_reclaimable:20277 slab_unreclaimable:98076
 mapped:7048 shmem:1257 pagetables:544
 sec_pagetables:0 bounce:0
 kernel_misc_reclaimable:0
 free:1429090 free_pcp:8846 free_cma:0
Node 0 active_anon:40924kB inactive_anon:1956kB active_file:0kB inactive_file:179036kB unevictable:1536kB isolated(anon):0kB isolated(file):0kB mapped:28192kB dirty:144kB writeback:0kB shmem:3492kB shmem_thp: 0kB shmem_pmdmapped: 0kB anon_thp: 0kB writeback_tmp:0kB kernel_stack:10548kB pagetables:2176kB sec_pagetables:0kB all_unreclaimable? no
Node 1 active_anon:0kB inactive_anon:0kB active_file:0kB inactive_file:80kB unevictable:1536kB isolated(anon):0kB isolated(file):0kB mapped:0kB dirty:12kB writeback:0kB shmem:1536kB shmem_thp: 0kB shmem_pmdmapped: 0kB anon_thp: 0kB writeback_tmp:0kB kernel_stack:16kB pagetables:0kB sec_pagetables:0kB all_unreclaimable? no
Node 0 DMA free:15360kB boost:0kB min:200kB low:248kB high:296kB reserved_highatomic:0KB active_anon:0kB inactive_anon:0kB active_file:0kB inactive_file:0kB unevictable:0kB writepending:0kB present:15992kB managed:15360kB mlocked:0kB bounce:0kB free_pcp:0kB local_pcp:0kB free_cma:0kB
lowmem_reserve[]: 0 2613 2614 2614 2614
Node 0 DMA32 free:1771508kB boost:0kB min:35408kB low:44260kB high:53112kB reserved_highatomic:0KB active_anon:40880kB inactive_anon:1952kB active_file:0kB inactive_file:177980kB unevictable:1536kB writepending:140kB present:3129332kB managed:2680488kB mlocked:0kB bounce:0kB free_pcp:20048kB local_pcp:7916kB free_cma:0kB
lowmem_reserve[]: 0 0 1 1 1
Node 0 Normal free:12kB boost:0kB min:12kB low:12kB high:12kB reserved_highatomic:0KB active_anon:44kB inactive_anon:4kB active_file:0kB inactive_file:1056kB unevictable:0kB writepending:4kB present:1048576kB managed:1128kB mlocked:0kB bounce:0kB free_pcp:12kB local_pcp:0kB free_cma:0kB
lowmem_reserve[]: 0 0 0 0 0
Node 1 Normal free:3929480kB boost:0kB min:54480kB low:68100kB high:81720kB reserved_highatomic:0KB active_anon:0kB inactive_anon:0kB active_file:0kB inactive_file:80kB unevictable:1536kB writepending:12kB present:4194304kB managed:4117620kB mlocked:0kB bounce:0kB free_pcp:15324kB local_pcp:6944kB free_cma:0kB
lowmem_reserve[]: 0 0 0 0 0
Node 0 DMA: 0*4kB 0*8kB 0*16kB 0*32kB 0*64kB 0*128kB 0*256kB 0*512kB 1*1024kB (U) 1*2048kB (M) 3*4096kB (M) = 15360kB
Node 0 DMA32: 143*4kB (UE) 1403*8kB (UE) 740*16kB (UME) 1*32kB (U) 2*64kB (ME) 2*128kB (UM) 2*256kB (UE) 2*512kB (ME) 3*1024kB (UME) 1*2048kB (M) 425*4096kB (M) = 1771508kB
Node 0 Normal: 1*4kB (M) 1*8kB (M) 0*16kB 0*32kB 0*64kB 0*128kB 0*256kB 0*512kB 0*1024kB 0*2048kB 0*4096kB = 12kB
Node 1 Normal: 64*4kB (UME) 23*8kB (UME) 19*16kB (UE) 29*32kB (UME) 10*64kB (UME) 1*128kB (U) 2*256kB (UE) 1*512kB (E) 2*1024kB (ME) 2*2048kB (UE) 957*4096kB (M) = 3929480kB
Node 0 hugepages_total=0 hugepages_free=0 hugepages_surp=0 hugepages_size=1048576kB
Node 0 hugepages_total=2 hugepages_free=2 hugepages_surp=0 hugepages_size=2048kB
Node 1 hugepages_total=0 hugepages_free=0 hugepages_surp=0 hugepages_size=1048576kB
Node 1 hugepages_total=2 hugepages_free=2 hugepages_surp=0 hugepages_size=2048kB
46036 total pagecache pages
0 pages in swap cache
Free swap  = 124996kB
Total swap = 124996kB
2097051 pages RAM
0 pages HighMem/MovableOnly
393402 pages reserved
0 pages cma reserved
Mem-Info:
active_anon:10231 inactive_anon:489 isolated_anon:0
 active_file:0 inactive_file:44779 isolated_file:0
 unevictable:768 dirty:39 writeback:0
 slab_reclaimable:20277 slab_unreclaimable:98076
 mapped:7048 shmem:1257 pagetables:544
 sec_pagetables:0 bounce:0
 kernel_misc_reclaimable:0
 free:1429090 free_pcp:8844 free_cma:0
Node 0 active_anon:40924kB inactive_anon:1956kB active_file:0kB inactive_file:179036kB unevictable:1536kB isolated(anon):0kB isolated(file):0kB mapped:28192kB dirty:144kB writeback:0kB shmem:3492kB shmem_thp: 0kB shmem_pmdmapped: 0kB anon_thp: 0kB writeback_tmp:0kB kernel_stack:10548kB pagetables:2176kB sec_pagetables:0kB all_unreclaimable? no
Node 1 active_anon:0kB inactive_anon:0kB active_file:0kB inactive_file:80kB unevictable:1536kB isolated(anon):0kB isolated(file):0kB mapped:0kB dirty:12kB writeback:0kB shmem:1536kB shmem_thp: 0kB shmem_pmdmapped: 0kB anon_thp: 0kB writeback_tmp:0kB kernel_stack:16kB pagetables:0kB sec_pagetables:0kB all_unreclaimable? no
Node 0 DMA free:15360kB boost:0kB min:200kB low:248kB high:296kB reserved_highatomic:0KB active_anon:0kB inactive_anon:0kB active_file:0kB inactive_file:0kB unevictable:0kB writepending:0kB present:15992kB managed:15360kB mlocked:0kB bounce:0kB free_pcp:0kB local_pcp:0kB free_cma:0kB
lowmem_reserve[]: 0 2613 2614 2614 2614
Node 0 DMA32 free:1771508kB boost:0kB min:35408kB low:44260kB high:53112kB reserved_highatomic:0KB active_anon:40880kB inactive_anon:1952kB active_file:0kB inactive_file:177980kB unevictable:1536kB writepending:140kB present:3129332kB managed:2680488kB mlocked:0kB bounce:0kB free_pcp:20040kB local_pcp:7916kB free_cma:0kB
lowmem_reserve[]: 0 0 1 1 1
Node 0 Normal free:12kB boost:0kB min:12kB low:12kB high:12kB reserved_highatomic:0KB active_anon:44kB inactive_anon:4kB active_file:0kB inactive_file:1056kB unevictable:0kB writepending:4kB present:1048576kB managed:1128kB mlocked:0kB bounce:0kB free_pcp:12kB local_pcp:0kB free_cma:0kB
lowmem_reserve[]: 0 0 0 0 0
Node 1 Normal free:3929480kB boost:0kB min:54480kB low:68100kB high:81720kB reserved_highatomic:0KB active_anon:0kB inactive_anon:0kB active_file:0kB inactive_file:80kB unevictable:1536kB writepending:12kB present:4194304kB managed:4117620kB mlocked:0kB bounce:0kB free_pcp:15324kB local_pcp:6944kB free_cma:0kB
lowmem_reserve[]: 0 0 0 0 0
Node 0 DMA: 0*4kB 0*8kB 0*16kB 0*32kB 0*64kB 0*128kB 0*256kB 0*512kB 1*1024kB (U) 1*2048kB (M) 3*4096kB (M) = 15360kB
Node 0 DMA32: 143*4kB (UE) 1403*8kB (UE) 740*16kB (UME) 1*32kB (U) 2*64kB (ME) 2*128kB (UM) 2*256kB (UE) 2*512kB (ME) 3*1024kB (UME) 1*2048kB (M) 425*4096kB (M) = 1771508kB
Node 0 Normal: 1*4kB (M) 1*8kB (M) 0*16kB 0*32kB 0*64kB 0*128kB 0*256kB 0*512kB 0*1024kB 0*2048kB 0*4096kB = 12kB
Node 1 Normal: 64*4kB (UME) 23*8kB (UME) 19*16kB (UE) 29*32kB (UME) 10*64kB (UME) 1*128kB (U) 2*256kB (UE) 1*512kB (E) 2*1024kB (ME) 2*2048kB (UE) 957*4096kB (M) = 3929480kB
Node 0 hugepages_total=0 hugepages_free=0 hugepages_surp=0 hugepages_size=1048576kB
Node 0 hugepages_total=2 hugepages_free=2 hugepages_surp=0 hugepages_size=2048kB
Node 1 hugepages_total=0 hugepages_free=0 hugepages_surp=0 hugepages_size=1048576kB
Node 1 hugepages_total=2 hugepages_free=2 hugepages_surp=0 hugepages_size=2048kB
46036 total pagecache pages
0 pages in swap cache
Free swap  = 124996kB
Total swap = 124996kB
2097051 pages RAM
0 pages HighMem/MovableOnly
393402 pages reserved
0 pages cma reserved
Mem-Info:
active_anon:10231 inactive_anon:489 isolated_anon:0
 active_file:0 inactive_file:44779 isolated_file:0
 unevictable:768 dirty:39 writeback:0
 slab_reclaimable:20277 slab_unreclaimable:98076
 mapped:7048 shmem:1257 pagetables:544
 sec_pagetables:0 bounce:0
 kernel_misc_reclaimable:0
 free:1429090 free_pcp:8839 free_cma:0
Node 0 active_anon:40924kB inactive_anon:1956kB active_file:0kB inactive_file:179036kB unevictable:1536kB isolated(anon):0kB isolated(file):0kB mapped:28192kB dirty:144kB writeback:0kB shmem:3492kB shmem_thp: 0kB shmem_pmdmapped: 0kB anon_thp: 0kB writeback_tmp:0kB kernel_stack:10548kB pagetables:2176kB sec_pagetables:0kB all_unreclaimable? no
Node 1 active_anon:0kB inactive_anon:0kB active_file:0kB inactive_file:80kB unevictable:1536kB isolated(anon):0kB isolated(file):0kB mapped:0kB dirty:12kB writeback:0kB shmem:1536kB shmem_thp: 0kB shmem_pmdmapped: 0kB anon_thp: 0kB writeback_tmp:0kB kernel_stack:16kB pagetables:0kB sec_pagetables:0kB all_unreclaimable? no
Node 0 DMA free:15360kB boost:0kB min:200kB low:248kB high:296kB reserved_highatomic:0KB active_anon:0kB inactive_anon:0kB active_file:0kB inactive_file:0kB unevictable:0kB writepending:0kB present:15992kB managed:15360kB mlocked:0kB bounce:0kB free_pcp:0kB local_pcp:0kB free_cma:0kB
lowmem_reserve[]: 0 2613 2614 2614 2614
Node 0 DMA32 free:1771508kB boost:0kB min:35408kB low:44260kB high:53112kB reserved_highatomic:0KB active_anon:40880kB inactive_anon:1952kB active_file:0kB inactive_file:177980kB unevictable:1536kB writepending:140kB present:3129332kB managed:2680488kB mlocked:0kB bounce:0kB free_pcp:19972kB local_pcp:7916kB free_cma:0kB
lowmem_reserve[]: 0 0 1 1 1
Node 0 Normal free:12kB boost:0kB min:12kB low:12kB high:12kB reserved_highatomic:0KB active_anon:44kB inactive_anon:4kB active_file:0kB inactive_file:1056kB unevictable:0kB writepending:4kB present:1048576kB managed:1128kB mlocked:0kB bounce:0kB free_pcp:12kB local_pcp:0kB free_cma:0kB
lowmem_reserve[]: 0 0 0 0 0
Node 1 Normal free:3929480kB boost:0kB min:54480kB low:68100kB high:81720kB reserved_highatomic:0KB active_anon:0kB inactive_anon:0kB active_file:0kB inactive_file:80kB unevictable:1536kB writepending:12kB present:4194304kB managed:4117620kB mlocked:0kB bounce:0kB free_pcp:15324kB local_pcp:6944kB free_cma:0kB
lowmem_reserve[]: 0 0 0 0 0
Node 0 DMA: 0*4kB 0*8kB 0*16kB 0*32kB 0*64kB 0*128kB 0*256kB 0*512kB 1*1024kB (U) 1*2048kB (M) 3*4096kB (M) = 15360kB
Node 0 DMA32: 143*4kB (UE) 1403*8kB (UE) 740*16kB (UME) 1*32kB (U) 2*64kB (ME) 2*128kB (UM) 2*256kB (UE) 2*512kB (ME) 3*1024kB (UME) 1*2048kB (M) 425*4096kB (M) = 1771508kB
Node 0 Normal: 1*4kB (M) 1*8kB (M) 0*16kB 0*32kB 0*64kB 0*128kB 0*256kB 0*512kB 0*1024kB 0*2048kB 0*4096kB = 12kB
Node 1 Normal: 64*4kB (UME) 23*8kB (UME) 19*16kB (UE) 29*32kB (UME) 10*64kB (UME) 1*128kB (U) 2*256kB (UE) 1*512kB (E) 2*1024kB (ME) 2*2048kB (UE) 957*4096kB (M) = 3929480kB
Node 0 hugepages_total=0 hugepages_free=0 hugepages_surp=0 hugepages_size=1048576kB
Node 0 hugepages_total=2 hugepages_free=2 hugepages_surp=0 hugepages_size=2048kB
Node 1 hugepages_total=0 hugepages_free=0 hugepages_surp=0 hugepages_size=1048576kB
Node 1 hugepages_total=2 hugepages_free=2 hugepages_surp=0 hugepages_size=2048kB
46036 total pagecache pages
0 pages in swap cache
Free swap  = 124996kB
Total swap = 124996kB
2097051 pages RAM
0 pages HighMem/MovableOnly
393402 pages reserved
0 pages cma reserved
Mem-Info:
active_anon:10231 inactive_anon:489 isolated_anon:0
 active_file:0 inactive_file:44779 isolated_file:0
 unevictable:768 dirty:39 writeback:0
 slab_reclaimable:20277 slab_unreclaimable:98076
 mapped:7048 shmem:1257 pagetables:544
 sec_pagetables:0 bounce:0
 kernel_misc_reclaimable:0
 free:1429090 free_pcp:8817 free_cma:0
Node 0 active_anon:40924kB inactive_anon:1956kB active_file:0kB inactive_file:179036kB unevictable:1536kB isolated(anon):0kB isolated(file):0kB mapped:28192kB dirty:144kB writeback:0kB shmem:3492kB shmem_thp: 0kB shmem_pmdmapped: 0kB anon_thp: 0kB writeback_tmp:0kB kernel_stack:10548kB pagetables:2176kB sec_pagetables:0kB all_unreclaimable? no
Node 1 active_anon:0kB inactive_anon:0kB active_file:0kB inactive_file:80kB unevictable:1536kB isolated(anon):0kB isolated(file):0kB mapped:0kB dirty:12kB writeback:0kB shmem:1536kB shmem_thp: 0kB shmem_pmdmapped: 0kB anon_thp: 0kB writeback_tmp:0kB kernel_stack:16kB pagetables:0kB sec_pagetables:0kB all_unreclaimable? no
Node 0 DMA free:15360kB boost:0kB min:200kB low:248kB high:296kB reserved_highatomic:0KB active_anon:0kB inactive_anon:0kB active_file:0kB inactive_file:0kB unevictable:0kB writepending:0kB present:15992kB managed:15360kB mlocked:0kB bounce:0kB free_pcp:0kB local_pcp:0kB free_cma:0kB
lowmem_reserve[]: 0 2613 2614 2614 2614
Node 0 DMA32 free:1771508kB boost:0kB min:35408kB low:44260kB high:53112kB reserved_highatomic:0KB active_anon:40880kB inactive_anon:1952kB active_file:0kB inactive_file:177980kB unevictable:1536kB writepending:140kB present:3129332kB managed:2680488kB mlocked:0kB bounce:0kB free_pcp:19932kB local_pcp:7876kB free_cma:0kB
lowmem_reserve[]: 0 0 1 1 1
Node 0 Normal free:12kB boost:0kB min:12kB low:12kB high:12kB reserved_highatomic:0KB active_anon:44kB inactive_anon:4kB active_file:0kB inactive_file:1056kB unevictable:0kB writepending:4kB present:1048576kB managed:1128kB mlocked:0kB bounce:0kB free_pcp:12kB local_pcp:0kB free_cma:0kB
lowmem_reserve[]: 0 0 0 0 0
Node 1 Normal free:3929480kB boost:0kB min:54480kB low:68100kB high:81720kB reserved_highatomic:0KB active_anon:0kB inactive_anon:0kB active_file:0kB inactive_file:80kB unevictable:1536kB writepending:12kB present:4194304kB managed:4117620kB mlocked:0kB bounce:0kB free_pcp:15324kB local_pcp:6944kB free_cma:0kB
lowmem_reserve[]: 0 0 0 0 0
Node 0 DMA: 0*4kB 0*8kB 0*16kB 0*32kB 0*64kB 0*128kB 0*256kB 0*512kB 1*1024kB (U) 1*2048kB (M) 3*4096kB (M) = 15360kB
Node 0 DMA32: 143*4kB (UE) 1403*8kB (UE) 740*16kB (UME) 1*32kB (U) 2*64kB (ME) 2*128kB (UM) 2*256kB (UE) 2*512kB (ME) 3*1024kB (UME) 1*2048kB (M) 425*4096kB (M) = 1771508kB
Node 0 Normal: 1*4kB (M) 1*8kB (M) 0*16kB 0*32kB 0*64kB 0*128kB 0*256kB 0*512kB 0*1024kB 0*2048kB 0*4096kB = 12kB
Node 1 Normal: 64*4kB (UME) 23*8kB (UME) 19*16kB (UE) 29*32kB (UME) 10*64kB (UME) 1*128kB (U) 2*256kB (UE) 1*512kB (E) 2*1024kB (ME) 2*2048kB (UE) 957*4096kB (M) = 3929480kB
Node 0 hugepages_total=0 hugepages_free=0 hugepages_surp=0 hugepages_size=1048576kB
Node 0 hugepages_total=2 hugepages_free=2 hugepages_surp=0 hugepages_size=2048kB
Node 1 hugepages_total=0 hugepages_free=0 hugepages_surp=0 hugepages_size=1048576kB
Node 1 hugepages_total=2 hugepages_free=2 hugepages_surp=0 hugepages_size=2048kB
46036 total pagecache pages
0 pages in swap cache
Free swap  = 124996kB
Total swap = 124996kB
2097051 pages RAM
0 pages HighMem/MovableOnly
393402 pages reserved
0 pages cma reserved
Mem-Info:
active_anon:10231 inactive_anon:489 isolated_anon:0
 active_file:0 inactive_file:44779 isolated_file:0
 unevictable:768 dirty:39 writeback:0
 slab_reclaimable:20277 slab_unreclaimable:98076
 mapped:7048 shmem:1257 pagetables:544
 sec_pagetables:0 bounce:0
 kernel_misc_reclaimable:0
 free:1429090 free_pcp:8817 free_cma:0
Node 0 active_anon:40924kB inactive_anon:1956kB active_file:0kB inactive_file:179036kB unevictable:1536kB isolated(anon):0kB isolated(file):0kB mapped:28192kB dirty:144kB writeback:0kB shmem:3492kB shmem_thp: 0kB shmem_pmdmapped: 0kB anon_thp: 0kB writeback_tmp:0kB kernel_stack:10548kB pagetables:2176kB sec_pagetables:0kB all_unreclaimable? no
Node 1 active_anon:0kB inactive_anon:0kB active_file:0kB inactive_file:80kB unevictable:1536kB isolated(anon):0kB isolated(file):0kB mapped:0kB dirty:12kB writeback:0kB shmem:1536kB shmem_thp: 0kB shmem_pmdmapped: 0kB anon_thp: 0kB writeback_tmp:0kB kernel_stack:16kB pagetables:0kB sec_pagetables:0kB all_unreclaimable? no
Node 0 DMA free:15360kB boost:0kB min:200kB low:248kB high:296kB reserved_highatomic:0KB active_anon:0kB inactive_anon:0kB active_file:0kB inactive_file:0kB unevictable:0kB writepending:0kB present:15992kB managed:15360kB mlocked:0kB bounce:0kB free_pcp:0kB local_pcp:0kB free_cma:0kB
lowmem_reserve[]: 0 2613 2614 2614 2614
Node 0 DMA32 free:1771508kB boost:0kB min:35408kB low:44260kB high:53112kB reserved_highatomic:0KB active_anon:40880kB inactive_anon:1952kB active_file:0kB inactive_file:177980kB unevictable:1536kB writepending:140kB present:3129332kB managed:2680488kB mlocked:0kB bounce:0kB free_pcp:19932kB local_pcp:7876kB free_cma:0kB
lowmem_reserve[]: 0 0 1 1 1
Node 0 Normal free:12kB boost:0kB min:12kB low:12kB high:12kB reserved_highatomic:0KB active_anon:44kB inactive_anon:4kB active_file:0kB inactive_file:1056kB unevictable:0kB writepending:4kB present:1048576kB managed:1128kB mlocked:0kB bounce:0kB free_pcp:12kB local_pcp:0kB free_cma:0kB
lowmem_reserve[]: 0 0 0 0 0
Node 1 Normal free:3929480kB boost:0kB min:54480kB low:68100kB high:81720kB reserved_highatomic:0KB active_anon:0kB inactive_anon:0kB active_file:0kB inactive_file:80kB unevictable:1536kB writepending:12kB present:4194304kB managed:4117620kB mlocked:0kB bounce:0kB free_pcp:15324kB local_pcp:6944kB free_cma:0kB
lowmem_reserve[]: 0 0 0 0 0
Node 0 DMA: 0*4kB 0*8kB 0*16kB 0*32kB 0*64kB 0*128kB 0*256kB 0*512kB 1*1024kB (U) 1*2048kB (M) 3*4096kB (M) = 15360kB
Node 0 DMA32: 143*4kB (UE) 1403*8kB (UE) 740*16kB (UME) 1*32kB (U) 2*64kB (ME) 2*128kB (UM) 2*256kB (UE) 2*512kB (ME) 3*1024kB (UME) 1*2048kB (M) 425*4096kB (M) = 1771508kB
Node 0 Normal: 1*4kB (M) 1*8kB (M) 0*16kB 0*32kB 0*64kB 0*128kB 0*256kB 0*512kB 0*1024kB 0*2048kB 0*4096kB = 12kB
Node 1 Normal: 64*4kB (UME) 23*8kB (UME) 19*16kB (UE) 29*32kB (UME) 10*64kB (UME) 1*128kB (U) 2*256kB (UE) 1*512kB (E) 2*1024kB (ME) 2*2048kB (UE) 957*4096kB (M) = 3929480kB
Node 0 hugepages_total=0 hugepages_free=0 hugepages_surp=0 hugepages_size=1048576kB
Node 0 hugepages_total=2 hugepages_free=2 hugepages_surp=0 hugepages_size=2048kB
Node 1 hugepages_total=0 hugepages_free=0 hugepages_surp=0 hugepages_size=1048576kB
Node 1 hugepages_total=2 hugepages_free=2 hugepages_surp=0 hugepages_size=2048kB
46036 total pagecache pages
0 pages in swap cache
Free swap  = 124996kB
Total swap = 124996kB
2097051 pages RAM
0 pages HighMem/MovableOnly
393402 pages reserved
0 pages cma reserved
Mem-Info:
active_anon:10231 inactive_anon:489 isolated_anon:0
 active_file:0 inactive_file:44779 isolated_file:0
 unevictable:768 dirty:39 writeback:0
 slab_reclaimable:20277 slab_unreclaimable:98101
 mapped:7048 shmem:1257 pagetables:544
 sec_pagetables:0 bounce:0
 kernel_misc_reclaimable:0
 free:1429090 free_pcp:8815 free_cma:0
Node 0 active_anon:40924kB inactive_anon:1956kB active_file:0kB inactive_file:179036kB unevictable:1536kB isolated(anon):0kB isolated(file):0kB mapped:28192kB dirty:144kB writeback:0kB shmem:3492kB shmem_thp: 0kB shmem_pmdmapped: 0kB anon_thp: 0kB writeback_tmp:0kB kernel_stack:10548kB pagetables:2176kB sec_pagetables:0kB all_unreclaimable? no
Node 1 active_anon:0kB inactive_anon:0kB active_file:0kB inactive_file:80kB unevictable:1536kB isolated(anon):0kB isolated(file):0kB mapped:0kB dirty:12kB writeback:0kB shmem:1536kB shmem_thp: 0kB shmem_pmdmapped: 0kB anon_thp: 0kB writeback_tmp:0kB kernel_stack:16kB pagetables:0kB sec_pagetables:0kB all_unreclaimable? no
Node 0 DMA free:15360kB boost:0kB min:200kB low:248kB high:296kB reserved_highatomic:0KB active_anon:0kB inactive_anon:0kB active_file:0kB inactive_file:0kB unevictable:0kB writepending:0kB present:15992kB managed:15360kB mlocked:0kB bounce:0kB free_pcp:0kB local_pcp:0kB free_cma:0kB
lowmem_reserve[]: 0 2613 2614 2614 2614
Node 0 DMA32 free:1771508kB boost:0kB min:35408kB low:44260kB high:53112kB reserved_highatomic:0KB active_anon:40880kB inactive_anon:1952kB active_file:0kB inactive_file:177980kB unevictable:1536kB writepending:140kB present:3129332kB managed:2680488kB mlocked:0kB bounce:0kB free_pcp:19924kB local_pcp:7876kB free_cma:0kB
lowmem_reserve[]: 0 0 1 1 1
Node 0 Normal free:12kB boost:0kB min:12kB low:12kB high:12kB reserved_highatomic:0KB active_anon:44kB inactive_anon:4kB active_file:0kB inactive_file:1056kB unevictable:0kB writepending:4kB present:1048576kB managed:1128kB mlocked:0kB bounce:0kB free_pcp:12kB local_pcp:0kB free_cma:0kB
lowmem_reserve[]: 0 0 0 0 0
Node 1 Normal free:3929480kB boost:0kB min:54480kB low:68100kB high:81720kB reserved_highatomic:0KB active_anon:0kB inactive_anon:0kB active_file:0kB inactive_file:80kB unevictable:1536kB writepending:12kB present:4194304kB managed:4117620kB mlocked:0kB bounce:0kB free_pcp:15324kB local_pcp:6944kB free_cma:0kB
lowmem_reserve[]: 0 0 0 0 0
Node 0 DMA: 0*4kB 0*8kB 0*16kB 0*32kB 0*64kB 0*128kB 0*256kB 0*512kB 1*1024kB (U) 1*2048kB (M) 3*4096kB (M) = 15360kB
Node 0 DMA32: 143*4kB (UE) 1403*8kB (UE) 740*16kB (UME) 1*32kB (U) 2*64kB (ME) 2*128kB (UM) 2*256kB (UE) 2*512kB (ME) 3*1024kB (UME) 1*2048kB (M) 425*4096kB (M) = 1771508kB
Node 0 Normal: 1*4kB (M) 1*8kB (M) 0*16kB 0*32kB 0*64kB 0*128kB 0*256kB 0*512kB 0*1024kB 0*2048kB 0*4096kB = 12kB
Node 1 Normal: 64*4kB (UME) 23*8kB (UME) 19*16kB (UE) 29*32kB (UME) 10*64kB (UME) 1*128kB (U) 2*256kB (UE) 1*512kB (E) 2*1024kB (ME) 2*2048kB (UE) 957*4096kB (M) = 3929480kB
Node 0 hugepages_total=0 hugepages_free=0 hugepages_surp=0 hugepages_size=1048576kB
Node 0 hugepages_total=2 hugepages_free=2 hugepages_surp=0 hugepages_size=2048kB
Node 1 hugepages_total=0 hugepages_free=0 hugepages_surp=0 hugepages_size=1048576kB
Node 1 hugepages_total=2 hugepages_free=2 hugepages_surp=0 hugepages_size=2048kB
46036 total pagecache pages
0 pages in swap cache
Free swap  = 124996kB
Total swap = 124996kB
2097051 pages RAM
0 pages HighMem/MovableOnly
393402 pages reserved
0 pages cma reserved
</pre></div><br>
	

	

<table class="list_table">
	<caption>Crashes (4):</caption>
		<thead>
		<tr>
			<th><a onclick="return sortTable(this, 'Time', textSort, true)" href="#">Time</a></th>
			<th><a onclick="return sortTable(this, 'Kernel', textSort)" href="#">Kernel</a></th>
			<th><a onclick="return sortTable(this, 'Commit', textSort)" href="#">Commit</a></th>
			<th><a onclick="return sortTable(this, 'Syzkaller', textSort)" href="#">Syzkaller</a></th>
			<th><a onclick="return sortTable(this, 'Config', textSort)" href="#">Config</a></th>
			<th><a onclick="return sortTable(this, 'Log', textSort)" href="#">Log</a></th>
			<th><a onclick="return sortTable(this, 'Report', reproSort)" href="#">Report</a></th>
			<th><a onclick="return sortTable(this, 'Syz repro', reproSort)" href="#">Syz repro</a></th>
			<th><a onclick="return sortTable(this, 'C repro', textSort)" href="#">C repro</a></th>
			<th><a onclick="return sortTable(this, 'VM info', textSort)" href="#">VM info</a></th>
			<th><a onclick="return sortTable(this, 'Assets', textSort)" href="#">Assets</a> (<a href="https://github.com/google/syzkaller/blob/master/docs/syzbot_assets.md">help?</a>)</th>
			<th><a onclick="return sortTable(this, 'Manager', textSort)" href="#">Manager</a></th>
			<th><a onclick="return sortTable(this, 'Title', textSort)" href="#">Title</a></th>
		</tr>
		</thead>
		<tbody>
		
		<tr>
			<td class="time">2023/08/28 21:14</td>
			<td class="kernel" title="upstream">upstream</td>
			<td class="tag" title="2dde18cd1d8fac735875f2e4987f11817cc0bc2c
	2023/08/27 21:49"><a href="https://git.kernel.org/pub/scm/linux/kernel/git/torvalds/linux.git/log/?id=2dde18cd1d8fac735875f2e4987f11817cc0bc2c">2dde18cd1d8f</a></td>
			<td class="tag"><a href="https://github.com/google/syzkaller/commits/7ba13a158b1ad89a23920bb64208ba34fed27b08">7ba13a15</a></td>
			<td class="config"><a href="/text?tag=KernelConfig&amp;x=33d0e0022fa231d7">.config</a></td>
			<td class="repro"><a href="/text?tag=CrashLog&amp;x=176cb7eba80000">console log</a></td>
			<td class="repro"><a href="/text?tag=CrashReport&amp;x=12fd65dfa80000">report</a></td>
			<td class="repro">
				<a href="/text?tag=ReproSyz&amp;x=162d9beba80000">syz</a>
				
			</td>
			<td class="repro"></td>
			<td class="repro"></td>
			<td class="assets">
				<span class="no-break">[<a href="https://storage.googleapis.com/syzbot-assets/1fedeec6ef0b/disk-2dde18cd.raw.xz">disk image</a>]</span>
			
				<span class="no-break">[<a href="https://storage.googleapis.com/syzbot-assets/d76084fd6305/vmlinux-2dde18cd.xz">vmlinux</a>]</span>
			
				<span class="no-break">[<a href="https://storage.googleapis.com/syzbot-assets/33a99d14581e/bzImage-2dde18cd.xz">kernel image</a>]</span>
			</td>
			<td class="manager">ci-upstream-kasan-gce</td>
			<td class="manager">INFO: rcu detected stall in tcp_setsockopt</td>
		</tr>
		
		<tr>
			<td class="time">2023/04/23 09:39</td>
			<td class="kernel" title="upstream">upstream</td>
			<td class="tag" title="622322f53c6d9ddd3c2a4aad852b3e1adbd56da7
	2023/04/23 02:11"><a href="https://git.kernel.org/pub/scm/linux/kernel/git/torvalds/linux.git/log/?id=622322f53c6d9ddd3c2a4aad852b3e1adbd56da7">622322f53c6d</a></td>
			<td class="tag"><a href="https://github.com/google/syzkaller/commits/2b32bd342578ed1b9cdd4720af23a16d2eca96d8">2b32bd34</a></td>
			<td class="config"><a href="/text?tag=KernelConfig&amp;x=11869c60f54496a7">.config</a></td>
			<td class="repro"><a href="/text?tag=CrashLog&amp;x=129cbf98280000">console log</a></td>
			<td class="repro"><a href="/text?tag=CrashReport&amp;x=1490f9e0280000">report</a></td>
			<td class="repro">
				
				
			</td>
			<td class="repro"></td>
			<td class="repro"><a href="/text?tag=MachineInfo&amp;x=a289e4f42aee1bb1">info</a></td>
			<td class="assets">
				<span class="no-break">[<a href="https://storage.googleapis.com/syzbot-assets/b92fd703b3e6/disk-622322f5.raw.xz">disk image</a>]</span>
			
				<span class="no-break">[<a href="https://storage.googleapis.com/syzbot-assets/fc5e6606ca03/vmlinux-622322f5.xz">vmlinux</a>]</span>
			
				<span class="no-break">[<a href="https://storage.googleapis.com/syzbot-assets/9a5e4b2a5ed9/bzImage-622322f5.xz">kernel image</a>]</span>
			</td>
			<td class="manager">ci-upstream-kasan-gce</td>
			<td class="manager">INFO: rcu detected stall in tcp_setsockopt</td>
		</tr>
		
		<tr>
			<td class="time">2023/07/19 13:02</td>
			<td class="kernel" title="net-next">net-next</td>
			<td class="tag" title="3223eeaf054533ef0b2d8349bbe795530d99a6ed
	2023/07/19 02:01"><a href="https://git.kernel.org/pub/scm/linux/kernel/git/davem/net-next.git/log/?id=3223eeaf054533ef0b2d8349bbe795530d99a6ed">3223eeaf0545</a></td>
			<td class="tag"><a href="https://github.com/google/syzkaller/commits/022df2bb9a105c303cf24c910b8e787cf642a3f3">022df2bb</a></td>
			<td class="config"><a href="/text?tag=KernelConfig&amp;x=4a9506b1ca57ae9f">.config</a></td>
			<td class="repro"><a href="/text?tag=CrashLog&amp;x=17ed45aaa80000">console log</a></td>
			<td class="repro"><a href="/text?tag=CrashReport&amp;x=1421a9f4a80000">report</a></td>
			<td class="repro">
				
				
			</td>
			<td class="repro"></td>
			<td class="repro"><a href="/text?tag=MachineInfo&amp;x=449499851b57756b">info</a></td>
			<td class="assets">
				<span class="no-break">[<a href="https://storage.googleapis.com/syzbot-assets/660b0a65d74a/disk-3223eeaf.raw.xz">disk image</a>]</span>
			
				<span class="no-break">[<a href="https://storage.googleapis.com/syzbot-assets/428895710ac0/vmlinux-3223eeaf.xz">vmlinux</a>]</span>
			
				<span class="no-break">[<a href="https://storage.googleapis.com/syzbot-assets/8d55ee10850f/bzImage-3223eeaf.xz">kernel image</a>]</span>
			</td>
			<td class="manager">ci-upstream-net-kasan-gce</td>
			<td class="manager">INFO: rcu detected stall in tcp_setsockopt</td>
		</tr>
		
		<tr>
			<td class="time">2023/03/29 09:31</td>
			<td class="kernel" title="net-next">net-next</td>
			<td class="tag" title="163c2c7059178898ad7512294ca3a768df2c1515
	2023/03/28 23:18"><a href="https://git.kernel.org/pub/scm/linux/kernel/git/davem/net-next.git/log/?id=163c2c7059178898ad7512294ca3a768df2c1515">163c2c705917</a></td>
			<td class="tag"><a href="https://github.com/google/syzkaller/commits/fc067f05bce8156101e90f93fe87e702114b863f">fc067f05</a></td>
			<td class="config"><a href="/text?tag=KernelConfig&amp;x=e0d03464fc6baf71">.config</a></td>
			<td class="repro"><a href="/text?tag=CrashLog&amp;x=128bced1c80000">console log</a></td>
			<td class="repro"><a href="/text?tag=CrashReport&amp;x=130b4895c80000">report</a></td>
			<td class="repro">
				
				
			</td>
			<td class="repro"></td>
			<td class="repro"><a href="/text?tag=MachineInfo&amp;x=a289e4f42aee1bb1">info</a></td>
			<td class="assets">
				<span class="no-break">[<a href="https://storage.googleapis.com/syzbot-assets/431ac79441c8/disk-163c2c70.raw.xz">disk image</a>]</span>
			
				<span class="no-break">[<a href="https://storage.googleapis.com/syzbot-assets/8e8598559b2c/vmlinux-163c2c70.xz">vmlinux</a>]</span>
			
				<span class="no-break">[<a href="https://storage.googleapis.com/syzbot-assets/1d345ca93ed8/bzImage-163c2c70.xz">kernel image</a>]</span>
			</td>
			<td class="manager">ci-upstream-net-kasan-gce</td>
			<td class="manager">INFO: rcu detected stall in tcp_setsockopt</td>
		</tr>
		
		</tbody>
</table>
<i>* <s>Struck through</s> repros no longer work on HEAD.</i>


</body>
</html>
