

<!doctype html>
<html>
<head>
	
	<link rel="stylesheet" href="/static/style.css"/>
	<script src="/static/common.js"></script>
	
		<script async src="https://www.googletagmanager.com/gtag/js?id=UA-116117799-1"></script>
		<script>
			window.dataLayer = window.dataLayer || [];
			function gtag() { dataLayer.push(arguments); }
			gtag('js', new Date());
			gtag('config', 'UA-116117799-1');
		</script>
	

	<title>INFO: rcu detected stall in sys_close (7)</title>
</head>
<body>
	
	<header id="topbar">
		<table class="position_table">
			<tr>
				<td>
					<h1><a href="/upstream">syzbot</a></h1>
				</td>
				<td class="namespace_td">
					<select class="namespace" onchange="window.location.href = '/' + this.value + '';">
						
							<option value="android-5-10" >Android 5.10</option>
							<option value="android-5-15" >Android 5.15</option>
							<option value="android-54" >Android 5.4</option>
							<option value="android-6-1" >Android 6.1</option>
							<option value="freebsd" >FreeBSD</option>
							<option value="upstream" selected="1">Linux</option>
							<option value="linux-5.15" >Linux 5.15</option>
							<option value="linux-6.1" >Linux 6.1</option>
							<option value="netbsd" >NetBSD</option>
							<option value="openbsd" >OpenBSD</option>
							<option value="gvisor" >gVisor</option></select>
				</td>
				<td class="search">
					
					
						<a href="https://syzkaller.appspot.com/_ah/conflogin?continue=https://syzkaller.appspot.com/bug%3Fextid%3D393022c13d02e1f680e3">sign-in</a> |
					
					<a href="https://groups.google.com/forum/#!forum/syzkaller" target="_blank">mailing list</a> |
					<a href="https://github.com/google/syzkaller" target="_blank">source</a> |
					<a href="https://github.com/google/syzkaller/blob/master/docs/syzbot.md" target="_blank">docs</a>
				</td>
			</tr>
		</table>
		
		<div class="navigation">
			<div class="navigation_tab">
				<a href='/upstream'><span style="color:DeepPink;">üêû</span> Open [1659]</a>
			</div>

			
			<div class="navigation_tab">
				<a href='/upstream/subsystems'><span style="color:DeepPink;">‚â°</span> Subsystems</a>
			</div>
			

			<div class="navigation_tab">
				<a href='/upstream/fixed'><span style="color:ForestGreen;">üêû</span> Fixed [6081]</a>
			</div>

			<div class="navigation_tab" href='/upstream/invalid'>
				<a href='/upstream/invalid'><span style="color:RoyalBlue;">üêû</span> Invalid [15101]</a>
			</div>

			
			<div class="navigation_tab">
				<a href='/upstream/backports'><span style="color:ForestGreen;">‚¨á</span> Missing Backports [157]</a>
			</div>
			

			<div class="navigation_tab">
				<a href='/upstream/graph/crashes'><span style="color:ForestGreen;">‚â°</span> Crashes</a>
			</div>

			<div class="dropdown navigation_tab">
				<button class="dropbtn"><span style="color:DarkOrange;">üìà</span>Graphs</button>
				<div class="dropdown-content">
					<a class="navigation_tab"
						href='/upstream/graph/bugs'>Kernel&nbsp;Health</a>
					<a class="navigation_tab"
						href='/upstream/graph/found-bugs'>Bugs/Month</a>
					<a class="navigation_tab"
						href='/upstream/graph/lifetimes'>Bug&nbsp;Lifetimes</a>
					<a class="navigation_tab"
						href='/upstream/graph/fuzzing'>Fuzzing</a>
				</div>
			</div>

			
			<div class="dropdown navigation_tab">
				<button class="dropbtn"><span style="color:DarkOrange;">üìà</span>Coverage</button>
				<div class="dropdown-content">
					<a class="navigation_tab"
						href="/upstream/graph/coverage?period=quarter">Total</a>
					<a class="navigation_tab"
						href="/upstream/coverage?period=month">Repo&nbsp;Heatmap</a>
					
						<a class="navigation_tab"
							href="/upstream/coverage/subsystems?period=month">Subsystems&nbsp;Heatmap</a>
					
				</div>
			</div>
			
			
			<div class="navigation_tab navigation_right">
				<a href='mailto:syzkaller@googlegroups.com'><span style="color:ForestGreen;">üí¨</span> Send us feedback</a>
			</div>
			
		</div>
		
	</header>
	<br>


	<b>INFO: rcu detected stall in sys_close (7)</b><br><br>
	Status: <a href="https://groups.google.com/d/msgid/syzkaller-bugs/000000000000dad959061668cead%40google.com">upstream: reported C repro on 2024/04/19 01:14</a><br>
	
		
			Subsystems: 
				<span class="bug-label"><a href="/upstream/s/bpf">bpf</a></span>
		<br>
		
	<a href="https://github.com/google/syzkaller/blob/master/docs/syzbot.md#labels">[Documentation on labels]</a><br>
	
	
	Reported-by: syzbot&#43;393022c13d02e1f680e3@syzkaller.appspotmail.com<br>
	
	First crash: 325d, last: 64d<br>
	
	<div>
		<div class="bug-bisection-info">

	
	
	
		
			<b>Cause bisection: failed</b>
		
		<b>(<a href="https://syzkaller.appspot.com/x/error.txt?x=11b3deeb180000">error log</a>, <a href="https://syzkaller.appspot.com/x/bisect.txt?x=16b3deeb180000">bisect log</a>)</b><br>
	
	

	
	&nbsp;&nbsp;
	

</div>
		
		<div class="bug-bisection-stop"></div>
	</div>

	
	<div class="collapsible collapsible-show">
		<div class="head">
			<span class="show-icon">&#9654;</span>
			<span class="hide-icon">&#9660;</span>
			<span>Discussions (1)</span>
		</div>
		<div class="content">
			
			
			

<table class="list_table">
	<thead>
	<tr>
		<th>Title</th>
		<th>Replies (including bot)</th>
		<th>Last reply</th>
	</tr>
	</thead>
	<tbody>
	
		<tr>
			<td><a href="https://lore.kernel.org/all/000000000000dad959061668cead@google.com/T/">[syzbot] [fs?] [usb?] [input?] INFO: rcu detected stall in sys_close (7)</a></td>
			<td class="stat">0 (1)</td>
			<td class="stat">2024/04/19 01:14</td>
		</tr>
	
	</tbody>
</table>


			
			
		</div>
	</div>
	
	<div class="collapsible collapsible-hide">
		<div class="head">
			<span class="show-icon">&#9654;</span>
			<span class="hide-icon">&#9660;</span>
			<span>Similar bugs (7)</span>
		</div>
		<div class="content">
			


<table class="list_table">
	
	<thead>
	<tr>
		
			<th><a onclick="return sortTable(this, 'Kernel', textSort)" href="#">Kernel</a></th>
		
		<th><a onclick="return sortTable(this, 'Title', textSort)" href="#">Title</a></th>
		<th><a onclick="return sortTable(this, 'Repro', reproSort)" href="#">Repro</a></th>
		<th><a onclick="return sortTable(this, 'Cause bisect', textSort)" href="#">Cause bisect</a></th>
		<th><a onclick="return sortTable(this, 'Fix bisect', textSort)" href="#">Fix bisect</a></th>
		<th><a onclick="return sortTable(this, 'Count', numSort)" href="#">Count</a></th>
		<th><a onclick="return sortTable(this, 'Last', timeSort)" href="#">Last</a></th>
		<th><a onclick="return sortTable(this, 'Reported', timeSort)" href="#">Reported</a></th>
		
		
		
			<th><a onclick="return sortTable(this, 'Patched', patchedSort)" href="#">Patched</a></th>
		
		
			<th><a onclick="return sortTable(this, 'Status', textSort)" href="#">Status</a></th>
		
		
	</tr>
	</thead>
	<tbody>
	
		<tr>
			<td>upstream</td>
			<td class="title">
				<a href="/bug?id=2fb99c5751eb258c2087793a47015fe0df0818d5">INFO: rcu detected stall in sys_close (3)</a>
					<span class="bug-label"><a href="/upstream/s/kernel">kernel</a></span>
			</td>
			<td class="stat"></td>
			<td class="bisect_status"></td>
			<td class="bisect_status"></td>
			<td class="stat ">1</td>
			<td class="stat">922d</td>
			<td class="stat">
				
					922d
				
			</td>
			
			
			
				<td class="patched" >0/28</td>
			
			
				<td class="status">
					
						auto-obsoleted due to no activity on 2022/10/25 14:50
					
				</td>
			
			
		</tr>
	
		<tr>
			<td>upstream</td>
			<td class="title">
				<a href="/bug?id=3767cff0a7461c57cbc592fe3059ce584b3dd5ac">INFO: rcu detected stall in sys_close (4)</a>
					<span class="bug-label"><a href="/upstream/s/fs">fs</a></span>
			</td>
			<td class="stat"></td>
			<td class="bisect_status"></td>
			<td class="bisect_status"></td>
			<td class="stat ">1</td>
			<td class="stat">846d</td>
			<td class="stat">
				
					846d
				
			</td>
			
			
			
				<td class="patched" >0/28</td>
			
			
				<td class="status">
					
						auto-obsoleted due to no activity on 2023/02/13 19:04
					
				</td>
			
			
		</tr>
	
		<tr>
			<td>linux-5.15</td>
			<td class="title">
				<a href="/bug?id=508fb37e2e596166b424c2c98e1ed4da916f9339">INFO: rcu detected stall in sys_close</a>
			</td>
			<td class="stat"></td>
			<td class="bisect_status"></td>
			<td class="bisect_status"></td>
			<td class="stat ">1</td>
			<td class="stat">312d</td>
			<td class="stat">
				
					<a href="https://groups.google.com/d/msgid/syzkaller-lts-bugs/000000000000e5168f06171ac49f%40google.com">312d</a>
				
			</td>
			
			
			
				<td class="patched" >0/3</td>
			
			
				<td class="status">
					
						<a href="https://groups.google.com/d/msgid/syzkaller-lts-bugs/000000000000e5168f06171ac49f%40google.com">auto-obsoleted due to no activity on 2024/08/05 21:33</a>
					
				</td>
			
			
		</tr>
	
		<tr>
			<td>upstream</td>
			<td class="title">
				<a href="/bug?id=c8ce31d37c1ece782db2681215f3eef883bc4195">INFO: rcu detected stall in sys_close</a>
					<span class="bug-label"><a href="/upstream/s/fs">fs</a></span>
			</td>
			<td class="stat"></td>
			<td class="bisect_status"></td>
			<td class="bisect_status"></td>
			<td class="stat ">1</td>
			<td class="stat">1160d</td>
			<td class="stat">
				
					1160d
				
			</td>
			
			
			
				<td class="patched" >0/28</td>
			
			
				<td class="status">
					
						closed as invalid on 2022/02/08 10:10
					
				</td>
			
			
		</tr>
	
		<tr>
			<td>upstream</td>
			<td class="title">
				<a href="/bug?id=cc610501397dd6b186dd6d636e574e1c748b98a4">INFO: rcu detected stall in sys_close (6)</a>
					<span class="bug-label"><a href="/upstream/s/fs">fs</a></span>
			</td>
			<td class="stat"></td>
			<td class="bisect_status"></td>
			<td class="bisect_status"></td>
			<td class="stat ">3</td>
			<td class="stat">419d</td>
			<td class="stat">
				
					500d
				
			</td>
			
			
			
				<td class="patched" >0/28</td>
			
			
				<td class="status">
					
						auto-obsoleted due to no activity on 2024/04/10 05:01
					
				</td>
			
			
		</tr>
	
		<tr>
			<td>upstream</td>
			<td class="title">
				<a href="/bug?id=ea1a706c697b3a9a3b7e15b62a115dd87e2c087f">INFO: rcu detected stall in sys_close (2)</a>
					<span class="bug-label"><a href="/upstream/s/fs">fs</a></span>
			</td>
			<td class="stat"></td>
			<td class="bisect_status"></td>
			<td class="bisect_status"></td>
			<td class="stat ">3</td>
			<td class="stat">1018d</td>
			<td class="stat">
				
					1067d
				
			</td>
			
			
			
				<td class="patched" >0/28</td>
			
			
				<td class="status">
					
						auto-closed as invalid on 2022/08/21 03:13
					
				</td>
			
			
		</tr>
	
		<tr>
			<td>upstream</td>
			<td class="title">
				<a href="/bug?extid=e46fbd5289363464bc13">INFO: rcu detected stall in sys_close (5)</a>
					<span class="bug-label"><a href="/upstream/s/net">net</a></span>
			</td>
			<td class="stat">C</td>
			<td class="bisect_status">done</td>
			<td class="bisect_status"></td>
			<td class="stat ">1</td>
			<td class="stat">554d</td>
			<td class="stat">
				
					<a href="https://groups.google.com/d/msgid/syzkaller-bugs/00000000000017ad3f06040bf394%40google.com">554d</a>
				
			</td>
			
			
			
				<td class="patched" title="net/sched: fq_pie: avoid stalls in fq_pie_timer()">23/28</td>
			
			
				<td class="status">
					
						<a href="https://groups.google.com/d/msgid/syzkaller-bugs/00000000000017ad3f06040bf394%40google.com">fixed on 2023/10/12 12:48</a>
					
				</td>
			
			
		</tr>
	
	</tbody>
</table>



			
			
			
			
		</div>
	</div>
	
	<div class="collapsible collapsible-hide">
		<div class="head">
			<span class="show-icon">&#9654;</span>
			<span class="hide-icon">&#9660;</span>
			<span>Last patch testing requests (5)</span>
		</div>
		<div class="content">
			
			

	<table class="list_table">
		<caption id="jobs"><a class="plain" href="#jobs"></a></caption>
		<thead>
		<tr>
			
			<th>Created</th>
			<th>Duration</th>
			<th>User</th>
			<th>Patch</th>
			<th>Repo</th>
			
			<th>Result</th>
		</tr>
		</thead>
		<tbody>
		
			<tr>
				
				<td class="time">2025/02/04 06:58</td>
				<td class="time" title="started: 2025/02/04 06:58&#013;finished: 2025/02/04 07:24">
					26m
				</td>
				<td>
					
						retest repro
					
				</td>
				<td></td>
				<td class="kernel" title="linux-next"><a href="https://git.kernel.org/pub/scm/linux/kernel/git/next/linux-next.git/commit/?id=40b8e93e17bff4a4e0cc129e04f9fdf5daa5397e">linux-next</a></td>
				
				<td class="result">
					
						<a href="https://syzkaller.appspot.com/x/report.txt?x=15f24f64580000">report</a>
					
					
					
						<a href="https://syzkaller.appspot.com/x/log.txt?x=11f24f64580000">log</a>
					
					
					
				</td>
			</tr>
		
			<tr>
				
				<td class="time">2024/11/25 22:34</td>
				<td class="time" title="started: 2024/11/25 22:34&#013;finished: 2024/11/25 23:01">
					26m
				</td>
				<td>
					
						retest repro
					
				</td>
				<td></td>
				<td class="kernel" title="linux-next"><a href="https://git.kernel.org/pub/scm/linux/kernel/git/next/linux-next.git/commit/?id=85a2dd7d7c8152cb125712a1ecae1d0a6ccac250">linux-next</a></td>
				
				<td class="result">
					
						<a href="https://syzkaller.appspot.com/x/report.txt?x=13c7e5c0580000">report</a>
					
					
					
						<a href="https://syzkaller.appspot.com/x/log.txt?x=15c7e5c0580000">log</a>
					
					
					
				</td>
			</tr>
		
			<tr>
				
				<td class="time">2024/09/16 18:53</td>
				<td class="time" title="started: 2024/09/16 18:53&#013;finished: 2024/09/16 19:14">
					21m
				</td>
				<td>
					
						retest repro
					
				</td>
				<td></td>
				<td class="kernel" title="linux-next"><a href="https://git.kernel.org/pub/scm/linux/kernel/git/next/linux-next.git/commit/?id=7083504315d64199a329de322fce989e1e10f4f7">linux-next</a></td>
				
				<td class="result">
					
						<a href="https://syzkaller.appspot.com/x/report.txt?x=157ea8a9980000">report</a>
					
					
					
						<a href="https://syzkaller.appspot.com/x/log.txt?x=117ea8a9980000">log</a>
					
					
					
				</td>
			</tr>
		
			<tr>
				
				<td class="time">2024/07/08 15:53</td>
				<td class="time" title="started: 2024/07/08 15:53&#013;finished: 2024/07/08 16:25">
					32m
				</td>
				<td>
					
						retest repro
					
				</td>
				<td></td>
				<td class="kernel" title="linux-next"><a href="https://git.kernel.org/pub/scm/linux/kernel/git/next/linux-next.git/commit/?id=0b58e108042b0ed28a71cd7edf5175999955b233">linux-next</a></td>
				
				<td class="result">
					
						<a href="https://syzkaller.appspot.com/x/report.txt?x=15f0b031980000">report</a>
					
					
					
						<a href="https://syzkaller.appspot.com/x/log.txt?x=11f0b031980000">log</a>
					
					
					
				</td>
			</tr>
		
			<tr>
				
				<td class="time">2024/04/29 03:56</td>
				<td class="time" title="started: 2024/04/29 03:56&#013;finished: 2024/04/29 04:19">
					22m
				</td>
				<td>
					
						retest repro
					
				</td>
				<td></td>
				<td class="kernel" title="linux-next"><a href="https://git.kernel.org/pub/scm/linux/kernel/git/next/linux-next.git/commit/?id=bb7a2467e6beef44a80a17d45ebf2931e7631083">linux-next</a></td>
				
				<td class="result">
					
						<a href="https://syzkaller.appspot.com/x/report.txt?x=11dd80a7180000">report</a>
					
					
					
						<a href="https://syzkaller.appspot.com/x/log.txt?x=16dd80a7180000">log</a>
					
					
					
				</td>
			</tr>
		
		</tbody>
	</table>


			
			
			
		</div>
	</div>
	

	
	<br><b>Sample crash report:</b><br>
	<div id="crash_div"><pre>Total swap = 0kB
2097051 pages RAM
0 pages HighMem/MovableOnly
400839 pages reserved
0 pages cma reserved
rcu: INFO: rcu_preempt detected stalls on CPUs/tasks:
rcu: 	Tasks blocked on level-0 rcu_node (CPUs 0-1):
 P5112/1:b..l

rcu: 	(detected by 1, t=10504 jiffies, g=5477, q=222 ncpus=2)
task:udevd           state:R
  running task     stack:23024 pid:5112  tgid:5112  ppid:4540   flags:0x00000002
Call Trace:
 &lt;TASK&gt;
 context_switch <a href='https://git.kernel.org/pub/scm/linux/kernel/git/next/linux-next.git/tree/kernel/sched/core.c?id=9ed46da14b9b9b2ad4edb3b0c545b6dbe5c00d39#n5409'>kernel/sched/core.c:5409</a> [inline]
 __schedule+0x17e8/0x4a50 <a href='https://git.kernel.org/pub/scm/linux/kernel/git/next/linux-next.git/tree/kernel/sched/core.c?id=9ed46da14b9b9b2ad4edb3b0c545b6dbe5c00d39#n6746'>kernel/sched/core.c:6746</a>
 preempt_schedule_notrace+0x100/0x140 <a href='https://git.kernel.org/pub/scm/linux/kernel/git/next/linux-next.git/tree/kernel/sched/core.c?id=9ed46da14b9b9b2ad4edb3b0c545b6dbe5c00d39#n7018'>kernel/sched/core.c:7018</a>
 preempt_schedule_notrace_thunk+0x1a/0x30 <a href='https://git.kernel.org/pub/scm/linux/kernel/git/next/linux-next.git/tree/arch/x86/entry/thunk.S?id=9ed46da14b9b9b2ad4edb3b0c545b6dbe5c00d39#n13'>arch/x86/entry/thunk.S:13</a>
 rcu_is_watching+0x7e/0xb0 <a href='https://git.kernel.org/pub/scm/linux/kernel/git/next/linux-next.git/tree/kernel/rcu/tree.c?id=9ed46da14b9b9b2ad4edb3b0c545b6dbe5c00d39#n726'>kernel/rcu/tree.c:726</a>
 trace_lock_release <a href='https://git.kernel.org/pub/scm/linux/kernel/git/next/linux-next.git/tree/include/trace/events/lock.h?id=9ed46da14b9b9b2ad4edb3b0c545b6dbe5c00d39#n69'>include/trace/events/lock.h:69</a> [inline]
 lock_release+0xbf/0x9f0 <a href='https://git.kernel.org/pub/scm/linux/kernel/git/next/linux-next.git/tree/kernel/locking/lockdep.c?id=9ed46da14b9b9b2ad4edb3b0c545b6dbe5c00d39#n5765'>kernel/locking/lockdep.c:5765</a>
 rcu_lock_release <a href='https://git.kernel.org/pub/scm/linux/kernel/git/next/linux-next.git/tree/include/linux/rcupdate.h?id=9ed46da14b9b9b2ad4edb3b0c545b6dbe5c00d39#n339'>include/linux/rcupdate.h:339</a> [inline]
 rcu_read_unlock <a href='https://git.kernel.org/pub/scm/linux/kernel/git/next/linux-next.git/tree/include/linux/rcupdate.h?id=9ed46da14b9b9b2ad4edb3b0c545b6dbe5c00d39#n872'>include/linux/rcupdate.h:872</a> [inline]
 is_bpf_text_address+0x280/0x2a0 <a href='https://git.kernel.org/pub/scm/linux/kernel/git/next/linux-next.git/tree/kernel/bpf/core.c?id=9ed46da14b9b9b2ad4edb3b0c545b6dbe5c00d39#n769'>kernel/bpf/core.c:769</a>
 kernel_text_address+0xa7/0xe0 <a href='https://git.kernel.org/pub/scm/linux/kernel/git/next/linux-next.git/tree/kernel/extable.c?id=9ed46da14b9b9b2ad4edb3b0c545b6dbe5c00d39#n125'>kernel/extable.c:125</a>
 __kernel_text_address+0xd/0x40 <a href='https://git.kernel.org/pub/scm/linux/kernel/git/next/linux-next.git/tree/kernel/extable.c?id=9ed46da14b9b9b2ad4edb3b0c545b6dbe5c00d39#n79'>kernel/extable.c:79</a>
 unwind_get_return_address+0x5d/0xc0 <a href='https://git.kernel.org/pub/scm/linux/kernel/git/next/linux-next.git/tree/arch/x86/kernel/unwind_orc.c?id=9ed46da14b9b9b2ad4edb3b0c545b6dbe5c00d39#n369'>arch/x86/kernel/unwind_orc.c:369</a>
 arch_stack_walk+0x125/0x1b0 <a href='https://git.kernel.org/pub/scm/linux/kernel/git/next/linux-next.git/tree/arch/x86/kernel/stacktrace.c?id=9ed46da14b9b9b2ad4edb3b0c545b6dbe5c00d39#n26'>arch/x86/kernel/stacktrace.c:26</a>
 stack_trace_save+0x118/0x1d0 <a href='https://git.kernel.org/pub/scm/linux/kernel/git/next/linux-next.git/tree/kernel/stacktrace.c?id=9ed46da14b9b9b2ad4edb3b0c545b6dbe5c00d39#n122'>kernel/stacktrace.c:122</a>
 kasan_save_stack <a href='https://git.kernel.org/pub/scm/linux/kernel/git/next/linux-next.git/tree/mm/kasan/common.c?id=9ed46da14b9b9b2ad4edb3b0c545b6dbe5c00d39#n47'>mm/kasan/common.c:47</a> [inline]
 kasan_save_track+0x3f/0x80 <a href='https://git.kernel.org/pub/scm/linux/kernel/git/next/linux-next.git/tree/mm/kasan/common.c?id=9ed46da14b9b9b2ad4edb3b0c545b6dbe5c00d39#n68'>mm/kasan/common.c:68</a>
 unpoison_slab_object <a href='https://git.kernel.org/pub/scm/linux/kernel/git/next/linux-next.git/tree/mm/kasan/common.c?id=9ed46da14b9b9b2ad4edb3b0c545b6dbe5c00d39#n312'>mm/kasan/common.c:312</a> [inline]
 __kasan_slab_alloc+0x66/0x80 <a href='https://git.kernel.org/pub/scm/linux/kernel/git/next/linux-next.git/tree/mm/kasan/common.c?id=9ed46da14b9b9b2ad4edb3b0c545b6dbe5c00d39#n338'>mm/kasan/common.c:338</a>
 kasan_slab_alloc <a href='https://git.kernel.org/pub/scm/linux/kernel/git/next/linux-next.git/tree/include/linux/kasan.h?id=9ed46da14b9b9b2ad4edb3b0c545b6dbe5c00d39#n201'>include/linux/kasan.h:201</a> [inline]
 slab_post_alloc_hook <a href='https://git.kernel.org/pub/scm/linux/kernel/git/next/linux-next.git/tree/mm/slub.c?id=9ed46da14b9b9b2ad4edb3b0c545b6dbe5c00d39#n3897'>mm/slub.c:3897</a> [inline]
 slab_alloc_node <a href='https://git.kernel.org/pub/scm/linux/kernel/git/next/linux-next.git/tree/mm/slub.c?id=9ed46da14b9b9b2ad4edb3b0c545b6dbe5c00d39#n3957'>mm/slub.c:3957</a> [inline]
 kmem_cache_alloc_noprof+0x135/0x290 <a href='https://git.kernel.org/pub/scm/linux/kernel/git/next/linux-next.git/tree/mm/slub.c?id=9ed46da14b9b9b2ad4edb3b0c545b6dbe5c00d39#n3964'>mm/slub.c:3964</a>
 getname_flags+0xbd/0x4f0 <a href='https://git.kernel.org/pub/scm/linux/kernel/git/next/linux-next.git/tree/fs/namei.c?id=9ed46da14b9b9b2ad4edb3b0c545b6dbe5c00d39#n139'>fs/namei.c:139</a>
 user_path_at_empty+0x2c/0x60 <a href='https://git.kernel.org/pub/scm/linux/kernel/git/next/linux-next.git/tree/fs/namei.c?id=9ed46da14b9b9b2ad4edb3b0c545b6dbe5c00d39#n2920'>fs/namei.c:2920</a>
 do_readlinkat+0x118/0x3b0 <a href='https://git.kernel.org/pub/scm/linux/kernel/git/next/linux-next.git/tree/fs/stat.c?id=9ed46da14b9b9b2ad4edb3b0c545b6dbe5c00d39#n499'>fs/stat.c:499</a>
 __do_sys_readlink <a href='https://git.kernel.org/pub/scm/linux/kernel/git/next/linux-next.git/tree/fs/stat.c?id=9ed46da14b9b9b2ad4edb3b0c545b6dbe5c00d39#n532'>fs/stat.c:532</a> [inline]
 __se_sys_readlink <a href='https://git.kernel.org/pub/scm/linux/kernel/git/next/linux-next.git/tree/fs/stat.c?id=9ed46da14b9b9b2ad4edb3b0c545b6dbe5c00d39#n529'>fs/stat.c:529</a> [inline]
 __x64_sys_readlink+0x7f/0x90 <a href='https://git.kernel.org/pub/scm/linux/kernel/git/next/linux-next.git/tree/fs/stat.c?id=9ed46da14b9b9b2ad4edb3b0c545b6dbe5c00d39#n529'>fs/stat.c:529</a>
 do_syscall_x64 <a href='https://git.kernel.org/pub/scm/linux/kernel/git/next/linux-next.git/tree/arch/x86/entry/common.c?id=9ed46da14b9b9b2ad4edb3b0c545b6dbe5c00d39#n74'>arch/x86/entry/common.c:74</a> [inline]
 do_syscall_64+0xfa/0x250 <a href='https://git.kernel.org/pub/scm/linux/kernel/git/next/linux-next.git/tree/arch/x86/entry/common.c?id=9ed46da14b9b9b2ad4edb3b0c545b6dbe5c00d39#n105'>arch/x86/entry/common.c:105</a>
 entry_SYSCALL_64_after_hwframe+0x77/0x7f
RIP: 0033:0x7fb17ad17d47
RSP: 002b:00007ffec561b8e8 EFLAGS: 00000246
 ORIG_RAX: 0000000000000059
RAX: ffffffffffffffda RBX: 00007ffec561b8f8 RCX: 00007fb17ad17d47
RDX: 0000000000000400 RSI: 00007ffec561b8f8 RDI: 00007ffec561bdd8
RBP: 0000000000000400 R08: 00007ffec561c61c R09: 0000000000000000
R10: 0000000000000010 R11: 0000000000000246 R12: 00007ffec561bdd8
R13: 00007ffec561bd48 R14: 00005586f0f47910 R15: 00005586d5ea8a04
 &lt;/TASK&gt;
rcu: rcu_preempt kthread starved for 10502 jiffies! g5477 f0x0 RCU_GP_WAIT_FQS(5) -&gt;state=0x0 -&gt;cpu=1
rcu: 	Unless rcu_preempt kthread gets sufficient CPU time, OOM is now expected behavior.
rcu: RCU grace-period kthread stack dump:
task:rcu_preempt     state:R
  running task     stack:24880 pid:17    tgid:17    ppid:2      flags:0x00004000
Call Trace:
 &lt;TASK&gt;
 context_switch <a href='https://git.kernel.org/pub/scm/linux/kernel/git/next/linux-next.git/tree/kernel/sched/core.c?id=9ed46da14b9b9b2ad4edb3b0c545b6dbe5c00d39#n5409'>kernel/sched/core.c:5409</a> [inline]
 __schedule+0x17e8/0x4a50 <a href='https://git.kernel.org/pub/scm/linux/kernel/git/next/linux-next.git/tree/kernel/sched/core.c?id=9ed46da14b9b9b2ad4edb3b0c545b6dbe5c00d39#n6746'>kernel/sched/core.c:6746</a>
 __schedule_loop <a href='https://git.kernel.org/pub/scm/linux/kernel/git/next/linux-next.git/tree/kernel/sched/core.c?id=9ed46da14b9b9b2ad4edb3b0c545b6dbe5c00d39#n6823'>kernel/sched/core.c:6823</a> [inline]
 schedule+0x14b/0x320 <a href='https://git.kernel.org/pub/scm/linux/kernel/git/next/linux-next.git/tree/kernel/sched/core.c?id=9ed46da14b9b9b2ad4edb3b0c545b6dbe5c00d39#n6838'>kernel/sched/core.c:6838</a>
 schedule_timeout+0x1be/0x310 <a href='https://git.kernel.org/pub/scm/linux/kernel/git/next/linux-next.git/tree/kernel/time/timer.c?id=9ed46da14b9b9b2ad4edb3b0c545b6dbe5c00d39#n2582'>kernel/time/timer.c:2582</a>
 rcu_gp_fqs_loop+0x2df/0x1370 <a href='https://git.kernel.org/pub/scm/linux/kernel/git/next/linux-next.git/tree/kernel/rcu/tree.c?id=9ed46da14b9b9b2ad4edb3b0c545b6dbe5c00d39#n2030'>kernel/rcu/tree.c:2030</a>
 rcu_gp_kthread+0xa7/0x3b0 <a href='https://git.kernel.org/pub/scm/linux/kernel/git/next/linux-next.git/tree/kernel/rcu/tree.c?id=9ed46da14b9b9b2ad4edb3b0c545b6dbe5c00d39#n2232'>kernel/rcu/tree.c:2232</a>
 kthread+0x2f0/0x390 <a href='https://git.kernel.org/pub/scm/linux/kernel/git/next/linux-next.git/tree/kernel/kthread.c?id=9ed46da14b9b9b2ad4edb3b0c545b6dbe5c00d39#n389'>kernel/kthread.c:389</a>
 ret_from_fork+0x4b/0x80 <a href='https://git.kernel.org/pub/scm/linux/kernel/git/next/linux-next.git/tree/arch/x86/kernel/process.c?id=9ed46da14b9b9b2ad4edb3b0c545b6dbe5c00d39#n147'>arch/x86/kernel/process.c:147</a>
 ret_from_fork_asm+0x1a/0x30 <a href='https://git.kernel.org/pub/scm/linux/kernel/git/next/linux-next.git/tree/arch/x86/entry/entry_64.S?id=9ed46da14b9b9b2ad4edb3b0c545b6dbe5c00d39#n244'>arch/x86/entry/entry_64.S:244</a>
 &lt;/TASK&gt;
rcu: Stack dump where RCU GP kthread last ran:
CPU: 1 PID: 4540 Comm: udevd Not tainted 6.9.0-rc3-next-20240412-syzkaller #0
Hardware name: Google Google Compute Engine/Google Compute Engine, BIOS Google 03/27/2024
RIP: 0010:__raw_spin_unlock_irqrestore <a href='https://git.kernel.org/pub/scm/linux/kernel/git/next/linux-next.git/tree/include/linux/spinlock_api_smp.h?id=9ed46da14b9b9b2ad4edb3b0c545b6dbe5c00d39#n152'>include/linux/spinlock_api_smp.h:152</a> [inline]
RIP: 0010:_raw_spin_unlock_irqrestore+0xd8/0x140 <a href='https://git.kernel.org/pub/scm/linux/kernel/git/next/linux-next.git/tree/kernel/locking/spinlock.c?id=9ed46da14b9b9b2ad4edb3b0c545b6dbe5c00d39#n194'>kernel/locking/spinlock.c:194</a>
Code: 9c 8f 44 24 20 42 80 3c 23 00 74 08 4c 89 f7 e8 ae 28 6c f6 f6 44 24 21 02 75 52 41 f7 c7 00 02 00 00 74 01 fb bf 01 00 00 00 &lt;e8&gt; 23 50 d6 f5 65 8b 05 84 47 74 74 85 c0 74 43 48 c7 04 24 0e 36
RSP: 0018:ffffc90000a18b20 EFLAGS: 00000206

RAX: 3fe8bac19e004400 RBX: 1ffff92000143168 RCX: ffffffff81731f5a
RDX: dffffc0000000000 RSI: ffffffff8bcad2a0 RDI: 0000000000000001
RBP: ffffc90000a18bb0 R08: ffffffff92f73677 R09: 1ffffffff25ee6ce
R10: dffffc0000000000 R11: fffffbfff25ee6cf R12: dffffc0000000000
R13: 1ffff92000143164 R14: ffffc90000a18b40 R15: 0000000000000246
FS:  00007fb17b114c80(0000) GS:ffff8880b9500000(0000) knlGS:0000000000000000
CS:  0010 DS: 0000 ES: 0000 CR0: 0000000080050033
CR2: 00005586d5ec3048 CR3: 0000000077262000 CR4: 00000000003506f0
DR0: 0000000000000000 DR1: 0000000000000000 DR2: 0000000000000000
DR3: 0000000000000000 DR6: 00000000fffe0ff0 DR7: 0000000000000400
Call Trace:
 &lt;IRQ&gt;
 call_timer_fn+0x18e/0x650 <a href='https://git.kernel.org/pub/scm/linux/kernel/git/next/linux-next.git/tree/kernel/time/timer.c?id=9ed46da14b9b9b2ad4edb3b0c545b6dbe5c00d39#n1793'>kernel/time/timer.c:1793</a>
 expire_timers <a href='https://git.kernel.org/pub/scm/linux/kernel/git/next/linux-next.git/tree/kernel/time/timer.c?id=9ed46da14b9b9b2ad4edb3b0c545b6dbe5c00d39#n1844'>kernel/time/timer.c:1844</a> [inline]
 __run_timers <a href='https://git.kernel.org/pub/scm/linux/kernel/git/next/linux-next.git/tree/kernel/time/timer.c?id=9ed46da14b9b9b2ad4edb3b0c545b6dbe5c00d39#n2418'>kernel/time/timer.c:2418</a> [inline]
 __run_timer_base+0x66a/0x8e0 <a href='https://git.kernel.org/pub/scm/linux/kernel/git/next/linux-next.git/tree/kernel/time/timer.c?id=9ed46da14b9b9b2ad4edb3b0c545b6dbe5c00d39#n2429'>kernel/time/timer.c:2429</a>
 run_timer_base <a href='https://git.kernel.org/pub/scm/linux/kernel/git/next/linux-next.git/tree/kernel/time/timer.c?id=9ed46da14b9b9b2ad4edb3b0c545b6dbe5c00d39#n2438'>kernel/time/timer.c:2438</a> [inline]
 run_timer_softirq+0xb7/0x170 <a href='https://git.kernel.org/pub/scm/linux/kernel/git/next/linux-next.git/tree/kernel/time/timer.c?id=9ed46da14b9b9b2ad4edb3b0c545b6dbe5c00d39#n2448'>kernel/time/timer.c:2448</a>
 __do_softirq+0x2c6/0x980 <a href='https://git.kernel.org/pub/scm/linux/kernel/git/next/linux-next.git/tree/kernel/softirq.c?id=9ed46da14b9b9b2ad4edb3b0c545b6dbe5c00d39#n554'>kernel/softirq.c:554</a>
 invoke_softirq <a href='https://git.kernel.org/pub/scm/linux/kernel/git/next/linux-next.git/tree/kernel/softirq.c?id=9ed46da14b9b9b2ad4edb3b0c545b6dbe5c00d39#n428'>kernel/softirq.c:428</a> [inline]
 __irq_exit_rcu+0xf2/0x1c0 <a href='https://git.kernel.org/pub/scm/linux/kernel/git/next/linux-next.git/tree/kernel/softirq.c?id=9ed46da14b9b9b2ad4edb3b0c545b6dbe5c00d39#n633'>kernel/softirq.c:633</a>
 irq_exit_rcu+0x9/0x30 <a href='https://git.kernel.org/pub/scm/linux/kernel/git/next/linux-next.git/tree/kernel/softirq.c?id=9ed46da14b9b9b2ad4edb3b0c545b6dbe5c00d39#n645'>kernel/softirq.c:645</a>
 instr_sysvec_apic_timer_interrupt <a href='https://git.kernel.org/pub/scm/linux/kernel/git/next/linux-next.git/tree/arch/x86/kernel/apic/apic.c?id=9ed46da14b9b9b2ad4edb3b0c545b6dbe5c00d39#n1043'>arch/x86/kernel/apic/apic.c:1043</a> [inline]
 sysvec_apic_timer_interrupt+0xa6/0xc0 <a href='https://git.kernel.org/pub/scm/linux/kernel/git/next/linux-next.git/tree/arch/x86/kernel/apic/apic.c?id=9ed46da14b9b9b2ad4edb3b0c545b6dbe5c00d39#n1043'>arch/x86/kernel/apic/apic.c:1043</a>
 &lt;/IRQ&gt;
 &lt;TASK&gt;
 asm_sysvec_apic_timer_interrupt+0x1a/0x20 <a href='https://git.kernel.org/pub/scm/linux/kernel/git/next/linux-next.git/tree/arch/x86/include/asm/idtentry.h?id=9ed46da14b9b9b2ad4edb3b0c545b6dbe5c00d39#n702'>arch/x86/include/asm/idtentry.h:702</a>
RIP: 0010:__raw_spin_unlock_irqrestore <a href='https://git.kernel.org/pub/scm/linux/kernel/git/next/linux-next.git/tree/include/linux/spinlock_api_smp.h?id=9ed46da14b9b9b2ad4edb3b0c545b6dbe5c00d39#n152'>include/linux/spinlock_api_smp.h:152</a> [inline]
RIP: 0010:_raw_spin_unlock_irqrestore+0xd8/0x140 <a href='https://git.kernel.org/pub/scm/linux/kernel/git/next/linux-next.git/tree/kernel/locking/spinlock.c?id=9ed46da14b9b9b2ad4edb3b0c545b6dbe5c00d39#n194'>kernel/locking/spinlock.c:194</a>
Code: 9c 8f 44 24 20 42 80 3c 23 00 74 08 4c 89 f7 e8 ae 28 6c f6 f6 44 24 21 02 75 52 41 f7 c7 00 02 00 00 74 01 fb bf 01 00 00 00 &lt;e8&gt; 23 50 d6 f5 65 8b 05 84 47 74 74 85 c0 74 43 48 c7 04 24 0e 36
RSP: 0018:ffffc9000477fc60 EFLAGS: 00000206

RAX: 3fe8bac19e004400 RBX: 1ffff920008eff90 RCX: ffffffff9476b703
RDX: dffffc0000000000 RSI: ffffffff8bcad2a0 RDI: 0000000000000001
RBP: ffffc9000477fcf0 R08: ffffffff8fabe6af R09: 1ffffffff1f57cd5
R10: dffffc0000000000 R11: fffffbfff1f57cd6 R12: dffffc0000000000
R13: 1ffff920008eff8c R14: ffffc9000477fc80 R15: 0000000000000246
 __debug_check_no_obj_freed <a href='https://git.kernel.org/pub/scm/linux/kernel/git/next/linux-next.git/tree/lib/debugobjects.c?id=9ed46da14b9b9b2ad4edb3b0c545b6dbe5c00d39#n998'>lib/debugobjects.c:998</a> [inline]
 debug_check_no_obj_freed+0x561/0x580 <a href='https://git.kernel.org/pub/scm/linux/kernel/git/next/linux-next.git/tree/lib/debugobjects.c?id=9ed46da14b9b9b2ad4edb3b0c545b6dbe5c00d39#n1019'>lib/debugobjects.c:1019</a>
 slab_free_hook <a href='https://git.kernel.org/pub/scm/linux/kernel/git/next/linux-next.git/tree/mm/slub.c?id=9ed46da14b9b9b2ad4edb3b0c545b6dbe5c00d39#n2162'>mm/slub.c:2162</a> [inline]
 slab_free <a href='https://git.kernel.org/pub/scm/linux/kernel/git/next/linux-next.git/tree/mm/slub.c?id=9ed46da14b9b9b2ad4edb3b0c545b6dbe5c00d39#n4393'>mm/slub.c:4393</a> [inline]
 kmem_cache_free+0x10f/0x340 <a href='https://git.kernel.org/pub/scm/linux/kernel/git/next/linux-next.git/tree/mm/slub.c?id=9ed46da14b9b9b2ad4edb3b0c545b6dbe5c00d39#n4468'>mm/slub.c:4468</a>
 file_free+0x24/0x1f0 <a href='https://git.kernel.org/pub/scm/linux/kernel/git/next/linux-next.git/tree/fs/file_table.c?id=9ed46da14b9b9b2ad4edb3b0c545b6dbe5c00d39#n65'>fs/file_table.c:65</a>
 __do_sys_close <a href='https://git.kernel.org/pub/scm/linux/kernel/git/next/linux-next.git/tree/fs/open.c?id=9ed46da14b9b9b2ad4edb3b0c545b6dbe5c00d39#n1556'>fs/open.c:1556</a> [inline]
 __se_sys_close <a href='https://git.kernel.org/pub/scm/linux/kernel/git/next/linux-next.git/tree/fs/open.c?id=9ed46da14b9b9b2ad4edb3b0c545b6dbe5c00d39#n1541'>fs/open.c:1541</a> [inline]
 __x64_sys_close+0x7f/0x110 <a href='https://git.kernel.org/pub/scm/linux/kernel/git/next/linux-next.git/tree/fs/open.c?id=9ed46da14b9b9b2ad4edb3b0c545b6dbe5c00d39#n1541'>fs/open.c:1541</a>
 do_syscall_x64 <a href='https://git.kernel.org/pub/scm/linux/kernel/git/next/linux-next.git/tree/arch/x86/entry/common.c?id=9ed46da14b9b9b2ad4edb3b0c545b6dbe5c00d39#n74'>arch/x86/entry/common.c:74</a> [inline]
 do_syscall_64+0xfa/0x250 <a href='https://git.kernel.org/pub/scm/linux/kernel/git/next/linux-next.git/tree/arch/x86/entry/common.c?id=9ed46da14b9b9b2ad4edb3b0c545b6dbe5c00d39#n105'>arch/x86/entry/common.c:105</a>
 entry_SYSCALL_64_after_hwframe+0x77/0x7f
RIP: 0033:0x7fb17ad170a8
Code: 48 8b 05 83 9d 0d 00 64 c7 00 16 00 00 00 83 c8 ff 48 83 c4 20 5b c3 64 8b 04 25 18 00 00 00 85 c0 75 20 b8 03 00 00 00 0f 05 &lt;48&gt; 3d 00 f0 ff ff 76 5b 48 8b 15 51 9d 0d 00 f7 d8 64 89 02 48 83
RSP: 002b:00007ffec56214e8 EFLAGS: 00000246
 ORIG_RAX: 0000000000000003
RAX: ffffffffffffffda RBX: 00007fb17b114ae0 RCX: 00007fb17ad170a8
RDX: 0000000000000000 RSI: 0000000000000000 RDI: 000000000000000c
RBP: 000000000000000c R08: 00000000ffffffff R09: 0000000000000000
R10: 0000000000000000 R11: 0000000000000246 R12: 0000000000000002
R13: ffffffffffffffff R14: 00000000ffffffff R15: 00000000ffffffff
 &lt;/TASK&gt;
Mem-Info:
active_anon:3219 inactive_anon:0 isolated_anon:0
 active_file:0 inactive_file:14600 isolated_file:0
 unevictable:768 dirty:215 writeback:0
 slab_reclaimable:7620 slab_unreclaimable:77925
 mapped:2039 shmem:1251 pagetables:497
 sec_pagetables:0 bounce:0
 kernel_misc_reclaimable:0
 free:1496034 free_pcp:915 free_cma:0
Node 0 active_anon:12876kB inactive_anon:0kB active_file:0kB inactive_file:58332kB unevictable:1536kB isolated(anon):0kB isolated(file):0kB mapped:8156kB dirty:856kB writeback:0kB shmem:3468kB shmem_thp:0kB shmem_pmdmapped:0kB anon_thp:0kB writeback_tmp:0kB kernel_stack:8544kB pagetables:1988kB sec_pagetables:0kB all_unreclaimable? no
Node 1 active_anon:0kB inactive_anon:0kB active_file:0kB inactive_file:68kB unevictable:1536kB isolated(anon):0kB isolated(file):0kB mapped:0kB dirty:4kB writeback:0kB shmem:1536kB shmem_thp:0kB shmem_pmdmapped:0kB anon_thp:0kB writeback_tmp:0kB kernel_stack:16kB pagetables:0kB sec_pagetables:0kB all_unreclaimable? no
Node 0 DMA free:15360kB boost:0kB min:204kB low:252kB high:300kB reserved_highatomic:0KB active_anon:0kB inactive_anon:0kB active_file:0kB inactive_file:0kB unevictable:0kB writepending:0kB present:15992kB managed:15360kB mlocked:0kB bounce:0kB free_pcp:0kB local_pcp:0kB free_cma:0kB
lowmem_reserve[]: 0 2571 2571 0 0
Node 0 DMA32 free:2022004kB boost:0kB min:35108kB low:43884kB high:52660kB reserved_highatomic:0KB active_anon:12840kB inactive_anon:0kB active_file:0kB inactive_file:58008kB unevictable:1536kB writepending:852kB present:3129332kB managed:2660008kB mlocked:0kB bounce:0kB free_pcp:3660kB local_pcp:1220kB free_cma:0kB
lowmem_reserve[]: 0 0 0 0 0
Node 0 Normal free:0kB boost:0kB min:4kB low:4kB high:4kB reserved_highatomic:0KB active_anon:36kB inactive_anon:0kB active_file:0kB inactive_file:324kB unevictable:0kB writepending:4kB present:1048576kB managed:360kB mlocked:0kB bounce:0kB free_pcp:0kB local_pcp:0kB free_cma:0kB
lowmem_reserve[]: 0 0 0 0 0
Node 1 Normal free:3946772kB boost:0kB min:54788kB low:68484kB high:82180kB reserved_highatomic:0KB active_anon:0kB inactive_anon:0kB active_file:0kB inactive_file:68kB unevictable:1536kB writepending:4kB present:4194304kB managed:4109120kB mlocked:0kB bounce:0kB free_pcp:0kB local_pcp:0kB free_cma:0kB
lowmem_reserve[]: 0 0 0 0 0
Node 0 DMA: 0*4kB 0*8kB 0*16kB 0*32kB 0*64kB 0*128kB 0*256kB 0*512kB 1*1024kB (U) 1*2048kB (M) 3*4096kB (M) = 15360kB
Node 0 DMA32: 73*4kB (UM) 66*8kB (UM) 1*16kB (E) 11*32kB (UM) 0*64kB 1*128kB (M) 1*256kB (M) 2*512kB (UM) 2*1024kB (ME) 1*2048kB (U) 492*4096kB (M) = 2021924kB
Node 0 Normal: 0*4kB 0*8kB 0*16kB 0*32kB 0*64kB 0*128kB 0*256kB 0*512kB 0*1024kB 0*2048kB 0*4096kB = 0kB
Node 1 Normal: 5*4kB (U) 4*8kB (U) 4*16kB (U) 5*32kB (U) 8*64kB (UM) 4*128kB (U) 2*256kB (UM) 3*512kB (UM) 1*1024kB (U) 3*2048kB (UM) 961*4096kB (M) = 3946772kB
Node 0 hugepages_total=0 hugepages_free=0 hugepages_surp=0 hugepages_size=1048576kB
Node 0 hugepages_total=2 hugepages_free=2 hugepages_surp=0 hugepages_size=2048kB
Node 1 hugepages_total=0 hugepages_free=0 hugepages_surp=0 hugepages_size=1048576kB
Node 1 hugepages_total=2 hugepages_free=2 hugepages_surp=0 hugepages_size=2048kB
15851 total pagecache pages
0 pages in swap cache
Free swap  = 0kB
Total swap = 0kB
2097051 pages RAM
0 pages HighMem/MovableOnly
400839 pages reserved
0 pages cma reserved
Mem-Info:
active_anon:3219 inactive_anon:0 isolated_anon:0
 active_file:0 inactive_file:14600 isolated_file:0
 unevictable:768 dirty:215 writeback:0
 slab_reclaimable:7620 slab_unreclaimable:77925
 mapped:2039 shmem:1251 pagetables:497
 sec_pagetables:0 bounce:0
 kernel_misc_reclaimable:0
 free:1496034 free_pcp:915 free_cma:0
Node 0 active_anon:12876kB inactive_anon:0kB active_file:0kB inactive_file:58332kB unevictable:1536kB isolated(anon):0kB isolated(file):0kB mapped:8156kB dirty:856kB writeback:0kB shmem:3468kB shmem_thp:0kB shmem_pmdmapped:0kB anon_thp:0kB writeback_tmp:0kB kernel_stack:8544kB pagetables:1988kB sec_pagetables:0kB all_unreclaimable? no
Node 1 active_anon:0kB inactive_anon:0kB active_file:0kB inactive_file:68kB unevictable:1536kB isolated(anon):0kB isolated(file):0kB mapped:0kB dirty:4kB writeback:0kB shmem:1536kB shmem_thp:0kB shmem_pmdmapped:0kB anon_thp:0kB writeback_tmp:0kB kernel_stack:16kB pagetables:0kB sec_pagetables:0kB all_unreclaimable? no
Node 0 DMA free:15360kB boost:0kB min:204kB low:252kB high:300kB reserved_highatomic:0KB active_anon:0kB inactive_anon:0kB active_file:0kB inactive_file:0kB unevictable:0kB writepending:0kB present:15992kB managed:15360kB mlocked:0kB bounce:0kB free_pcp:0kB local_pcp:0kB free_cma:0kB
lowmem_reserve[]: 0 2571 2571 0 0
Node 0 DMA32 free:2022004kB boost:0kB min:35108kB low:43884kB high:52660kB reserved_highatomic:0KB active_anon:12840kB inactive_anon:0kB active_file:0kB inactive_file:58008kB unevictable:1536kB writepending:852kB present:3129332kB managed:2660008kB mlocked:0kB bounce:0kB free_pcp:3660kB local_pcp:1220kB free_cma:0kB
lowmem_reserve[]: 0 0 0 0 0
Node 0 Normal free:0kB boost:0kB min:4kB low:4kB high:4kB reserved_highatomic:0KB active_anon:36kB inactive_anon:0kB active_file:0kB inactive_file:324kB unevictable:0kB writepending:4kB present:1048576kB managed:360kB mlocked:0kB bounce:0kB free_pcp:0kB local_pcp:0kB free_cma:0kB
lowmem_reserve[]: 0 0 0 0 0
Node 1 Normal free:3946772kB boost:0kB min:54788kB low:68484kB high:82180kB reserved_highatomic:0KB active_anon:0kB inactive_anon:0kB active_file:0kB inactive_file:68kB unevictable:1536kB writepending:4kB present:4194304kB managed:4109120kB mlocked:0kB bounce:0kB free_pcp:0kB local_pcp:0kB free_cma:0kB
lowmem_reserve[]: 0 0 0 0 0
Node 0 DMA: 0*4kB 0*8kB 0*16kB 0*32kB 0*64kB 0*128kB 0*256kB 0*512kB 1*1024kB (U) 1*2048kB (M) 3*4096kB (M) = 15360kB
Node 0 DMA32: 73*4kB (UM) 66*8kB (UM) 1*16kB (E) 11*32kB (UM) 0*64kB 1*128kB (M) 1*256kB (M) 2*512kB (UM) 2*1024kB (ME) 1*2048kB (U) 492*4096kB (M) = 2021924kB
Node 0 Normal: 0*4kB 0*8kB 0*16kB 0*32kB 0*64kB 0*128kB 0*256kB 0*512kB 0*1024kB 0*2048kB 0*4096kB = 0kB
Node 1 Normal: 5*4kB (U) 4*8kB (U) 4*16kB (U) 5*32kB (U) 8*64kB (UM) 4*128kB (U) 2*256kB (UM) 3*512kB (UM) 1*1024kB (U) 3*2048kB (UM) 961*4096kB (M) = 3946772kB
Node 0 hugepages_total=0 hugepages_free=0 hugepages_surp=0 hugepages_size=1048576kB
Node 0 hugepages_total=2 hugepages_free=2 hugepages_surp=0 hugepages_size=2048kB
Node 1 hugepages_total=0 hugepages_free=0 hugepages_surp=0 hugepages_size=1048576kB
Node 1 hugepages_total=2 hugepages_free=2 hugepages_surp=0 hugepages_size=2048kB
15851 total pagecache pages
0 pages in swap cache
Free swap  = 0kB
Total swap = 0kB
2097051 pages RAM
0 pages HighMem/MovableOnly
400839 pages reserved
0 pages cma reserved
Mem-Info:
active_anon:3223 inactive_anon:0 isolated_anon:0
 active_file:0 inactive_file:14602 isolated_file:0
 unevictable:768 dirty:15 writeback:200
 slab_reclaimable:7637 slab_unreclaimable:77900
 mapped:2039 shmem:1253 pagetables:508
 sec_pagetables:0 bounce:0
 kernel_misc_reclaimable:0
 free:1495958 free_pcp:992 free_cma:0
Node 0 active_anon:12892kB inactive_anon:0kB active_file:0kB inactive_file:58340kB unevictable:1536kB isolated(anon):0kB isolated(file):0kB mapped:8156kB dirty:56kB writeback:800kB shmem:3476kB shmem_thp:0kB shmem_pmdmapped:0kB anon_thp:0kB writeback_tmp:0kB kernel_stack:8560kB pagetables:2032kB sec_pagetables:0kB all_unreclaimable? no
Node 1 active_anon:0kB inactive_anon:0kB active_file:0kB inactive_file:68kB unevictable:1536kB isolated(anon):0kB isolated(file):0kB mapped:0kB dirty:4kB writeback:0kB shmem:1536kB shmem_thp:0kB shmem_pmdmapped:0kB anon_thp:0kB writeback_tmp:0kB kernel_stack:16kB pagetables:0kB sec_pagetables:0kB all_unreclaimable? no
Node 0 DMA free:15360kB boost:0kB min:204kB low:252kB high:300kB reserved_highatomic:0KB active_anon:0kB inactive_anon:0kB active_file:0kB inactive_file:0kB unevictable:0kB writepending:0kB present:15992kB managed:15360kB mlocked:0kB bounce:0kB free_pcp:0kB local_pcp:0kB free_cma:0kB
lowmem_reserve[]: 0 2571 2571 0 0
Node 0 DMA32 free:2021700kB boost:0kB min:35108kB low:43884kB high:52660kB reserved_highatomic:0KB active_anon:12856kB inactive_anon:0kB active_file:0kB inactive_file:58016kB unevictable:1536kB writepending:852kB present:3129332kB managed:2660008kB mlocked:0kB bounce:0kB free_pcp:3968kB local_pcp:1272kB free_cma:0kB
lowmem_reserve[]: 0 0 0 0 0
Node 0 Normal free:0kB boost:0kB min:4kB low:4kB high:4kB reserved_highatomic:0KB active_anon:36kB inactive_anon:0kB active_file:0kB inactive_file:324kB unevictable:0kB writepending:4kB present:1048576kB managed:360kB mlocked:0kB bounce:0kB free_pcp:0kB local_pcp:0kB free_cma:0kB
lowmem_reserve[]: 0 0 0 0 0
Node 1 Normal free:3946772kB boost:0kB min:54788kB low:68484kB high:82180kB reserved_highatomic:0KB active_anon:0kB inactive_anon:0kB active_file:0kB inactive_file:68kB unevictable:1536kB writepending:4kB present:4194304kB managed:4109120kB mlocked:0kB bounce:0kB free_pcp:0kB local_pcp:0kB free_cma:0kB
lowmem_reserve[]: 0 0 0 0 0
Node 0 DMA: 0*4kB 0*8kB 0*16kB 0*32kB 0*64kB 0*128kB 0*256kB 0*512kB 1*1024kB (U) 1*2048kB (M) 3*4096kB (M) = 15360kB
Node 0 DMA32: 73*4kB (UM) 66*8kB (UM) 1*16kB (E) 4*32kB (UM) 0*64kB 1*128kB (M) 1*256kB (M) 2*512kB (UM) 2*1024kB (ME) 1*2048kB (U) 492*4096kB (M) = 2021700kB
Node 0 Normal: 0*4kB 0*8kB 0*16kB 0*32kB 0*64kB 0*128kB 0*256kB 0*512kB 0*1024kB 0*2048kB 0*4096kB = 0kB
Node 1 Normal: 5*4kB (U) 4*8kB (U) 4*16kB (U) 5*32kB (U) 8*64kB (UM) 4*128kB (U) 2*256kB (UM) 3*512kB (UM) 1*1024kB (U) 3*2048kB (UM) 961*4096kB (M) = 3946772kB
Node 0 hugepages_total=0 hugepages_free=0 hugepages_surp=0 hugepages_size=1048576kB
Node 0 hugepages_total=2 hugepages_free=2 hugepages_surp=0 hugepages_size=2048kB
Node 1 hugepages_total=0 hugepages_free=0 hugepages_surp=0 hugepages_size=1048576kB
Node 1 hugepages_total=2 hugepages_free=2 hugepages_surp=0 hugepages_size=2048kB
15855 total pagecache pages
0 pages in swap cache
Free swap  = 0kB
Total swap = 0kB
2097051 pages RAM
0 pages HighMem/MovableOnly
400839 pages reserved
0 pages cma reserved
Mem-Info:
active_anon:3223 inactive_anon:0 isolated_anon:0
 active_file:0 inactive_file:14602 isolated_file:0
 unevictable:768 dirty:15 writeback:200
 slab_reclaimable:7637 slab_unreclaimable:77900
 mapped:2039 shmem:1253 pagetables:508
 sec_pagetables:0 bounce:0
 kernel_misc_reclaimable:0
 free:1495958 free_pcp:992 free_cma:0
Node 0 active_anon:12892kB inactive_anon:0kB active_file:0kB inactive_file:58340kB unevictable:1536kB isolated(anon):0kB isolated(file):0kB mapped:8156kB dirty:56kB writeback:800kB shmem:3476kB shmem_thp:0kB shmem_pmdmapped:0kB anon_thp:0kB writeback_tmp:0kB kernel_stack:8560kB pagetables:2032kB sec_pagetables:0kB all_unreclaimable? no
Node 1 active_anon:0kB inactive_anon:0kB active_file:0kB inactive_file:68kB unevictable:1536kB isolated(anon):0kB isolated(file):0kB mapped:0kB dirty:4kB writeback:0kB shmem:1536kB shmem_thp:0kB shmem_pmdmapped:0kB anon_thp:0kB writeback_tmp:0kB kernel_stack:16kB pagetables:0kB sec_pagetables:0kB all_unreclaimable? no
Node 0 DMA free:15360kB boost:0kB min:204kB low:252kB high:300kB reserved_highatomic:0KB active_anon:0kB inactive_anon:0kB active_file:0kB inactive_file:0kB unevictable:0kB writepending:0kB present:15992kB managed:15360kB mlocked:0kB bounce:0kB free_pcp:0kB local_pcp:0kB free_cma:0kB
lowmem_reserve[]: 0 2571 2571 0 0
Node 0 DMA32 free:2021700kB boost:0kB min:35108kB low:43884kB high:52660kB reserved_highatomic:0KB active_anon:12856kB inactive_anon:0kB active_file:0kB inactive_file:58016kB unevictable:1536kB writepending:852kB present:3129332kB managed:2660008kB mlocked:0kB bounce:0kB free_pcp:3968kB local_pcp:1272kB free_cma:0kB
lowmem_reserve[]: 0 0 0 0 0
Node 0 Normal free:0kB boost:0kB min:4kB low:4kB high:4kB reserved_highatomic:0KB active_anon:36kB inactive_anon:0kB active_file:0kB inactive_file:324kB unevictable:0kB writepending:4kB present:1048576kB managed:360kB mlocked:0kB bounce:0kB free_pcp:0kB local_pcp:0kB free_cma:0kB
lowmem_reserve[]: 0 0 0 0 0
Node 1 Normal free:3946772kB boost:0kB min:54788kB low:68484kB high:82180kB reserved_highatomic:0KB active_anon:0kB inactive_anon:0kB active_file:0kB inactive_file:68kB unevictable:1536kB writepending:4kB present:4194304kB managed:4109120kB mlocked:0kB bounce:0kB free_pcp:0kB local_pcp:0kB free_cma:0kB
lowmem_reserve[]: 0 0 0 0 0
Node 0 DMA: 0*4kB 0*8kB 0*16kB 0*32kB 0*64kB 0*128kB 0*256kB 0*512kB 1*1024kB (U) 1*2048kB (M) 3*4096kB (M) = 15360kB
Node 0 DMA32: 73*4kB (UM) 66*8kB (UM) 1*16kB (E) 4*32kB (UM) 0*64kB 1*128kB (M) 1*256kB (M) 2*512kB (UM) 2*1024kB (ME) 1*2048kB (U) 492*4096kB (M) = 2021700kB
Node 0 Normal: 0*4kB 0*8kB 0*16kB 0*32kB 0*64kB 0*128kB 0*256kB 0*512kB 0*1024kB 0*2048kB 0*4096kB = 0kB
Node 1 Normal: 5*4kB (U) 4*8kB (U) 4*16kB (U) 5*32kB (U) 8*64kB (UM) 4*128kB (U) 2*256kB (UM) 3*512kB (UM) 1*1024kB (U) 3*2048kB (UM) 961*4096kB (M) = 3946772kB
Node 0 hugepages_total=0 hugepages_free=0 hugepages_surp=0 hugepages_size=1048576kB
Node 0 hugepages_total=2 hugepages_free=2 hugepages_surp=0 hugepages_size=2048kB
Node 1 hugepages_total=0 hugepages_free=0 hugepages_surp=0 hugepages_size=1048576kB
Node 1 hugepages_total=2 hugepages_free=2 hugepages_surp=0 hugepages_size=2048kB
15855 total pagecache pages
0 pages in swap cache
Free swap  = 0kB
Total swap = 0kB
2097051 pages RAM
0 pages HighMem/MovableOnly
400839 pages reserved
0 pages cma reserved
Mem-Info:
active_anon:3223 inactive_anon:0 isolated_anon:0
 active_file:0 inactive_file:14602 isolated_file:0
 unevictable:768 dirty:15 writeback:200
 slab_reclaimable:7637 slab_unreclaimable:77900
 mapped:2039 shmem:1253 pagetables:508
 sec_pagetables:0 bounce:0
 kernel_misc_reclaimable:0
 free:1495958 free_pcp:992 free_cma:0
Node 0 active_anon:12892kB inactive_anon:0kB active_file:0kB inactive_file:58340kB unevictable:1536kB isolated(anon):0kB isolated(file):0kB mapped:8156kB dirty:56kB writeback:800kB shmem:3476kB shmem_thp:0kB shmem_pmdmapped:0kB anon_thp:0kB writeback_tmp:0kB kernel_stack:8560kB pagetables:2032kB sec_pagetables:0kB all_unreclaimable? no
Node 1 active_anon:0kB inactive_anon:0kB active_file:0kB inactive_file:68kB unevictable:1536kB isolated(anon):0kB isolated(file):0kB mapped:0kB dirty:4kB writeback:0kB shmem:1536kB shmem_thp:0kB shmem_pmdmapped:0kB anon_thp:0kB writeback_tmp:0kB kernel_stack:16kB pagetables:0kB sec_pagetables:0kB all_unreclaimable? no
Node 0 DMA free:15360kB boost:0kB min:204kB low:252kB high:300kB reserved_highatomic:0KB active_anon:0kB inactive_anon:0kB active_file:0kB inactive_file:0kB unevictable:0kB writepending:0kB present:15992kB managed:15360kB mlocked:0kB bounce:0kB free_pcp:0kB local_pcp:0kB free_cma:0kB
lowmem_reserve[]: 0 2571 2571 0 0
Node 0 DMA32 free:2021700kB boost:0kB min:35108kB low:43884kB high:52660kB reserved_highatomic:0KB active_anon:12856kB inactive_anon:0kB active_file:0kB inactive_file:58016kB unevictable:1536kB writepending:852kB present:3129332kB managed:2660008kB mlocked:0kB bounce:0kB free_pcp:3968kB local_pcp:1272kB free_cma:0kB
lowmem_reserve[]: 0 0 0 0 0
Node 0 Normal free:0kB boost:0kB min:4kB low:4kB high:4kB reserved_highatomic:0KB active_anon:36kB inactive_anon:0kB active_file:0kB inactive_file:324kB unevictable:0kB writepending:4kB present:1048576kB managed:360kB mlocked:0kB bounce:0kB free_pcp:0kB local_pcp:0kB free_cma:0kB
lowmem_reserve[]: 0 0 0 0 0
Node 1 Normal free:3946772kB boost:0kB min:54788kB low:68484kB high:82180kB reserved_highatomic:0KB active_anon:0kB inactive_anon:0kB active_file:0kB inactive_file:68kB unevictable:1536kB writepending:4kB present:4194304kB managed:4109120kB mlocked:0kB bounce:0kB free_pcp:0kB local_pcp:0kB free_cma:0kB
lowmem_reserve[]: 0 0 0 0 0
Node 0 DMA: 0*4kB 0*8kB 0*16kB 0*32kB 0*64kB 0*128kB 0*256kB 0*512kB 1*1024kB (U) 1*2048kB (M) 3*4096kB (M) = 15360kB
Node 0 DMA32: 73*4kB (UM) 66*8kB (UM) 1*16kB (E) 4*32kB (UM) 0*64kB 1*128kB (M) 1*256kB (M) 2*512kB (UM) 2*1024kB (ME) 1*2048kB (U) 492*4096kB (M) = 2021700kB
Node 0 Normal: 0*4kB 0*8kB 0*16kB 0*32kB 0*64kB 0*128kB 0*256kB 0*512kB 0*1024kB 0*2048kB 0*4096kB = 0kB
Node 1 Normal: 5*4kB (U) 4*8kB (U) 4*16kB (U) 5*32kB (U) 8*64kB (UM) 4*128kB (U) 2*256kB (UM) 3*512kB (UM) 1*1024kB (U) 3*2048kB (UM) 961*4096kB (M) = 3946772kB
Node 0 hugepages_total=0 hugepages_free=0 hugepages_surp=0 hugepages_size=1048576kB
Node 0 hugepages_total=2 hugepages_free=2 hugepages_surp=0 hugepages_size=2048kB
Node 1 hugepages_total=0 hugepages_free=0 hugepages_surp=0 hugepages_size=1048576kB
Node 1 hugepages_total=2 hugepages_free=2 hugepages_surp=0 hugepages_size=2048kB
15855 total pagecache pages
0 pages in swap cache
Free swap  = 0kB
Total swap = 0kB
2097051 pages RAM
0 pages HighMem/MovableOnly
400839 pages reserved
0 pages cma reserved
Mem-Info:
active_anon:3223 inactive_anon:0 isolated_anon:0
 active_file:0 inactive_file:14602 isolated_file:0
 unevictable:768 dirty:15 writeback:200
 slab_reclaimable:7637 slab_unreclaimable:77900
 mapped:2039 shmem:1253 pagetables:508
 sec_pagetables:0 bounce:0
 kernel_misc_reclaimable:0
 free:1495958 free_pcp:991 free_cma:0
Node 0 active_anon:12892kB inactive_anon:0kB active_file:0kB inactive_file:58340kB unevictable:1536kB isolated(anon):0kB isolated(file):0kB mapped:8156kB dirty:56kB writeback:800kB shmem:3476kB shmem_thp:0kB shmem_pmdmapped:0kB anon_thp:0kB writeback_tmp:0kB kernel_stack:8560kB pagetables:2032kB sec_pagetables:0kB all_unreclaimable? no
Node 1 active_anon:0kB inactive_anon:0kB active_file:0kB inactive_file:68kB unevictable:1536kB isolated(anon):0kB isolated(file):0kB mapped:0kB dirty:4kB writeback:0kB shmem:1536kB shmem_thp:0kB shmem_pmdmapped:0kB anon_thp:0kB writeback_tmp:0kB kernel_stack:16kB pagetables:0kB sec_pagetables:0kB all_unreclaimable? no
Node 0 DMA free:15360kB boost:0kB min:204kB low:252kB high:300kB reserved_highatomic:0KB active_anon:0kB inactive_anon:0kB active_file:0kB inactive_file:0kB unevictable:0kB writepending:0kB present:15992kB managed:15360kB mlocked:0kB bounce:0kB free_pcp:0kB local_pcp:0kB free_cma:0kB
lowmem_reserve[]: 0 2571 2571 0 0
Node 0 DMA32 free:2021700kB boost:0kB min:35108kB low:43884kB high:52660kB reserved_highatomic:0KB active_anon:12856kB inactive_anon:0kB active_file:0kB inactive_file:58016kB unevictable:1536kB writepending:852kB present:3129332kB managed:2660008kB mlocked:0kB bounce:0kB free_pcp:3964kB local_pcp:1272kB free_cma:0kB
lowmem_reserve[]: 0 0 0 0 0
Node 0 Normal free:0kB boost:0kB min:4kB low:4kB high:4kB reserved_highatomic:0KB active_anon:36kB inactive_anon:0kB active_file:0kB inactive_file:324kB unevictable:0kB writepending:4kB present:1048576kB managed:360kB mlocked:0kB bounce:0kB free_pcp:0kB local_pcp:0kB free_cma:0kB
lowmem_reserve[]: 0 0 0 0 0
Node 1 Normal free:3946772kB boost:0kB min:54788kB low:68484kB high:82180kB reserved_highatomic:0KB active_anon:0kB inactive_anon:0kB active_file:0kB inactive_file:68kB unevictable:1536kB writepending:4kB present:4194304kB managed:4109120kB mlocked:0kB bounce:0kB free_pcp:0kB local_pcp:0kB free_cma:0kB
lowmem_reserve[]: 0 0 0 0 0
Node 0 DMA: 0*4kB 0*8kB 0*16kB 0*32kB 0*64kB 0*128kB 0*256kB 0*512kB 1*1024kB (U) 1*2048kB (M) 3*4096kB (M) = 15360kB
Node 0 DMA32: 73*4kB (UM) 66*8kB (UM) 1*16kB (E) 4*32kB (UM) 0*64kB 1*128kB (M) 1*256kB (M) 2*512kB (UM) 2*1024kB (ME) 1*2048kB (U) 492*4096kB (M) = 2021700kB
Node 0 Normal: 0*4kB 0*8kB 0*16kB 0*32kB 0*64kB 0*128kB 0*256kB 0*512kB 0*1024kB 0*2048kB 0*4096kB = 0kB
Node 1 Normal: 5*4kB (U) 4*8kB (U) 4*16kB (U) 5*32kB (U) 8*64kB (UM) 4*128kB (U) 2*256kB (UM) 3*512kB (UM) 1*1024kB (U) 3*2048kB (UM) 961*4096kB (M) = 3946772kB
Node 0 hugepages_total=0 hugepages_free=0 hugepages_surp=0 hugepages_size=1048576kB
Node 0 hugepages_total=2 hugepages_free=2 hugepages_surp=0 hugepages_size=2048kB
Node 1 hugepages_total=0 hugepages_free=0 hugepages_surp=0 hugepages_size=1048576kB
Node 1 hugepages_total=2 hugepages_free=2 hugepages_surp=0 hugepages_size=2048kB
15855 total pagecache pages
0 pages in swap cache
Free swap  = 0kB
Total swap = 0kB
2097051 pages RAM
0 pages HighMem/MovableOnly
400839 pages reserved
0 pages cma reserved
Mem-Info:
active_anon:3223 inactive_anon:0 isolated_anon:0
 active_file:0 inactive_file:14602 isolated_file:0
 unevictable:768 dirty:15 writeback:200
 slab_reclaimable:7637 slab_unreclaimable:77900
 mapped:2039 shmem:1253 pagetables:508
 sec_pagetables:0 bounce:0
 kernel_misc_reclaimable:0
 free:1495958 free_pcp:991 free_cma:0
Node 0 active_anon:12892kB inactive_anon:0kB active_file:0kB inactive_file:58340kB unevictable:1536kB isolated(anon):0kB isolated(file):0kB mapped:8156kB dirty:56kB writeback:800kB shmem:3476kB shmem_thp:0kB shmem_pmdmapped:0kB anon_thp:0kB writeback_tmp:0kB kernel_stack:8560kB pagetables:2032kB sec_pagetables:0kB all_unreclaimable? no
Node 1 active_anon:0kB inactive_anon:0kB active_file:0kB inactive_file:68kB unevictable:1536kB isolated(anon):0kB isolated(file):0kB mapped:0kB dirty:4kB writeback:0kB shmem:1536kB shmem_thp:0kB shmem_pmdmapped:0kB anon_thp:0kB writeback_tmp:0kB kernel_stack:16kB pagetables:0kB sec_pagetables:0kB all_unreclaimable? no
Node 0 DMA free:15360kB boost:0kB min:204kB low:252kB high:300kB reserved_highatomic:0KB active_anon:0kB inactive_anon:0kB active_file:0kB inactive_file:0kB unevictable:0kB writepending:0kB present:15992kB managed:15360kB mlocked:0kB bounce:0kB free_pcp:0kB local_pcp:0kB free_cma:0kB
lowmem_reserve[]: 0 2571 2571 0 0
Node 0 DMA32 free:2021700kB boost:0kB min:35108kB low:43884kB high:52660kB reserved_highatomic:0KB active_anon:12856kB inactive_anon:0kB active_file:0kB inactive_file:58016kB unevictable:1536kB writepending:852kB present:3129332kB managed:2660008kB mlocked:0kB bounce:0kB free_pcp:3964kB local_pcp:1272kB free_cma:0kB
lowmem_reserve[]: 0 0 0 0 0
Node 0 Normal free:0kB boost:0kB min:4kB low:4kB high:4kB reserved_highatomic:0KB active_anon:36kB inactive_anon:0kB active_file:0kB inactive_file:324kB unevictable:0kB writepending:4kB present:1048576kB managed:360kB mlocked:0kB bounce:0kB free_pcp:0kB local_pcp:0kB free_cma:0kB
lowmem_reserve[]: 0 0 0 0 0
Node 1 Normal free:3946772kB boost:0kB min:54788kB low:68484kB high:82180kB reserved_highatomic:0KB active_anon:0kB inactive_anon:0kB active_file:0kB inactive_file:68kB unevictable:1536kB writepending:4kB present:4194304kB managed:4109120kB mlocked:0kB bounce:0kB free_pcp:0kB local_pcp:0kB free_cma:0kB
lowmem_reserve[]: 0 0 0 0 0
Node 0 DMA: 0*4kB 0*8kB 0*16kB 0*32kB 0*64kB 0*128kB 0*256kB 0*512kB 1*1024kB (U) 1*2048kB (M) 3*4096kB (M) = 15360kB
Node 0 DMA32: 73*4kB (UM) 66*8kB (UM) 1*16kB (E) 4*32kB (UM) 0*64kB 1*128kB (M) 1*256kB (M) 2*512kB (UM) 2*1024kB (ME) 1*2048kB (U) 492*4096kB (M) = 2021700kB
Node 0 Normal: 0*4kB 0*8kB 0*16kB 0*32kB 0*64kB 0*128kB 0*256kB 0*512kB 0*1024kB 0*2048kB 0*4096kB = 0kB
Node 1 Normal: 5*4kB (U) 4*8kB (U) 4*16kB (U) 5*32kB (U) 8*64kB (UM) 4*128kB (U) 2*256kB (UM) 3*512kB (UM) 1*1024kB (U) 3*2048kB (UM) 961*4096kB (M) = 3946772kB
Node 0 hugepages_total=0 hugepages_free=0 hugepages_surp=0 hugepages_size=1048576kB
Node 0 hugepages_total=2 hugepages_free=2 hugepages_surp=0 hugepages_size=2048kB
Node 1 hugepages_total=0 hugepages_free=0 hugepages_surp=0 hugepages_size=1048576kB
Node 1 hugepages_total=2 hugepages_free=2 hugepages_surp=0 hugepages_size=2048kB
15855 total pagecache pages
0 pages in swap cache
Free swap  = 0kB
Total swap = 0kB
2097051 pages RAM
0 pages HighMem/MovableOnly
400839 pages reserved
0 pages cma reserved
Mem-Info:
active_anon:3223 inactive_anon:0 isolated_anon:0
 active_file:0 inactive_file:14602 isolated_file:0
 unevictable:768 dirty:15 writeback:200
 slab_reclaimable:7637 slab_unreclaimable:77900
 mapped:2039 shmem:1253 pagetables:508
 sec_pagetables:0 bounce:0
 kernel_misc_reclaimable:0
 free:1495958 free_pcp:991 free_cma:0
Node 0 active_anon:12892kB inactive_anon:0kB active_file:0kB inactive_file:58340kB unevictable:1536kB isolated(anon):0kB isolated(file):0kB mapped:8156kB dirty:56kB writeback:800kB shmem:3476kB shmem_thp:0kB shmem_pmdmapped:0kB anon_thp:0kB writeback_tmp:0kB kernel_stack:8560kB pagetables:2032kB sec_pagetables:0kB all_unreclaimable? no
Node 1 active_anon:0kB inactive_anon:0kB active_file:0kB inactive_file:68kB unevictable:1536kB isolated(anon):0kB isolated(file):0kB mapped:0kB dirty:4kB writeback:0kB shmem:1536kB shmem_thp:0kB shmem_pmdmapped:0kB anon_thp:0kB writeback_tmp:0kB kernel_stack:16kB pagetables:0kB sec_pagetables:0kB all_unreclaimable? no
Node 0 DMA free:15360kB boost:0kB min:204kB low:252kB high:300kB reserved_highatomic:0KB active_anon:0kB inactive_anon:0kB active_file:0kB inactive_file:0kB unevictable:0kB writepending:0kB present:15992kB managed:15360kB mlocked:0kB bounce:0kB free_pcp:0kB local_pcp:0kB free_cma:0kB
lowmem_reserve[]: 0 2571 2571 0 0
Node 0 DMA32 free:2021700kB boost:0kB min:35108kB low:43884kB high:52660kB reserved_highatomic:0KB active_anon:12856kB inactive_anon:0kB active_file:0kB inactive_file:58016kB unevictable:1536kB writepending:852kB present:3129332kB managed:2660008kB mlocked:0kB bounce:0kB free_pcp:3964kB local_pcp:1272kB free_cma:0kB
lowmem_reserve[]: 0 0 0 0 0
Node 0 Normal free:0kB boost:0kB min:4kB low:4kB high:4kB reserved_highatomic:0KB active_anon:36kB inactive_anon:0kB active_file:0kB inactive_file:324kB unevictable:0kB writepending:4kB present:1048576kB managed:360kB mlocked:0kB bounce:0kB free_pcp:0kB local_pcp:0kB free_cma:0kB
lowmem_reserve[]: 0 0 0 0 0
Node 1 Normal free:3946772kB boost:0kB min:54788kB low:68484kB high:82180kB reserved_highatomic:0KB active_anon:0kB inactive_anon:0kB active_file:0kB inactive_file:68kB unevictable:1536kB writepending:4kB present:4194304kB managed:4109120kB mlocked:0kB bounce:0kB free_pcp:0kB local_pcp:0kB free_cma:0kB
lowmem_reserve[]: 0 0 0 0 0
Node 0 DMA: 0*4kB 0*8kB 0*16kB 0*32kB 0*64kB 0*128kB 0*256kB 0*512kB 1*1024kB (U) 1*2048kB (M) 3*4096kB (M) = 15360kB
Node 0 DMA32: 73*4kB (UM) 66*8kB (UM) 1*16kB (E) 4*32kB (UM) 0*64kB 1*128kB (M) 1*256kB (M) 2*512kB (UM) 2*1024kB (ME) 1*2048kB (U) 492*4096kB (M) = 2021700kB
Node 0 Normal: 0*4kB 0*8kB 0*16kB 0*32kB 0*64kB 0*128kB 0*256kB 0*512kB 0*1024kB 0*2048kB 0*4096kB = 0kB
Node 1 Normal: 5*4kB (U) 4*8kB (U) 4*16kB (U) 5*32kB (U) 8*64kB (UM) 4*128kB (U) 2*256kB (UM) 3*512kB (UM) 1*1024kB (U) 3*2048kB (UM) 961*4096kB (M) = 3946772kB
Node 0 hugepages_total=0 hugepages_free=0 hugepages_surp=0 hugepages_size=1048576kB
Node 0 hugepages_total=2 hugepages_free=2 hugepages_surp=0 hugepages_size=2048kB
Node 1 hugepages_total=0 hugepages_free=0 hugepages_surp=0 hugepages_size=1048576kB
Node 1 hugepages_total=2 hugepages_free=2 hugepages_surp=0 hugepages_size=2048kB
15855 total pagecache pages
0 pages in swap cache
Free swap  = 0kB
Total swap = 0kB
2097051 pages RAM
0 pages HighMem/MovableOnly
400839 pages reserved
0 pages cma reserved
Mem-Info:
active_anon:3223 inactive_anon:0 isolated_anon:0
 active_file:0 inactive_file:14602 isolated_file:0
 unevictable:768 dirty:15 writeback:200
 slab_reclaimable:7637 slab_unreclaimable:77900
 mapped:2039 shmem:1253 pagetables:508
 sec_pagetables:0 bounce:0
 kernel_misc_reclaimable:0
 free:1495958 free_pcp:991 free_cma:0
Node 0 active_anon:12892kB inactive_anon:0kB active_file:0kB inactive_file:58340kB unevictable:1536kB isolated(anon):0kB isolated(file):0kB mapped:8156kB dirty:56kB writeback:800kB shmem:3476kB shmem_thp:0kB shmem_pmdmapped:0kB anon_thp:0kB writeback_tmp:0kB kernel_stack:8560kB pagetables:2032kB sec_pagetables:0kB all_unreclaimable? no
Node 1 active_anon:0kB inactive_anon:0kB active_file:0kB inactive_file:68kB unevictable:1536kB isolated(anon):0kB isolated(file):0kB mapped:0kB dirty:4kB writeback:0kB shmem:1536kB shmem_thp:0kB shmem_pmdmapped:0kB anon_thp:0kB writeback_tmp:0kB kernel_stack:16kB pagetables:0kB sec_pagetables:0kB all_unreclaimable? no
Node 0 DMA free:15360kB boost:0kB min:204kB low:252kB high:300kB reserved_highatomic:0KB active_anon:0kB inactive_anon:0kB active_file:0kB inactive_file:0kB unevictable:0kB writepending:0kB present:15992kB managed:15360kB mlocked:0kB bounce:0kB free_pcp:0kB local_pcp:0kB free_cma:0kB
lowmem_reserve[]: 0 2571 2571 0 0
Node 0 DMA32 free:2021700kB boost:0kB min:35108kB low:43884kB high:52660kB reserved_highatomic:0KB active_anon:12856kB inactive_anon:0kB active_file:0kB inactive_file:58016kB unevictable:1536kB writepending:852kB present:3129332kB managed:2660008kB mlocked:0kB bounce:0kB free_pcp:3964kB local_pcp:1272kB free_cma:0kB
lowmem_reserve[]: 0 0 0 0 0
Node 0 Normal free:0kB boost:0kB min:4kB low:4kB high:4kB reserved_highatomic:0KB active_anon:36kB inactive_anon:0kB active_file:0kB inactive_file:324kB unevictable:0kB writepending:4kB present:1048576kB managed:360kB mlocked:0kB bounce:0kB free_pcp:0kB local_pcp:0kB free_cma:0kB
lowmem_reserve[]: 0 0 0 0 0
Node 1 Normal free:3946772kB boost:0kB min:54788kB low:68484kB high:82180kB reserved_highatomic:0KB active_anon:0kB inactive_anon:0kB active_file:0kB inactive_file:68kB unevictable:1536kB writepending:4kB present:4194304kB managed:4109120kB mlocked:0kB bounce:0kB free_pcp:0kB local_pcp:0kB free_cma:0kB
lowmem_reserve[]: 0 0 0 0 0
Node 0 DMA: 0*4kB 0*8kB 0*16kB 0*32kB 0*64kB 0*128kB 0*256kB 0*512kB 1*1024kB (U) 1*2048kB (M) 3*4096kB (M) = 15360kB
Node 0 DMA32: 73*4kB (UM) 66*8kB (UM) 1*16kB (E) 4*32kB (UM) 0*64kB 1*128kB (M) 1*256kB (M) 2*512kB (UM) 2*1024kB (ME) 1*2048kB (U) 492*4096kB (M) = 2021700kB
Node 0 Normal: 0*4kB 0*8kB 0*16kB 0*32kB 0*64kB 0*128kB 0*256kB 0*512kB 0*1024kB 0*2048kB 0*4096kB = 0kB
Node 1 Normal: 5*4kB (U) 4*8kB (U) 4*16kB (U) 5*32kB (U) 8*64kB (UM) 4*128kB (U) 2*256kB (UM) 3*512kB (UM) 1*1024kB (U) 3*2048kB (UM) 961*4096kB (M) = 3946772kB
Node 0 hugepages_total=0 hugepages_free=0 hugepages_surp=0 hugepages_size=1048576kB
Node 0 hugepages_total=2 hugepages_free=2 hugepages_surp=0 hugepages_size=2048kB
Node 1 hugepages_total=0 hugepages_free=0 hugepages_surp=0 hugepages_size=1048576kB
Node 1 hugepages_total=2 hugepages_free=2 hugepages_surp=0 hugepages_size=2048kB
15855 total pagecache pages
0 pages in swap cache
Free swap  = 0kB
Total swap = 0kB
2097051 pages RAM
0 pages HighMem/MovableOnly
400839 pages reserved
0 pages cma reserved
Mem-Info:
active_anon:3223 inactive_anon:0 isolated_anon:0
 active_file:0 inactive_file:14602 isolated_file:0
 unevictable:768 dirty:15 writeback:200
 slab_reclaimable:7637 slab_unreclaimable:77900
 mapped:2039 shmem:1253 pagetables:508
 sec_pagetables:0 bounce:0
 kernel_misc_reclaimable:0
 free:1495958 free_pcp:991 free_cma:0
Node 0 active_anon:12892kB inactive_anon:0kB active_file:0kB inactive_file:58340kB unevictable:1536kB isolated(anon):0kB isolated(file):0kB mapped:8156kB dirty:56kB writeback:800kB shmem:3476kB shmem_thp:0kB shmem_pmdmapped:0kB anon_thp:0kB writeback_tmp:0kB kernel_stack:8560kB pagetables:2032kB sec_pagetables:0kB all_unreclaimable? no
Node 1 active_anon:0kB inactive_anon:0kB active_file:0kB inactive_file:68kB unevictable:1536kB isolated(anon):0kB isolated(file):0kB mapped:0kB dirty:4kB writeback:0kB shmem:1536kB shmem_thp:0kB shmem_pmdmapped:0kB anon_thp:0kB writeback_tmp:0kB kernel_stack:16kB pagetables:0kB sec_pagetables:0kB all_unreclaimable? no
Node 0 DMA free:15360kB boost:0kB min:204kB low:252kB high:300kB reserved_highatomic:0KB active_anon:0kB inactive_anon:0kB active_file:0kB inactive_file:0kB unevictable:0kB writepending:0kB present:15992kB managed:15360kB mlocked:0kB bounce:0kB free_pcp:0kB local_pcp:0kB free_cma:0kB
lowmem_reserve[]: 0 2571 2571 0 0
Node 0 DMA32 free:2021700kB boost:0kB min:35108kB low:43884kB high:52660kB reserved_highatomic:0KB active_anon:12856kB inactive_anon:0kB active_file:0kB inactive_file:58016kB unevictable:1536kB writepending:852kB present:3129332kB managed:2660008kB mlocked:0kB bounce:0kB free_pcp:3964kB local_pcp:1272kB free_cma:0kB
lowmem_reserve[]: 0 0 0 0 0
Node 0 Normal free:0kB boost:0kB min:4kB low:4kB high:4kB reserved_highatomic:0KB active_anon:36kB inactive_anon:0kB active_file:0kB inactive_file:324kB unevictable:0kB writepending:4kB present:1048576kB managed:360kB mlocked:0kB bounce:0kB free_pcp:0kB local_pcp:0kB free_cma:0kB
lowmem_reserve[]: 0 0 0 0 0
Node 1 Normal free:3946772kB boost:0kB min:54788kB low:68484kB high:82180kB reserved_highatomic:0KB active_anon:0kB inactive_anon:0kB active_file:0kB inactive_file:68kB unevictable:1536kB writepending:4kB present:4194304kB managed:4109120kB mlocked:0kB bounce:0kB free_pcp:0kB local_pcp:0kB free_cma:0kB
lowmem_reserve[]: 0 0 0 0 0
Node 0 DMA: 0*4kB 0*8kB 0*16kB 0*32kB 0*64kB 0*128kB 0*256kB 0*512kB 1*1024kB (U) 1*2048kB (M) 3*4096kB (M) = 15360kB
Node 0 DMA32: 73*4kB (UM) 66*8kB (UM) 1*16kB (E) 4*32kB (UM) 0*64kB 1*128kB (M) 1*256kB (M) 2*512kB (UM) 2*1024kB (ME) 1*2048kB (U) 492*4096kB (M) = 2021700kB
Node 0 Normal: 0*4kB 0*8kB 0*16kB 0*32kB 0*64kB 0*128kB 0*256kB 0*512kB 0*1024kB 0*2048kB 0*4096kB = 0kB
Node 1 Normal: 5*4kB (U) 4*8kB (U) 4*16kB (U) 5*32kB (U) 8*64kB (UM) 4*128kB (U) 2*256kB (UM) 3*512kB (UM) 1*1024kB (U) 3*2048kB (UM) 961*4096kB (M) = 3946772kB
Node 0 hugepages_total=0 hugepages_free=0 hugepages_surp=0 hugepages_size=1048576kB
Node 0 hugepages_total=2 hugepages_free=2 hugepages_surp=0 hugepages_size=2048kB
Node 1 hugepages_total=0 hugepages_free=0 hugepages_surp=0 hugepages_size=1048576kB
Node 1 hugepages_total=2 hugepages_free=2 hugepages_surp=0 hugepages_size=2048kB
15855 total pagecache pages
0 pages in swap cache
Free swap  = 0kB
Total swap = 0kB
2097051 pages RAM
0 pages HighMem/MovableOnly
400839 pages reserved
0 pages cma reserved
</pre></div><br>
	

	

<table class="list_table">
	<caption>Crashes (8):</caption>
		<thead>
		<tr>
			<th><a onclick="return sortTable(this, 'Time', textSort, true)" href="#">Time</a></th>
			<th><a onclick="return sortTable(this, 'Kernel', textSort)" href="#">Kernel</a></th>
			<th><a onclick="return sortTable(this, 'Commit', textSort)" href="#">Commit</a></th>
			<th><a onclick="return sortTable(this, 'Syzkaller', textSort)" href="#">Syzkaller</a></th>
			<th><a onclick="return sortTable(this, 'Config', textSort)" href="#">Config</a></th>
			<th><a onclick="return sortTable(this, 'Log', textSort)" href="#">Log</a></th>
			<th><a onclick="return sortTable(this, 'Report', reproSort)" href="#">Report</a></th>
			<th><a onclick="return sortTable(this, 'Syz repro', reproSort)" href="#">Syz repro</a></th>
			<th><a onclick="return sortTable(this, 'C repro', textSort)" href="#">C repro</a></th>
			<th><a onclick="return sortTable(this, 'VM info', textSort)" href="#">VM info</a></th>
			<th><a onclick="return sortTable(this, 'Assets', textSort)" href="#">Assets</a> (<a href="https://github.com/google/syzkaller/blob/master/docs/syzbot_assets.md">help?</a>)</th>
			<th><a onclick="return sortTable(this, 'Manager', textSort)" href="#">Manager</a></th>
			<th><a onclick="return sortTable(this, 'Title', textSort)" href="#">Title</a></th>
		</tr>
		</thead>
		<tbody>
		
		<tr>
			<td class="time">2024/04/15 01:02</td>
			<td class="kernel" title="linux-next">linux-next</td>
			<td class="tag" title="9ed46da14b9b9b2ad4edb3b0c545b6dbe5c00d39
	2024/04/12 07:08"><a href="https://git.kernel.org/pub/scm/linux/kernel/git/next/linux-next.git/log/?id=9ed46da14b9b9b2ad4edb3b0c545b6dbe5c00d39">9ed46da14b9b</a></td>
			<td class="tag"><a href="https://github.com/google/syzkaller/commits/c8349e48534ea6d8f01515335d95de8ebf5da8df">c8349e48</a></td>
			<td class="config"><a href="/text?tag=KernelConfig&amp;x=7ea0abc478c49859">.config</a></td>
			<td class="repro"><a href="/text?tag=CrashLog&amp;x=16fe1a57180000">console log</a></td>
			<td class="repro"><a href="/text?tag=CrashReport&amp;x=1603ca57180000">report</a></td>
			<td class="repro">
				<a href="/text?tag=ReproSyz&amp;x=1572d74d180000">syz</a>
				
			</td>
			<td class="repro"><a href="/text?tag=ReproC&amp;x=11f4ce2b180000">C</a></td>
			<td class="repro"></td>
			<td class="assets">
				<span class="no-break">[<a href="https://storage.googleapis.com/syzbot-assets/fc649744d68c/disk-9ed46da1.raw.xz">disk image</a>]</span>
			
				<span class="no-break">[<a href="https://storage.googleapis.com/syzbot-assets/11eab7b9945d/vmlinux-9ed46da1.xz">vmlinux</a>]</span>
			
				<span class="no-break">[<a href="https://storage.googleapis.com/syzbot-assets/e7885afd198d/bzImage-9ed46da1.xz">kernel image</a>]</span>
			</td>
			<td class="manager">ci-upstream-linux-next-kasan-gce-root</td>
			<td class="manager">INFO: rcu detected stall in sys_close</td>
		</tr>
		
		<tr>
			<td class="time">2024/12/31 05:39</td>
			<td class="kernel" title="upstream">upstream</td>
			<td class="tag" title="ccb98ccef0e543c2bd4ef1a72270461957f3d8d0
	2024/12/30 19:20"><a href="https://git.kernel.org/pub/scm/linux/kernel/git/torvalds/linux.git/log/?id=ccb98ccef0e543c2bd4ef1a72270461957f3d8d0">ccb98ccef0e5</a></td>
			<td class="tag"><a href="https://github.com/google/syzkaller/commits/d3ccff6372e07c6aabd02b5da419aa6492b5f0ad">d3ccff63</a></td>
			<td class="config"><a href="/text?tag=KernelConfig&amp;x=1c541fa8af5c9cc7">.config</a></td>
			<td class="repro"><a href="/text?tag=CrashLog&amp;x=1358e6df980000">console log</a></td>
			<td class="repro"><a href="/text?tag=CrashReport&amp;x=11d01af8580000">report</a></td>
			<td class="repro">
				
				
			</td>
			<td class="repro"></td>
			<td class="repro"><a href="/text?tag=MachineInfo&amp;x=55c8e8b1cd81924d">info</a></td>
			<td class="assets">
				<span class="no-break">[<a href="https://storage.googleapis.com/syzbot-assets/0ebebb2cf79b/disk-ccb98cce.raw.xz">disk image</a>]</span>
			
				<span class="no-break">[<a href="https://storage.googleapis.com/syzbot-assets/8da8041cbc40/vmlinux-ccb98cce.xz">vmlinux</a>]</span>
			
				<span class="no-break">[<a href="https://storage.googleapis.com/syzbot-assets/8de730af73c0/bzImage-ccb98cce.xz">kernel image</a>]</span>
			</td>
			<td class="manager">ci-upstream-kasan-gce-root</td>
			<td class="manager">INFO: rcu detected stall in sys_close</td>
		</tr>
		
		<tr>
			<td class="time">2024/12/19 12:26</td>
			<td class="kernel" title="upstream">upstream</td>
			<td class="tag" title="eabcdba3ad4098460a376538df2ae36500223c1e
	2024/12/18 22:17"><a href="https://git.kernel.org/pub/scm/linux/kernel/git/torvalds/linux.git/log/?id=eabcdba3ad4098460a376538df2ae36500223c1e">eabcdba3ad40</a></td>
			<td class="tag"><a href="https://github.com/google/syzkaller/commits/1432fc84530255f6208c5719be796918244fa9d3">1432fc84</a></td>
			<td class="config"><a href="/text?tag=KernelConfig&amp;x=1234f097ee657d8b">.config</a></td>
			<td class="repro"><a href="/text?tag=CrashLog&amp;x=1198df44580000">console log</a></td>
			<td class="repro"><a href="/text?tag=CrashReport&amp;x=13892e0f980000">report</a></td>
			<td class="repro">
				
				
			</td>
			<td class="repro"></td>
			<td class="repro"><a href="/text?tag=MachineInfo&amp;x=39499c4f82c4ad7b">info</a></td>
			<td class="assets">
				<span class="no-break">[<a href="https://storage.googleapis.com/syzbot-assets/a58de22e8a3f/disk-eabcdba3.raw.xz">disk image</a>]</span>
			
				<span class="no-break">[<a href="https://storage.googleapis.com/syzbot-assets/bc5cc95956d8/vmlinux-eabcdba3.xz">vmlinux</a>]</span>
			
				<span class="no-break">[<a href="https://storage.googleapis.com/syzbot-assets/51235a4b04d4/bzImage-eabcdba3.xz">kernel image</a>]</span>
			</td>
			<td class="manager">ci-upstream-kasan-gce-smack-root</td>
			<td class="manager">INFO: rcu detected stall in sys_close</td>
		</tr>
		
		<tr>
			<td class="time">2024/09/18 12:32</td>
			<td class="kernel" title="upstream">upstream</td>
			<td class="tag" title="bdf56c7580d267a123cc71ca0f2459c797b76fde
	2024/09/18 06:53"><a href="https://git.kernel.org/pub/scm/linux/kernel/git/torvalds/linux.git/log/?id=bdf56c7580d267a123cc71ca0f2459c797b76fde">bdf56c7580d2</a></td>
			<td class="tag"><a href="https://github.com/google/syzkaller/commits/c673ca06b23cea94091ab496ef62c3513e434585">c673ca06</a></td>
			<td class="config"><a href="/text?tag=KernelConfig&amp;x=4540f5bcdd31e3de">.config</a></td>
			<td class="repro"><a href="/text?tag=CrashLog&amp;x=13bb7500580000">console log</a></td>
			<td class="repro"><a href="/text?tag=CrashReport&amp;x=15edc69f980000">report</a></td>
			<td class="repro">
				
				
			</td>
			<td class="repro"></td>
			<td class="repro"><a href="/text?tag=MachineInfo&amp;x=c64c8e69a0345353">info</a></td>
			<td class="assets">
				<span class="no-break">[<a href="https://storage.googleapis.com/syzbot-assets/cec9f3c675f1/disk-bdf56c75.raw.xz">disk image</a>]</span>
			
				<span class="no-break">[<a href="https://storage.googleapis.com/syzbot-assets/21e06ae5b159/vmlinux-bdf56c75.xz">vmlinux</a>]</span>
			
				<span class="no-break">[<a href="https://storage.googleapis.com/syzbot-assets/1e936c954b8b/bzImage-bdf56c75.xz">kernel image</a>]</span>
			</td>
			<td class="manager">ci-upstream-kasan-gce-smack-root</td>
			<td class="manager">INFO: rcu detected stall in sys_close</td>
		</tr>
		
		<tr>
			<td class="time">2024/10/10 16:41</td>
			<td class="kernel" title="net">net</td>
			<td class="tag" title="a354733c738d905eb8c446fca43b872d2a985f8b
	2024/10/10 03:01"><a href="https://git.kernel.org/pub/scm/linux/kernel/git/davem/net.git/log/?id=a354733c738d905eb8c446fca43b872d2a985f8b">a354733c738d</a></td>
			<td class="tag"><a href="https://github.com/google/syzkaller/commits/8fbfc0c8a015daaf053142a21906315246c7c4fd">8fbfc0c8</a></td>
			<td class="config"><a href="/text?tag=KernelConfig&amp;x=f95955e3f7b5790c">.config</a></td>
			<td class="repro"><a href="/text?tag=CrashLog&amp;x=176dcf07980000">console log</a></td>
			<td class="repro"><a href="/text?tag=CrashReport&amp;x=15ca805f980000">report</a></td>
			<td class="repro">
				
				
			</td>
			<td class="repro"></td>
			<td class="repro"><a href="/text?tag=MachineInfo&amp;x=755b212dab32405e">info</a></td>
			<td class="assets">
				<span class="no-break">[<a href="https://storage.googleapis.com/syzbot-assets/3ee08a918523/disk-a354733c.raw.xz">disk image</a>]</span>
			
				<span class="no-break">[<a href="https://storage.googleapis.com/syzbot-assets/974672d7581a/vmlinux-a354733c.xz">vmlinux</a>]</span>
			
				<span class="no-break">[<a href="https://storage.googleapis.com/syzbot-assets/d688964ea59e/bzImage-a354733c.xz">kernel image</a>]</span>
			</td>
			<td class="manager">ci-upstream-net-this-kasan-gce</td>
			<td class="manager">INFO: rcu detected stall in sys_close</td>
		</tr>
		
		<tr>
			<td class="time">2024/12/31 01:00</td>
			<td class="kernel" title="net-next">net-next</td>
			<td class="tag" title="9268abe611b09edc975aa27e6ce829f629352ff4
	2024/12/23 18:58"><a href="https://git.kernel.org/pub/scm/linux/kernel/git/davem/net-next.git/log/?id=9268abe611b09edc975aa27e6ce829f629352ff4">9268abe611b0</a></td>
			<td class="tag"><a href="https://github.com/google/syzkaller/commits/d3ccff6372e07c6aabd02b5da419aa6492b5f0ad">d3ccff63</a></td>
			<td class="config"><a href="/text?tag=KernelConfig&amp;x=b087c24b921cdc16">.config</a></td>
			<td class="repro"><a href="/text?tag=CrashLog&amp;x=135088b0580000">console log</a></td>
			<td class="repro"><a href="/text?tag=CrashReport&amp;x=175088b0580000">report</a></td>
			<td class="repro">
				
				
			</td>
			<td class="repro"></td>
			<td class="repro"><a href="/text?tag=MachineInfo&amp;x=94d4dc78065bea27">info</a></td>
			<td class="assets">
				<span class="no-break">[<a href="https://storage.googleapis.com/syzbot-assets/8274f60b0163/disk-9268abe6.raw.xz">disk image</a>]</span>
			
				<span class="no-break">[<a href="https://storage.googleapis.com/syzbot-assets/f7b3fde537e7/vmlinux-9268abe6.xz">vmlinux</a>]</span>
			
				<span class="no-break">[<a href="https://storage.googleapis.com/syzbot-assets/db4cccf7caae/bzImage-9268abe6.xz">kernel image</a>]</span>
			</td>
			<td class="manager">ci-upstream-net-kasan-gce</td>
			<td class="manager">INFO: rcu detected stall in sys_close</td>
		</tr>
		
		<tr>
			<td class="time">2024/10/21 21:01</td>
			<td class="kernel" title="https://git.kernel.org/pub/scm/linux/kernel/git/gregkh/usb.git usb-testing">https://git.kernel.org/pub/scm/linux/kernel/git/gregkh/usb.git usb-testing</td>
			<td class="tag" title="c6d9e43954bfa7415a1e9efdb2806ec1d8a8afc8
	2024/10/21 06:53"><a href="https://git.kernel.org/pub/scm/linux/kernel/git/gregkh/usb.git/log/?id=c6d9e43954bfa7415a1e9efdb2806ec1d8a8afc8">c6d9e43954bf</a></td>
			<td class="tag"><a href="https://github.com/google/syzkaller/commits/f1e4447ce91d33c3785db1a7c2bafc768eb3f790">f1e4447c</a></td>
			<td class="config"><a href="/text?tag=KernelConfig&amp;x=4a2bb21f91d75c65">.config</a></td>
			<td class="repro"><a href="/text?tag=CrashLog&amp;x=14a4625f980000">console log</a></td>
			<td class="repro"><a href="/text?tag=CrashReport&amp;x=142510a7980000">report</a></td>
			<td class="repro">
				
				
			</td>
			<td class="repro"></td>
			<td class="repro"><a href="/text?tag=MachineInfo&amp;x=ce4e5c5dd9683426">info</a></td>
			<td class="assets">
				<span class="no-break">[<a href="https://storage.googleapis.com/syzbot-assets/3bf4a453ec2f/disk-c6d9e439.raw.xz">disk image</a>]</span>
			
				<span class="no-break">[<a href="https://storage.googleapis.com/syzbot-assets/e4a2db2a5d95/vmlinux-c6d9e439.xz">vmlinux</a>]</span>
			
				<span class="no-break">[<a href="https://storage.googleapis.com/syzbot-assets/8eb8e481b288/bzImage-c6d9e439.xz">kernel image</a>]</span>
			</td>
			<td class="manager">ci2-upstream-usb</td>
			<td class="manager">INFO: rcu detected stall in sys_close</td>
		</tr>
		
		<tr>
			<td class="time">2024/10/16 18:45</td>
			<td class="kernel" title="https://git.kernel.org/pub/scm/linux/kernel/git/gregkh/usb.git usb-testing">https://git.kernel.org/pub/scm/linux/kernel/git/gregkh/usb.git usb-testing</td>
			<td class="tag" title="7b5a58952fc3b51905c2963647485565df1e5e26
	2024/10/16 08:45"><a href="https://git.kernel.org/pub/scm/linux/kernel/git/gregkh/usb.git/log/?id=7b5a58952fc3b51905c2963647485565df1e5e26">7b5a58952fc3</a></td>
			<td class="tag"><a href="https://github.com/google/syzkaller/commits/666f77ed02b98b834393ff84c646a8d611605f6f">666f77ed</a></td>
			<td class="config"><a href="/text?tag=KernelConfig&amp;x=9878fe11046ea2c6">.config</a></td>
			<td class="repro"><a href="/text?tag=CrashLog&amp;x=14bb5c40580000">console log</a></td>
			<td class="repro"><a href="/text?tag=CrashReport&amp;x=1095545f980000">report</a></td>
			<td class="repro">
				
				
			</td>
			<td class="repro"></td>
			<td class="repro"><a href="/text?tag=MachineInfo&amp;x=ce4e5c5dd9683426">info</a></td>
			<td class="assets">
				<span class="no-break">[<a href="https://storage.googleapis.com/syzbot-assets/40609bfd750e/disk-7b5a5895.raw.xz">disk image</a>]</span>
			
				<span class="no-break">[<a href="https://storage.googleapis.com/syzbot-assets/355568cfcab9/vmlinux-7b5a5895.xz">vmlinux</a>]</span>
			
				<span class="no-break">[<a href="https://storage.googleapis.com/syzbot-assets/fdbff436f952/bzImage-7b5a5895.xz">kernel image</a>]</span>
			</td>
			<td class="manager">ci2-upstream-usb</td>
			<td class="manager">INFO: rcu detected stall in sys_close</td>
		</tr>
		
		</tbody>
</table>
<i>* <s>Struck through</s> repros no longer work on HEAD.</i>


</body>
</html>
