

<!doctype html>
<html>
<head>
	
	<link rel="stylesheet" href="/static/style.css"/>
	<script src="/static/common.js"></script>
	
		<script async src="https://www.googletagmanager.com/gtag/js?id=UA-116117799-1"></script>
		<script>
			window.dataLayer = window.dataLayer || [];
			function gtag() { dataLayer.push(arguments); }
			gtag('js', new Date());
			gtag('config', 'UA-116117799-1');
		</script>
	

	<title>INFO: rcu detected stall in console_callback</title>
</head>
<body>
	
	<header id="topbar">
		<table class="position_table">
			<tr>
				<td>
					<h1><a href="/upstream">syzbot</a></h1>
				</td>
				<td class="namespace_td">
					<select class="namespace" onchange="window.location.href = '/' + this.value + '';">
						
							<option value="android-5-10" >Android 5.10</option>
							<option value="android-5-15" >Android 5.15</option>
							<option value="android-54" >Android 5.4</option>
							<option value="android-6-1" >Android 6.1</option>
							<option value="freebsd" >FreeBSD</option>
							<option value="upstream" selected="1">Linux</option>
							<option value="linux-5.15" >Linux 5.15</option>
							<option value="linux-6.1" >Linux 6.1</option>
							<option value="netbsd" >NetBSD</option>
							<option value="openbsd" >OpenBSD</option>
							<option value="gvisor" >gVisor</option></select>
				</td>
				<td class="search">
					
					
						<a href="https://syzkaller.appspot.com/_ah/conflogin?continue=https://syzkaller.appspot.com/bug%3Fextid%3D32af18ae7b894a681f2d">sign-in</a> |
					
					<a href="https://groups.google.com/forum/#!forum/syzkaller" target="_blank">mailing list</a> |
					<a href="https://github.com/google/syzkaller" target="_blank">source</a> |
					<a href="https://github.com/google/syzkaller/blob/master/docs/syzbot.md" target="_blank">docs</a>
				</td>
			</tr>
		</table>
		
		<div class="navigation">
			<div class="navigation_tab">
				<a href='/upstream'><span style="color:DeepPink;">üêû</span> Open [1659]</a>
			</div>

			
			<div class="navigation_tab">
				<a href='/upstream/subsystems'><span style="color:DeepPink;">‚â°</span> Subsystems</a>
			</div>
			

			<div class="navigation_tab">
				<a href='/upstream/fixed'><span style="color:ForestGreen;">üêû</span> Fixed [6081]</a>
			</div>

			<div class="navigation_tab" href='/upstream/invalid'>
				<a href='/upstream/invalid'><span style="color:RoyalBlue;">üêû</span> Invalid [15102]</a>
			</div>

			
			<div class="navigation_tab">
				<a href='/upstream/backports'><span style="color:ForestGreen;">‚¨á</span> Missing Backports [157]</a>
			</div>
			

			<div class="navigation_tab">
				<a href='/upstream/graph/crashes'><span style="color:ForestGreen;">‚â°</span> Crashes</a>
			</div>

			<div class="dropdown navigation_tab">
				<button class="dropbtn"><span style="color:DarkOrange;">üìà</span>Graphs</button>
				<div class="dropdown-content">
					<a class="navigation_tab"
						href='/upstream/graph/bugs'>Kernel&nbsp;Health</a>
					<a class="navigation_tab"
						href='/upstream/graph/found-bugs'>Bugs/Month</a>
					<a class="navigation_tab"
						href='/upstream/graph/lifetimes'>Bug&nbsp;Lifetimes</a>
					<a class="navigation_tab"
						href='/upstream/graph/fuzzing'>Fuzzing</a>
				</div>
			</div>

			
			<div class="dropdown navigation_tab">
				<button class="dropbtn"><span style="color:DarkOrange;">üìà</span>Coverage</button>
				<div class="dropdown-content">
					<a class="navigation_tab"
						href="/upstream/graph/coverage?period=quarter">Total</a>
					<a class="navigation_tab"
						href="/upstream/coverage?period=month">Repo&nbsp;Heatmap</a>
					
						<a class="navigation_tab"
							href="/upstream/coverage/subsystems?period=month">Subsystems&nbsp;Heatmap</a>
					
				</div>
			</div>
			
			
			<div class="navigation_tab navigation_right">
				<a href='mailto:syzkaller@googlegroups.com'><span style="color:ForestGreen;">üí¨</span> Send us feedback</a>
			</div>
			
		</div>
		
	</header>
	<br>


	<b>INFO: rcu detected stall in console_callback</b><br><br>
	Status: <a href="https://groups.google.com/d/msgid/syzkaller-bugs/000000000000d5fd3806034e2ad1%40google.com">upstream: reported C repro on 2023/08/19 22:28</a><br>
	
		
			Subsystems: 
				<span class="bug-label"><a href="/upstream/s/input">input</a></span>
				<span class="bug-label"><a href="/upstream/s/usb">usb</a></span>
				<span class="bug-label"><a href="/upstream/s/serial">serial</a></span>
		<br>
		
	<a href="https://github.com/google/syzkaller/blob/master/docs/syzbot.md#labels">[Documentation on labels]</a><br>
	
	
	Reported-by: syzbot&#43;32af18ae7b894a681f2d@syzkaller.appspotmail.com<br>
	
	First crash: 568d, last: 11d<br>
	
	<div>
		<div class="bug-bisection-info">

	
	
	
		
			<b>Cause bisection: failed</b>
		
		<b>(<a href="https://syzkaller.appspot.com/x/error.txt?x=17bdc344580000">error log</a>, <a href="https://syzkaller.appspot.com/x/bisect.txt?x=13bdc344580000">bisect log</a>)</b><br>
	
	

	
	&nbsp;&nbsp;
	

</div>
		
		<div class="bug-bisection-stop"></div>
	</div>

	
	<div class="collapsible collapsible-show">
		<div class="head">
			<span class="show-icon">&#9654;</span>
			<span class="hide-icon">&#9660;</span>
			<span>Discussions (4)</span>
		</div>
		<div class="content">
			
			
			

<table class="list_table">
	<thead>
	<tr>
		<th>Title</th>
		<th>Replies (including bot)</th>
		<th>Last reply</th>
	</tr>
	</thead>
	<tbody>
	
		<tr>
			<td><a href="https://lore.kernel.org/all/676148ac.050a0220.37aaf.0156.GAE@google.com/T/">[syzbot] Monthly serial report (Dec 2024)</a></td>
			<td class="stat">0 (1)</td>
			<td class="stat">2024/12/17 09:47</td>
		</tr>
	
		<tr>
			<td><a href="https://lore.kernel.org/all/670e28d5.050a0220.f16b.0007.GAE@google.com/T/">[syzbot] Monthly serial report (Oct 2024)</a></td>
			<td class="stat">0 (1)</td>
			<td class="stat">2024/10/15 08:33</td>
		</tr>
	
		<tr>
			<td><a href="https://lore.kernel.org/all/0000000000002106de0603e814ef@google.com/T/">[syzbot] Monthly serial report (Aug 2023)</a></td>
			<td class="stat">0 (1)</td>
			<td class="stat">2023/08/27 14:06</td>
		</tr>
	
		<tr>
			<td><a href="https://lore.kernel.org/all/000000000000d5fd3806034e2ad1@google.com/T/">[syzbot] [input?] [usb?] [serial?] INFO: rcu detected stall in console_callback</a></td>
			<td class="stat">0 (1)</td>
			<td class="stat">2023/08/19 22:28</td>
		</tr>
	
	</tbody>
</table>


			
			
		</div>
	</div>
	
	<div class="collapsible collapsible-hide">
		<div class="head">
			<span class="show-icon">&#9654;</span>
			<span class="hide-icon">&#9660;</span>
			<span>Last patch testing requests (12)</span>
		</div>
		<div class="content">
			
			

	<table class="list_table">
		<caption id="jobs"><a class="plain" href="#jobs"></a></caption>
		<thead>
		<tr>
			
			<th>Created</th>
			<th>Duration</th>
			<th>User</th>
			<th>Patch</th>
			<th>Repo</th>
			
			<th>Result</th>
		</tr>
		</thead>
		<tbody>
		
			<tr>
				
				<td class="time">2025/02/04 07:55</td>
				<td class="time" title="started: 2025/02/04 07:55&#013;finished: 2025/02/04 08:09">
					14m
				</td>
				<td>
					
						retest repro
					
				</td>
				<td></td>
				<td class="kernel" title="https://git.kernel.org/pub/scm/linux/kernel/git/gregkh/usb.git usb-testing"><a href="https://git.kernel.org/pub/scm/linux/kernel/git/gregkh/usb.git/commit/?id=9682c35ff6ecd76d9462d4749b8b413d3e8e605e">https://git.kernel.org/pub/scm/linux/kernel/git/gregkh/usb.git usb-testing</a></td>
				
				<td class="result">
					
						<a href="https://syzkaller.appspot.com/x/report.txt?x=138523df980000">report</a>
					
					
					
						<a href="https://syzkaller.appspot.com/x/log.txt?x=158523df980000">log</a>
					
					
					
				</td>
			</tr>
		
			<tr>
				
				<td class="time">2024/12/28 19:33</td>
				<td class="time" title="started: 2024/12/28 19:33&#013;finished: 2024/12/28 20:11">
					38m
				</td>
				<td>
					
						retest repro
					
				</td>
				<td></td>
				<td class="kernel" title="upstream"><a href="https://git.kernel.org/pub/scm/linux/kernel/git/torvalds/linux.git/commit/?id=059dd502b263d8a4e2a84809cf1068d6a3905e6f">upstream</a></td>
				
				<td class="result">
					
						<a href="https://syzkaller.appspot.com/x/report.txt?x=103706df980000">report</a>
					
					
					
						<a href="https://syzkaller.appspot.com/x/log.txt?x=17d706df980000">log</a>
					
					
					
				</td>
			</tr>
		
			<tr>
				
				<td class="time">2024/11/14 09:12</td>
				<td class="time" title="started: 2024/11/14 09:32&#013;finished: 2024/11/14 09:47">
					15m
				</td>
				<td>
					
						retest repro
					
				</td>
				<td></td>
				<td class="kernel" title="https://git.kernel.org/pub/scm/linux/kernel/git/gregkh/usb.git usb-testing"><a href="https://git.kernel.org/pub/scm/linux/kernel/git/gregkh/usb.git/commit/?id=528ea1aca24fba5616f397d43ccb2de99d2a41d7">https://git.kernel.org/pub/scm/linux/kernel/git/gregkh/usb.git usb-testing</a></td>
				
				<td class="result">
					
						<a href="https://syzkaller.appspot.com/x/report.txt?x=11aa6ce8580000">report</a>
					
					
					
						<a href="https://syzkaller.appspot.com/x/log.txt?x=16aa6ce8580000">log</a>
					
					
					
				</td>
			</tr>
		
			<tr>
				
				<td class="time">2024/11/14 09:12</td>
				<td class="time" title="started: 2024/11/14 09:12&#013;finished: 2024/11/14 09:32">
					20m
				</td>
				<td>
					
						retest repro
					
				</td>
				<td></td>
				<td class="kernel" title="https://git.kernel.org/pub/scm/linux/kernel/git/gregkh/usb.git usb-testing"><a href="https://git.kernel.org/pub/scm/linux/kernel/git/gregkh/usb.git/commit/?id=528ea1aca24fba5616f397d43ccb2de99d2a41d7">https://git.kernel.org/pub/scm/linux/kernel/git/gregkh/usb.git usb-testing</a></td>
				
				<td class="result">
					
						OK
						
					
					
					
						<a href="https://syzkaller.appspot.com/x/log.txt?x=1571fdf7980000">log</a>
					
					
					
				</td>
			</tr>
		
			<tr>
				
				<td class="time">2024/08/07 14:02</td>
				<td class="time" title="started: 2024/08/07 14:02&#013;finished: 2024/08/07 14:18">
					16m
				</td>
				<td>
					
						retest repro
					
				</td>
				<td></td>
				<td class="kernel" title="https://git.kernel.org/pub/scm/linux/kernel/git/gregkh/usb.git usb-testing"><a href="https://git.kernel.org/pub/scm/linux/kernel/git/gregkh/usb.git/commit/?id=25f51b76f90f10f9bf2fbc05fc51cf685da7ccad">https://git.kernel.org/pub/scm/linux/kernel/git/gregkh/usb.git usb-testing</a></td>
				
				<td class="result">
					
						<a href="https://syzkaller.appspot.com/x/report.txt?x=11b212c5980000">report</a>
					
					
					
						<a href="https://syzkaller.appspot.com/x/log.txt?x=16b212c5980000">log</a>
					
					
					
				</td>
			</tr>
		
			<tr>
				
				<td class="time">2024/05/29 07:58</td>
				<td class="time" title="started: 2024/05/29 07:58&#013;finished: 2024/05/29 08:14">
					16m
				</td>
				<td>
					
						retest repro
					
				</td>
				<td></td>
				<td class="kernel" title="https://git.kernel.org/pub/scm/linux/kernel/git/gregkh/usb.git usb-testing"><a href="https://git.kernel.org/pub/scm/linux/kernel/git/gregkh/usb.git/commit/?id=1613e604df0cd359cf2a7fbd9be7a0bcfacfabd0">https://git.kernel.org/pub/scm/linux/kernel/git/gregkh/usb.git usb-testing</a></td>
				
				<td class="result">
					
						<a href="https://syzkaller.appspot.com/x/report.txt?x=14559734980000">report</a>
					
					
					
						<a href="https://syzkaller.appspot.com/x/log.txt?x=10559734980000">log</a>
					
					
					
				</td>
			</tr>
		
			<tr>
				
				<td class="time">2024/03/20 05:55</td>
				<td class="time" title="started: 2024/03/20 05:55&#013;finished: 2024/03/20 06:17">
					21m
				</td>
				<td>
					
						retest repro
					
				</td>
				<td></td>
				<td class="kernel" title="https://git.kernel.org/pub/scm/linux/kernel/git/gregkh/usb.git usb-testing"><a href="https://git.kernel.org/pub/scm/linux/kernel/git/gregkh/usb.git/commit/?id=a788e53c05aee6e3d60792a59e10c0fac56b5086">https://git.kernel.org/pub/scm/linux/kernel/git/gregkh/usb.git usb-testing</a></td>
				
				<td class="result">
					
						<a href="https://syzkaller.appspot.com/x/report.txt?x=12dddd46180000">report</a>
					
					
					
						<a href="https://syzkaller.appspot.com/x/log.txt?x=14dddd46180000">log</a>
					
					
					
				</td>
			</tr>
		
			<tr>
				
				<td class="time">2024/01/10 05:25</td>
				<td class="time" title="started: 2024/01/10 05:25&#013;finished: 2024/01/10 05:40">
					15m
				</td>
				<td>
					
						retest repro
					
				</td>
				<td></td>
				<td class="kernel" title="https://git.kernel.org/pub/scm/linux/kernel/git/gregkh/usb.git usb-testing"><a href="https://git.kernel.org/pub/scm/linux/kernel/git/gregkh/usb.git/commit/?id=933bb7b878ddd0f8c094db45551a7daddf806e00">https://git.kernel.org/pub/scm/linux/kernel/git/gregkh/usb.git usb-testing</a></td>
				
				<td class="result">
					
						<a href="https://syzkaller.appspot.com/x/report.txt?x=12f1466de80000">report</a>
					
					
					
						<a href="https://syzkaller.appspot.com/x/log.txt?x=14f1466de80000">log</a>
					
					
					
				</td>
			</tr>
		
			<tr>
				
				<td class="time">2023/11/01 04:52</td>
				<td class="time" title="started: 2023/11/01 04:53&#013;finished: 2023/11/01 05:09">
					16m
				</td>
				<td>
					
						retest repro
					
				</td>
				<td></td>
				<td class="kernel" title="https://git.kernel.org/pub/scm/linux/kernel/git/gregkh/usb.git usb-testing"><a href="https://git.kernel.org/pub/scm/linux/kernel/git/gregkh/usb.git/commit/?id=c70793fb7632a153862ee9060e6d48131469a29c">https://git.kernel.org/pub/scm/linux/kernel/git/gregkh/usb.git usb-testing</a></td>
				
				<td class="result">
					
						<a href="https://syzkaller.appspot.com/x/report.txt?x=12cb9e9b680000">report</a>
					
					
					
						<a href="https://syzkaller.appspot.com/x/log.txt?x=14cb9e9b680000">log</a>
					
					
					
				</td>
			</tr>
		
			<tr>
				
				<td class="time">2023/08/23 03:47</td>
				<td class="time" title="started: 2023/08/23 03:47&#013;finished: 2023/08/23 04:13">
					26m
				</td>
				<td>
					
						retest repro
					
				</td>
				<td></td>
				<td class="kernel" title="https://git.kernel.org/pub/scm/linux/kernel/git/gregkh/usb.git usb-testing"><a href="https://git.kernel.org/pub/scm/linux/kernel/git/gregkh/usb.git/commit/?id=e16d5f1447e0fae6cbcd1d430b20f87b65f25307">https://git.kernel.org/pub/scm/linux/kernel/git/gregkh/usb.git usb-testing</a></td>
				
				<td class="result">
					
						<a href="https://syzkaller.appspot.com/x/report.txt?x=178ee1d3a80000">report</a>
					
					
					
						<a href="https://syzkaller.appspot.com/x/log.txt?x=138ee1d3a80000">log</a>
					
					
					
				</td>
			</tr>
		
			<tr>
				
				<td class="time">2023/08/22 11:05</td>
				<td class="time" title="started: 2023/08/22 11:13&#013;finished: 2023/08/22 11:41">
					27m
				</td>
				<td>
					
						hdanton@sina.com
					
				</td>
				<td><a href="/text?tag=Patch&x=130ebca7a80000">patch</a></td>
				<td class="kernel" title="https://git.kernel.org/pub/scm/linux/kernel/git/torvalds/linux.git master"><a href="https://git.kernel.org/pub/scm/linux/kernel/git/torvalds/linux.git/commit/?id=f7757129e3dea336c407551c98f50057c22bb266">https://git.kernel.org/pub/scm/linux/kernel/git/torvalds/linux.git master</a></td>
				
				<td class="result">
					
						OK
						
					
					
					
						<a href="https://syzkaller.appspot.com/x/log.txt?x=168ebca7a80000">log</a>
					
					
					
				</td>
			</tr>
		
			<tr>
				
				<td class="time">2023/08/21 13:51</td>
				<td class="time" title="started: 2023/08/21 14:09&#013;finished: 2023/08/21 14:29">
					20m
				</td>
				<td>
					
						hdanton@sina.com
					
				</td>
				<td><a href="/text?tag=Patch&x=16cc0c97a80000">patch</a></td>
				<td class="kernel" title="https://git.kernel.org/pub/scm/linux/kernel/git/torvalds/linux.git master"><a href="https://git.kernel.org/pub/scm/linux/kernel/git/torvalds/linux.git/commit/?id=f7757129e3dea336c407551c98f50057c22bb266">https://git.kernel.org/pub/scm/linux/kernel/git/torvalds/linux.git master</a></td>
				
				<td class="result">
					
						<a href="https://syzkaller.appspot.com/x/report.txt?x=174533a0680000">report</a>
					
					
					
						<a href="https://syzkaller.appspot.com/x/log.txt?x=134533a0680000">log</a>
					
					
					
				</td>
			</tr>
		
		</tbody>
	</table>


			
			
			
		</div>
	</div>
	
	<div class="collapsible collapsible-hide">
		<div class="head">
			<span class="show-icon">&#9654;</span>
			<span class="hide-icon">&#9660;</span>
			<span>Fix bisection attempts (2)</span>
		</div>
		<div class="content">
			
			

	<table class="list_table">
		<caption id="jobs"><a class="plain" href="#jobs"></a></caption>
		<thead>
		<tr>
			
			<th>Created</th>
			<th>Duration</th>
			<th>User</th>
			<th>Patch</th>
			<th>Repo</th>
			
			<th>Result</th>
		</tr>
		</thead>
		<tbody>
		
			<tr>
				
				<td class="time">2025/02/22 12:44</td>
				<td class="time" title="started: 2025/02/22 12:44&#013;finished: 2025/02/22 14:45">
					2h00m
				</td>
				<td>
					
						bisect fix
					
				</td>
				<td></td>
				<td class="kernel" title="upstream"><a href="https://git.kernel.org/pub/scm/linux/kernel/git/torvalds/linux.git/commit/?id=a446e965a188ee8f745859e63ce046fe98577d45">upstream</a></td>
				
				<td class="result">
					
						OK
						
							(0)
						
					
					
						<a href="https://syzkaller.appspot.com/x/bisect.txt?x=133847a4580000">job log</a>
					
					
						<a href="https://syzkaller.appspot.com/x/log.txt?x=173847a4580000">log</a>
					
					
					
				</td>
			</tr>
		
			<tr>
				
				<td class="time">2025/01/21 00:51</td>
				<td class="time" title="started: 2025/01/21 00:51&#013;finished: 2025/01/21 02:36">
					1h45m
				</td>
				<td>
					
						bisect fix
					
				</td>
				<td></td>
				<td class="kernel" title="upstream"><a href="https://git.kernel.org/pub/scm/linux/kernel/git/torvalds/linux.git/commit/?id=a446e965a188ee8f745859e63ce046fe98577d45">upstream</a></td>
				
				<td class="result">
					
						OK
						
							(0)
						
					
					
						<a href="https://syzkaller.appspot.com/x/bisect.txt?x=150d2618580000">job log</a>
					
					
						<a href="https://syzkaller.appspot.com/x/log.txt?x=130d2618580000">log</a>
					
					
					
				</td>
			</tr>
		
		</tbody>
	</table>


			
			
			
		</div>
	</div>
	

	
	<br><b>Sample crash report:</b><br>
	<div id="crash_div"><pre>Free swap  = 0kB
Total swap = 0kB
2097051 pages RAM
0 pages HighMem/MovableOnly
367867 pages reserved
rcu: INFO: rcu_preempt detected stalls on CPUs/tasks:
rcu: 	0-...!: (1 GPs behind) idle=f41c/1/0x4000000000000000 softirq=3538/3539 fqs=1
rcu: 	(detected by 1, t=10511 jiffies, g=2885, q=45 ncpus=2)
Sending NMI from CPU 1 to CPUs 0:
lowmem_reserve[]: 0
NMI backtrace for cpu 0
CPU: 0 PID: 9 Comm: kworker/0:1 Not tainted 6.5.0-rc6-syzkaller-00119-gbbb9e06d2c64 #0
Hardware name: Google Google Compute Engine/Google Compute Engine, BIOS Google 07/26/2023
Workqueue: events console_callback
RIP: 0010:arch_atomic64_set <a href='https://git.kernel.org/pub/scm/linux/kernel/git/gregkh/usb.git/tree/arch/x86/include/asm/atomic64_64.h?id=bbb9e06d2c6435af9c62074ad7048910eeb2e7bc#n20'>arch/x86/include/asm/atomic64_64.h:20</a> [inline]
RIP: 0010:raw_atomic64_set <a href='https://git.kernel.org/pub/scm/linux/kernel/git/gregkh/usb.git/tree/include/linux/atomic/atomic-arch-fallback.h?id=bbb9e06d2c6435af9c62074ad7048910eeb2e7bc#n2608'>include/linux/atomic/atomic-arch-fallback.h:2608</a> [inline]
RIP: 0010:raw_atomic_long_set <a href='https://git.kernel.org/pub/scm/linux/kernel/git/gregkh/usb.git/tree/include/linux/atomic/atomic-long.h?id=bbb9e06d2c6435af9c62074ad7048910eeb2e7bc#n79'>include/linux/atomic/atomic-long.h:79</a> [inline]
RIP: 0010:atomic_long_set <a href='https://git.kernel.org/pub/scm/linux/kernel/git/gregkh/usb.git/tree/include/linux/atomic/atomic-instrumented.h?id=bbb9e06d2c6435af9c62074ad7048910eeb2e7bc#n3196'>include/linux/atomic/atomic-instrumented.h:3196</a> [inline]
RIP: 0010:desc_read+0x2c9/0x370 <a href='https://git.kernel.org/pub/scm/linux/kernel/git/gregkh/usb.git/tree/kernel/printk/printk_ringbuffer.c?id=bbb9e06d2c6435af9c62074ad7048910eeb2e7bc#n534'>kernel/printk/printk_ringbuffer.c:534</a>
Code: e4 74 2d e8 19 b9 1b 00 be 08 00 00 00 4c 89 e7 e8 ec 77 66 00 4c 89 e2 48 b8 00 00 00 00 00 fc ff df 48 c1 ea 03 80 3c 02 00 &lt;75&gt; 78 4d 89 3c 24 e8 ec b8 1b 00 8b 44 24 08 48 83 c4 18 5b 5d 41
RSP: 0018:ffffc90000007090 EFLAGS: 00000046
RAX: dffffc0000000000 RBX: 00000001000027c2 RCX: ffffffff813092b4
RDX: 1ffff92000000e48 RSI: 0000000000000008 RDI: ffffc90000007240
RBP: 00000001000027c2 R08: 0000000000000001 R09: fffff52000000e48
R10: ffffc90000007247 R11: 00000000001445a0 R12: ffffc90000007240
R13: 0000000000000000 R14: ffffffff87de1170 R15: 80000001000027c2
FS:  0000000000000000(0000) GS:ffff8881f6600000(0000) knlGS:0000000000000000
CS:  0010 DS: 0000 ES: 0000 CR0: 0000000080050033
CR2: 00007f9fd260e0f0 CR3: 0000000114035000 CR4: 00000000003506f0
DR0: 0000000000000000 DR1: 0000000000000000 DR2: 0000000000000000
DR3: 0000000000000000 DR6: 00000000fffe0ff0 DR7: 0000000000000400
Call Trace:
 &lt;NMI&gt;
 &lt;/NMI&gt;
 &lt;IRQ&gt;
 desc_read_finalized_seq+0x8a/0x1c0 <a href='https://git.kernel.org/pub/scm/linux/kernel/git/gregkh/usb.git/tree/kernel/printk/printk_ringbuffer.c?id=bbb9e06d2c6435af9c62074ad7048910eeb2e7bc#n1763'>kernel/printk/printk_ringbuffer.c:1763</a>
 prb_read <a href='https://git.kernel.org/pub/scm/linux/kernel/git/gregkh/usb.git/tree/kernel/printk/printk_ringbuffer.c?id=bbb9e06d2c6435af9c62074ad7048910eeb2e7bc#n1831'>kernel/printk/printk_ringbuffer.c:1831</a> [inline]
 _prb_read_valid+0x49e/0x710 <a href='https://git.kernel.org/pub/scm/linux/kernel/git/gregkh/usb.git/tree/kernel/printk/printk_ringbuffer.c?id=bbb9e06d2c6435af9c62074ad7048910eeb2e7bc#n1891'>kernel/printk/printk_ringbuffer.c:1891</a>
 prb_read_valid+0x79/0xa0 <a href='https://git.kernel.org/pub/scm/linux/kernel/git/gregkh/usb.git/tree/kernel/printk/printk_ringbuffer.c?id=bbb9e06d2c6435af9c62074ad7048910eeb2e7bc#n1940'>kernel/printk/printk_ringbuffer.c:1940</a>
 printk_get_next_message+0x154/0x7c0 <a href='https://git.kernel.org/pub/scm/linux/kernel/git/gregkh/usb.git/tree/kernel/printk/printk.c?id=bbb9e06d2c6435af9c62074ad7048910eeb2e7bc#n2783'>kernel/printk/printk.c:2783</a>
 console_emit_next_record <a href='https://git.kernel.org/pub/scm/linux/kernel/git/gregkh/usb.git/tree/kernel/printk/printk.c?id=bbb9e06d2c6435af9c62074ad7048910eeb2e7bc#n2844'>kernel/printk/printk.c:2844</a> [inline]
 console_flush_all+0x39e/0xf50 <a href='https://git.kernel.org/pub/scm/linux/kernel/git/gregkh/usb.git/tree/kernel/printk/printk.c?id=bbb9e06d2c6435af9c62074ad7048910eeb2e7bc#n2933'>kernel/printk/printk.c:2933</a>
 console_unlock+0xc6/0x1f0 <a href='https://git.kernel.org/pub/scm/linux/kernel/git/gregkh/usb.git/tree/kernel/printk/printk.c?id=bbb9e06d2c6435af9c62074ad7048910eeb2e7bc#n3007'>kernel/printk/printk.c:3007</a>
 vprintk_emit+0x1c5/0x640 <a href='https://git.kernel.org/pub/scm/linux/kernel/git/gregkh/usb.git/tree/kernel/printk/printk.c?id=bbb9e06d2c6435af9c62074ad7048910eeb2e7bc#n2307'>kernel/printk/printk.c:2307</a>
 vprintk+0x89/0xa0 <a href='https://git.kernel.org/pub/scm/linux/kernel/git/gregkh/usb.git/tree/kernel/printk/printk_safe.c?id=bbb9e06d2c6435af9c62074ad7048910eeb2e7bc#n50'>kernel/printk/printk_safe.c:50</a>
 _printk+0xc8/0x100 <a href='https://git.kernel.org/pub/scm/linux/kernel/git/gregkh/usb.git/tree/kernel/printk/printk.c?id=bbb9e06d2c6435af9c62074ad7048910eeb2e7bc#n2328'>kernel/printk/printk.c:2328</a>
 __show_free_areas+0x1239/0x2140 <a href='https://git.kernel.org/pub/scm/linux/kernel/git/gregkh/usb.git/tree/mm/show_mem.c?id=bbb9e06d2c6435af9c62074ad7048910eeb2e7bc#n352'>mm/show_mem.c:352</a>
 __show_mem+0x34/0x140 <a href='https://git.kernel.org/pub/scm/linux/kernel/git/gregkh/usb.git/tree/mm/show_mem.c?id=bbb9e06d2c6435af9c62074ad7048910eeb2e7bc#n409'>mm/show_mem.c:409</a>
 k_spec <a href='https://git.kernel.org/pub/scm/linux/kernel/git/gregkh/usb.git/tree/drivers/tty/vt/keyboard.c?id=bbb9e06d2c6435af9c62074ad7048910eeb2e7bc#n667'>drivers/tty/vt/keyboard.c:667</a> [inline]
 k_spec+0xea/0x140 <a href='https://git.kernel.org/pub/scm/linux/kernel/git/gregkh/usb.git/tree/drivers/tty/vt/keyboard.c?id=bbb9e06d2c6435af9c62074ad7048910eeb2e7bc#n656'>drivers/tty/vt/keyboard.c:656</a>
 kbd_keycode <a href='https://git.kernel.org/pub/scm/linux/kernel/git/gregkh/usb.git/tree/drivers/tty/vt/keyboard.c?id=bbb9e06d2c6435af9c62074ad7048910eeb2e7bc#n1524'>drivers/tty/vt/keyboard.c:1524</a> [inline]
 kbd_event+0xcc8/0x17c0 <a href='https://git.kernel.org/pub/scm/linux/kernel/git/gregkh/usb.git/tree/drivers/tty/vt/keyboard.c?id=bbb9e06d2c6435af9c62074ad7048910eeb2e7bc#n1543'>drivers/tty/vt/keyboard.c:1543</a>
 input_to_handler+0x382/0x4c0 <a href='https://git.kernel.org/pub/scm/linux/kernel/git/gregkh/usb.git/tree/drivers/input/input.c?id=bbb9e06d2c6435af9c62074ad7048910eeb2e7bc#n132'>drivers/input/input.c:132</a>
 input_pass_values.part.0+0x536/0x7a0 <a href='https://git.kernel.org/pub/scm/linux/kernel/git/gregkh/usb.git/tree/drivers/input/input.c?id=bbb9e06d2c6435af9c62074ad7048910eeb2e7bc#n161'>drivers/input/input.c:161</a>
 input_pass_values <a href='https://git.kernel.org/pub/scm/linux/kernel/git/gregkh/usb.git/tree/drivers/input/input.c?id=bbb9e06d2c6435af9c62074ad7048910eeb2e7bc#n148'>drivers/input/input.c:148</a> [inline]
 input_event_dispose+0x5ee/0x770 <a href='https://git.kernel.org/pub/scm/linux/kernel/git/gregkh/usb.git/tree/drivers/input/input.c?id=bbb9e06d2c6435af9c62074ad7048910eeb2e7bc#n378'>drivers/input/input.c:378</a>
 input_handle_event+0x11c/0xd80 <a href='https://git.kernel.org/pub/scm/linux/kernel/git/gregkh/usb.git/tree/drivers/input/input.c?id=bbb9e06d2c6435af9c62074ad7048910eeb2e7bc#n406'>drivers/input/input.c:406</a>
 input_repeat_key+0x251/0x340 <a href='https://git.kernel.org/pub/scm/linux/kernel/git/gregkh/usb.git/tree/drivers/input/input.c?id=bbb9e06d2c6435af9c62074ad7048910eeb2e7bc#n2263'>drivers/input/input.c:2263</a>
 call_timer_fn+0x1a0/0x580 <a href='https://git.kernel.org/pub/scm/linux/kernel/git/gregkh/usb.git/tree/kernel/time/timer.c?id=bbb9e06d2c6435af9c62074ad7048910eeb2e7bc#n1700'>kernel/time/timer.c:1700</a>
 expire_timers <a href='https://git.kernel.org/pub/scm/linux/kernel/git/gregkh/usb.git/tree/kernel/time/timer.c?id=bbb9e06d2c6435af9c62074ad7048910eeb2e7bc#n1751'>kernel/time/timer.c:1751</a> [inline]
 __run_timers+0x764/0xb10 <a href='https://git.kernel.org/pub/scm/linux/kernel/git/gregkh/usb.git/tree/kernel/time/timer.c?id=bbb9e06d2c6435af9c62074ad7048910eeb2e7bc#n2022'>kernel/time/timer.c:2022</a>
 run_timer_softirq+0x58/0xd0 <a href='https://git.kernel.org/pub/scm/linux/kernel/git/gregkh/usb.git/tree/kernel/time/timer.c?id=bbb9e06d2c6435af9c62074ad7048910eeb2e7bc#n2035'>kernel/time/timer.c:2035</a>
 __do_softirq+0x20b/0x94e <a href='https://git.kernel.org/pub/scm/linux/kernel/git/gregkh/usb.git/tree/kernel/softirq.c?id=bbb9e06d2c6435af9c62074ad7048910eeb2e7bc#n553'>kernel/softirq.c:553</a>
 invoke_softirq <a href='https://git.kernel.org/pub/scm/linux/kernel/git/gregkh/usb.git/tree/kernel/softirq.c?id=bbb9e06d2c6435af9c62074ad7048910eeb2e7bc#n427'>kernel/softirq.c:427</a> [inline]
 __irq_exit_rcu <a href='https://git.kernel.org/pub/scm/linux/kernel/git/gregkh/usb.git/tree/kernel/softirq.c?id=bbb9e06d2c6435af9c62074ad7048910eeb2e7bc#n632'>kernel/softirq.c:632</a> [inline]
 irq_exit_rcu+0xa7/0x110 <a href='https://git.kernel.org/pub/scm/linux/kernel/git/gregkh/usb.git/tree/kernel/softirq.c?id=bbb9e06d2c6435af9c62074ad7048910eeb2e7bc#n644'>kernel/softirq.c:644</a>
 sysvec_apic_timer_interrupt+0x8e/0xb0 <a href='https://git.kernel.org/pub/scm/linux/kernel/git/gregkh/usb.git/tree/arch/x86/kernel/apic/apic.c?id=bbb9e06d2c6435af9c62074ad7048910eeb2e7bc#n1109'>arch/x86/kernel/apic/apic.c:1109</a>
 &lt;/IRQ&gt;
 &lt;TASK&gt;
 asm_sysvec_apic_timer_interrupt+0x1a/0x20 <a href='https://git.kernel.org/pub/scm/linux/kernel/git/gregkh/usb.git/tree/arch/x86/include/asm/idtentry.h?id=bbb9e06d2c6435af9c62074ad7048910eeb2e7bc#n645'>arch/x86/include/asm/idtentry.h:645</a>
RIP: 0010:console_flush_all+0x9b6/0xf50 <a href='https://git.kernel.org/pub/scm/linux/kernel/git/gregkh/usb.git/tree/kernel/printk/printk.c?id=bbb9e06d2c6435af9c62074ad7048910eeb2e7bc#n2939'>kernel/printk/printk.c:2939</a>
Code: 30 c7 22 00 9c 5b 81 e3 00 02 00 00 31 ff 48 89 de e8 8e 21 1c 00 48 85 db 0f 85 94 03 00 00 e8 f0 25 1c 00 fb 48 8b 44 24 08 &lt;48&gt; 8b 14 24 0f b6 00 83 e2 07 38 d0 7f 08 84 c0 0f 85 9d 04 00 00
RSP: 0018:ffffc9000009fa98 EFLAGS: 00000293
RAX: fffff52000013f7e RBX: 0000000000000000 RCX: 0000000000000000
RDX: ffff888101e58000 RSI: ffffffff813025d0 RDI: 0000000000000007
RBP: ffffffff88347b00 R08: 0000000000000007 R09: 0000000000000000
R10: 0000000000000000 R11: 205d314320202020 R12: 0000000000000001
R13: ffffffff88347b58 R14: dffffc0000000000 R15: 0000000000000001
 console_unlock+0xc6/0x1f0 <a href='https://git.kernel.org/pub/scm/linux/kernel/git/gregkh/usb.git/tree/kernel/printk/printk.c?id=bbb9e06d2c6435af9c62074ad7048910eeb2e7bc#n3007'>kernel/printk/printk.c:3007</a>
 console_callback+0x27d/0x4c0 <a href='https://git.kernel.org/pub/scm/linux/kernel/git/gregkh/usb.git/tree/drivers/tty/vt/vt.c?id=bbb9e06d2c6435af9c62074ad7048910eeb2e7bc#n2964'>drivers/tty/vt/vt.c:2964</a>
 process_one_work+0xaa2/0x16f0 <a href='https://git.kernel.org/pub/scm/linux/kernel/git/gregkh/usb.git/tree/kernel/workqueue.c?id=bbb9e06d2c6435af9c62074ad7048910eeb2e7bc#n2600'>kernel/workqueue.c:2600</a>
 worker_thread+0x687/0x1110 <a href='https://git.kernel.org/pub/scm/linux/kernel/git/gregkh/usb.git/tree/kernel/workqueue.c?id=bbb9e06d2c6435af9c62074ad7048910eeb2e7bc#n2751'>kernel/workqueue.c:2751</a>
 kthread+0x33a/0x430 <a href='https://git.kernel.org/pub/scm/linux/kernel/git/gregkh/usb.git/tree/kernel/kthread.c?id=bbb9e06d2c6435af9c62074ad7048910eeb2e7bc#n389'>kernel/kthread.c:389</a>
 ret_from_fork+0x2c/0x70 <a href='https://git.kernel.org/pub/scm/linux/kernel/git/gregkh/usb.git/tree/arch/x86/kernel/process.c?id=bbb9e06d2c6435af9c62074ad7048910eeb2e7bc#n145'>arch/x86/kernel/process.c:145</a>
 ret_from_fork_asm+0x11/0x20 <a href='https://git.kernel.org/pub/scm/linux/kernel/git/gregkh/usb.git/tree/arch/x86/entry/entry_64.S?id=bbb9e06d2c6435af9c62074ad7048910eeb2e7bc#n304'>arch/x86/entry/entry_64.S:304</a>
 &lt;/TASK&gt;
INFO: NMI handler (nmi_cpu_backtrace_handler) took too long to run: 3.757 msecs
rcu: rcu_preempt kthread starved for 10505 jiffies! g2885 f0x0 RCU_GP_WAIT_FQS(5) -&gt;state=0x0 -&gt;cpu=1
 2812 6735
rcu: 	Unless rcu_preempt kthread gets sufficient CPU time, OOM is now expected behavior.
 6735
rcu: RCU grace-period kthread stack dump:
task:rcu_preempt     state:R
Node 0 DMA32 free:2879700kB boost:0kB min:4380kB low:7256kB high:10132kB reserved_highatomic:0KB active_anon:0kB inactive_anon:0kB active_file:0kB inactive_file:0kB unevictable:0kB writepending:0kB present:3129332kB managed:2883248kB mlocked:0kB bounce:0kB free_pcp:3548kB local_pcp:64kB free_cma:0kB
  running task     stack:29136 pid:15    ppid:2      flags:0x00004000
lowmem_reserve[]: 0
Call Trace:
 &lt;TASK&gt;
 0 3923
 context_switch <a href='https://git.kernel.org/pub/scm/linux/kernel/git/gregkh/usb.git/tree/kernel/sched/core.c?id=bbb9e06d2c6435af9c62074ad7048910eeb2e7bc#n5381'>kernel/sched/core.c:5381</a> [inline]
 __schedule+0xc79/0x30a0 <a href='https://git.kernel.org/pub/scm/linux/kernel/git/gregkh/usb.git/tree/kernel/sched/core.c?id=bbb9e06d2c6435af9c62074ad7048910eeb2e7bc#n6710'>kernel/sched/core.c:6710</a>
 3923
Node 0 
Normal free:3438448kB boost:0kB min:6112kB low:10128kB high:14144kB reserved_highatomic:0KB active_anon:312kB inactive_anon:6984kB active_file:13664kB inactive_file:40900kB unevictable:0kB writepending:0kB present:5242880kB managed:4018128kB mlocked:0kB bounce:0kB free_pcp:8208kB local_pcp:4084kB free_cma:0kB
 schedule+0xe7/0x1b0 <a href='https://git.kernel.org/pub/scm/linux/kernel/git/gregkh/usb.git/tree/kernel/sched/core.c?id=bbb9e06d2c6435af9c62074ad7048910eeb2e7bc#n6786'>kernel/sched/core.c:6786</a>
lowmem_reserve[]: 0
 schedule_timeout+0x157/0x2c0 <a href='https://git.kernel.org/pub/scm/linux/kernel/git/gregkh/usb.git/tree/kernel/time/timer.c?id=bbb9e06d2c6435af9c62074ad7048910eeb2e7bc#n2167'>kernel/time/timer.c:2167</a>
 0 0
 0
Node 0 DMA: 
0*4kB 
0*8kB 
 rcu_gp_fqs_loop+0x1ec/0xa50 <a href='https://git.kernel.org/pub/scm/linux/kernel/git/gregkh/usb.git/tree/kernel/rcu/tree.c?id=bbb9e06d2c6435af9c62074ad7048910eeb2e7bc#n1609'>kernel/rcu/tree.c:1609</a>
0*16kB 
0*32kB 
0*64kB 
 rcu_gp_kthread+0x249/0x380 <a href='https://git.kernel.org/pub/scm/linux/kernel/git/gregkh/usb.git/tree/kernel/rcu/tree.c?id=bbb9e06d2c6435af9c62074ad7048910eeb2e7bc#n1808'>kernel/rcu/tree.c:1808</a>
0*128kB 
0*256kB 
0*512kB 
1*1024kB 
 kthread+0x33a/0x430 <a href='https://git.kernel.org/pub/scm/linux/kernel/git/gregkh/usb.git/tree/kernel/kthread.c?id=bbb9e06d2c6435af9c62074ad7048910eeb2e7bc#n389'>kernel/kthread.c:389</a>
(U) 1*2048kB 
(M) 3*4096kB 
 ret_from_fork+0x2c/0x70 <a href='https://git.kernel.org/pub/scm/linux/kernel/git/gregkh/usb.git/tree/arch/x86/kernel/process.c?id=bbb9e06d2c6435af9c62074ad7048910eeb2e7bc#n145'>arch/x86/kernel/process.c:145</a>
(M) = 15360kB
Node 0 DMA32: 
 ret_from_fork_asm+0x11/0x20 <a href='https://git.kernel.org/pub/scm/linux/kernel/git/gregkh/usb.git/tree/arch/x86/entry/entry_64.S?id=bbb9e06d2c6435af9c62074ad7048910eeb2e7bc#n304'>arch/x86/entry/entry_64.S:304</a>
3*4kB 
 &lt;/TASK&gt;
(M) 1*8kB 
rcu: Stack dump where RCU GP kthread last ran:
CPU: 1 PID: 25 Comm: kworker/1:1 Not tainted 6.5.0-rc6-syzkaller-00119-gbbb9e06d2c64 #0
(M) 2*16kB 
Hardware name: Google Google Compute Engine/Google Compute Engine, BIOS Google 07/26/2023
(M) 3*32kB 
Workqueue: usb_hub_wq hub_event
(M) 3*64kB 

RIP: 0010:__raw_spin_unlock_irqrestore <a href='https://git.kernel.org/pub/scm/linux/kernel/git/gregkh/usb.git/tree/include/linux/spinlock_api_smp.h?id=bbb9e06d2c6435af9c62074ad7048910eeb2e7bc#n152'>include/linux/spinlock_api_smp.h:152</a> [inline]
RIP: 0010:_raw_spin_unlock_irqrestore+0x31/0x70 <a href='https://git.kernel.org/pub/scm/linux/kernel/git/gregkh/usb.git/tree/kernel/locking/spinlock.c?id=bbb9e06d2c6435af9c62074ad7048910eeb2e7bc#n194'>kernel/locking/spinlock.c:194</a>
(M) 3*128kB 
Code: f5 53 48 8b 74 24 10 48 89 fb 48 83 c7 18 e8 c6 41 ec fa 48 89 df e8 9e c0 ec fa f7 c5 00 02 00 00 75 1f 9c 58 f6 c4 02 75 2f &lt;bf&gt; 01 00 00 00 e8 15 47 e1 fa 65 8b 05 26 57 c2 79 85 c0 74 12 5b
(M) 2*256kB 
RSP: 0000:ffffc90000188c90 EFLAGS: 00000246
(M) 2*512kB 

RAX: 0000000000000002 RBX: ffff8881096b4218 RCX: 1ffffffff16f69c2
(M) 2*1024kB 
RDX: 0000000000000000 RSI: ffffffff8687a2e0 RDI: ffffffff86a59c00
(M) 2*2048kB 
RBP: 0000000000000246 R08: 0000000000000001 R09: fffffbfff16eef4a
(M) 701*4096kB 
R10: ffffffff8b777a57 R11: 00000000000441b8 R12: ffff8881096b4110
(M) = 2879700kB
R13: 1ffff92000031196 R14: ffffffff845832d0 R15: 0000000000000001
Node 0 Normal: 
FS:  0000000000000000(0000) GS:ffff8881f6700000(0000) knlGS:0000000000000000
486*4kB 
CS:  0010 DS: 0000 ES: 0000 CR0: 0000000080050033
(UME) 767*8kB 
CR2: 00007f9fd25dfce8 CR3: 0000000109343000 CR4: 00000000003506e0
(UE) 318*16kB 
DR0: 0000000000000000 DR1: 0000000000000000 DR2: 0000000000000000
(UME) 4*32kB 
DR3: 0000000000000000 DR6: 00000000fffe0ff0 DR7: 0000000000000400
(UM) 2*64kB 
Call Trace:
 &lt;IRQ&gt;
(M) 4*128kB 
(UME) 1*256kB 
(U) 6*512kB 
(ME) 3*1024kB 
(ME) 1*2048kB 
(E) 834*4096kB 
(M) = 3438448kB
Node 0 hugepages_total=4 hugepages_free=4 hugepages_surp=0 hugepages_size=2048kB
13796 total pagecache pages
0 pages in swap cache
Free swap  = 0kB
Total swap = 0kB
2097051 pages RAM
0 pages HighMem/MovableOnly
367867 pages reserved
Mem-Info:
active_anon:78 inactive_anon:1746 isolated_anon:0
 active_file:3416 inactive_file:10225 isolated_file:0
 unevictable:0 dirty:0 writeback:0
 slab_reclaimable:8953 slab_unreclaimable:62980
 mapped:2091 shmem:155 pagetables:347
 sec_pagetables:0 bounce:0
 kernel_misc_reclaimable:0
 free:1583377 free_pcp:2939 free_cma:0
Node 0 active_anon:312kB inactive_anon:6984kB active_file:13664kB inactive_file:40900kB unevictable:0kB isolated(anon):0kB isolated(file):0kB mapped:8364kB dirty:0kB writeback:0kB shmem:620kB writeback_tmp:0kB kernel_stack:3556kB pagetables:1388kB sec_pagetables:0kB all_unreclaimable? no
Node 0 DMA free:15360kB boost:0kB min:20kB low:32kB high:44kB reserved_highatomic:0KB active_anon:0kB inactive_anon:0kB active_file:0kB inactive_file:0kB unevictable:0kB writepending:0kB present:15992kB managed:15360kB mlocked:0kB bounce:0kB free_pcp:0kB local_pcp:0kB free_cma:0kB
lowmem_reserve[]: 0
 2812 6735
 6735
Node 0 DMA32 free:2879700kB boost:0kB min:4380kB low:7256kB high:10132kB reserved_highatomic:0KB active_anon:0kB inactive_anon:0kB active_file:0kB inactive_file:0kB unevictable:0kB writepending:0kB present:3129332kB managed:2883248kB mlocked:0kB bounce:0kB free_pcp:3548kB local_pcp:64kB free_cma:0kB
lowmem_reserve[]: 0
 0 3923
 call_timer_fn+0x1a0/0x580 <a href='https://git.kernel.org/pub/scm/linux/kernel/git/gregkh/usb.git/tree/kernel/time/timer.c?id=bbb9e06d2c6435af9c62074ad7048910eeb2e7bc#n1700'>kernel/time/timer.c:1700</a>
 3923
Node 0 
Normal free:3438448kB boost:0kB min:6112kB low:10128kB high:14144kB reserved_highatomic:0KB active_anon:312kB inactive_anon:6984kB active_file:13664kB inactive_file:40900kB unevictable:0kB writepending:0kB present:5242880kB managed:4018128kB mlocked:0kB bounce:0kB free_pcp:8208kB local_pcp:4084kB free_cma:0kB
lowmem_reserve[]: 0
 0 0
 expire_timers <a href='https://git.kernel.org/pub/scm/linux/kernel/git/gregkh/usb.git/tree/kernel/time/timer.c?id=bbb9e06d2c6435af9c62074ad7048910eeb2e7bc#n1751'>kernel/time/timer.c:1751</a> [inline]
 __run_timers+0x764/0xb10 <a href='https://git.kernel.org/pub/scm/linux/kernel/git/gregkh/usb.git/tree/kernel/time/timer.c?id=bbb9e06d2c6435af9c62074ad7048910eeb2e7bc#n2022'>kernel/time/timer.c:2022</a>
 0
Node 0 DMA: 
0*4kB 
0*8kB 
 run_timer_softirq+0x58/0xd0 <a href='https://git.kernel.org/pub/scm/linux/kernel/git/gregkh/usb.git/tree/kernel/time/timer.c?id=bbb9e06d2c6435af9c62074ad7048910eeb2e7bc#n2035'>kernel/time/timer.c:2035</a>
0*16kB 
 __do_softirq+0x20b/0x94e <a href='https://git.kernel.org/pub/scm/linux/kernel/git/gregkh/usb.git/tree/kernel/softirq.c?id=bbb9e06d2c6435af9c62074ad7048910eeb2e7bc#n553'>kernel/softirq.c:553</a>
0*32kB 
0*64kB 
 invoke_softirq <a href='https://git.kernel.org/pub/scm/linux/kernel/git/gregkh/usb.git/tree/kernel/softirq.c?id=bbb9e06d2c6435af9c62074ad7048910eeb2e7bc#n427'>kernel/softirq.c:427</a> [inline]
 __irq_exit_rcu <a href='https://git.kernel.org/pub/scm/linux/kernel/git/gregkh/usb.git/tree/kernel/softirq.c?id=bbb9e06d2c6435af9c62074ad7048910eeb2e7bc#n632'>kernel/softirq.c:632</a> [inline]
 irq_exit_rcu+0xa7/0x110 <a href='https://git.kernel.org/pub/scm/linux/kernel/git/gregkh/usb.git/tree/kernel/softirq.c?id=bbb9e06d2c6435af9c62074ad7048910eeb2e7bc#n644'>kernel/softirq.c:644</a>
0*128kB 
 sysvec_apic_timer_interrupt+0x8e/0xb0 <a href='https://git.kernel.org/pub/scm/linux/kernel/git/gregkh/usb.git/tree/arch/x86/kernel/apic/apic.c?id=bbb9e06d2c6435af9c62074ad7048910eeb2e7bc#n1109'>arch/x86/kernel/apic/apic.c:1109</a>
0*256kB 
 &lt;/IRQ&gt;
0*512kB 
 &lt;TASK&gt;
 asm_sysvec_apic_timer_interrupt+0x1a/0x20 <a href='https://git.kernel.org/pub/scm/linux/kernel/git/gregkh/usb.git/tree/arch/x86/include/asm/idtentry.h?id=bbb9e06d2c6435af9c62074ad7048910eeb2e7bc#n645'>arch/x86/include/asm/idtentry.h:645</a>
1*1024kB 
RIP: 0010:console_flush_all+0x9b6/0xf50 <a href='https://git.kernel.org/pub/scm/linux/kernel/git/gregkh/usb.git/tree/kernel/printk/printk.c?id=bbb9e06d2c6435af9c62074ad7048910eeb2e7bc#n2939'>kernel/printk/printk.c:2939</a>
(U) 1*2048kB 
Code: 30 c7 22 00 9c 5b 81 e3 00 02 00 00 31 ff 48 89 de e8 8e 21 1c 00 48 85 db 0f 85 94 03 00 00 e8 f0 25 1c 00 fb 48 8b 44 24 08 &lt;48&gt; 8b 14 24 0f b6 00 83 e2 07 38 d0 7f 08 84 c0 0f 85 9d 04 00 00
(M) 3*4096kB 
RSP: 0000:ffffc900001b7548 EFLAGS: 00000293
(M) = 15360kB

RAX: fffff52000036ed4 RBX: 0000000000000000 RCX: 0000000000000000
Node 0 DMA32: 
RDX: ffff888104a51d00 RSI: ffffffff813025d0 RDI: 0000000000000007
3*4kB 
RBP: ffffffff88347b00 R08: 0000000000000007 R09: 0000000000000000
(M) 1*8kB 
R10: 0000000000000000 R11: 205d314320202020 R12: 0000000000000001
(M) 2*16kB 
R13: ffffffff88347b58 R14: dffffc0000000000 R15: 0000000000000001
(M) 3*32kB 
(M) 3*64kB 
(M) 3*128kB 
(M) 2*256kB 
(M) 2*512kB 
(M) 2*1024kB 
 console_unlock+0xc6/0x1f0 <a href='https://git.kernel.org/pub/scm/linux/kernel/git/gregkh/usb.git/tree/kernel/printk/printk.c?id=bbb9e06d2c6435af9c62074ad7048910eeb2e7bc#n3007'>kernel/printk/printk.c:3007</a>
(M) 2*2048kB 
(M) 701*4096kB 
 vprintk_emit+0x1c5/0x640 <a href='https://git.kernel.org/pub/scm/linux/kernel/git/gregkh/usb.git/tree/kernel/printk/printk.c?id=bbb9e06d2c6435af9c62074ad7048910eeb2e7bc#n2307'>kernel/printk/printk.c:2307</a>
(M) = 2879700kB
 dev_vprintk_emit <a href='https://git.kernel.org/pub/scm/linux/kernel/git/gregkh/usb.git/tree/drivers/base/core.c?id=bbb9e06d2c6435af9c62074ad7048910eeb2e7bc#n4840'>drivers/base/core.c:4840</a> [inline]
 dev_printk_emit+0xfb/0x140 <a href='https://git.kernel.org/pub/scm/linux/kernel/git/gregkh/usb.git/tree/drivers/base/core.c?id=bbb9e06d2c6435af9c62074ad7048910eeb2e7bc#n4851'>drivers/base/core.c:4851</a>
Node 0 Normal: 
486*4kB 
(UME) 767*8kB 
(UE) 318*16kB 
 __dev_printk+0xf5/0x270 <a href='https://git.kernel.org/pub/scm/linux/kernel/git/gregkh/usb.git/tree/drivers/base/core.c?id=bbb9e06d2c6435af9c62074ad7048910eeb2e7bc#n4863'>drivers/base/core.c:4863</a>
(UME) 4*32kB 
 _dev_info+0xe5/0x120 <a href='https://git.kernel.org/pub/scm/linux/kernel/git/gregkh/usb.git/tree/drivers/base/core.c?id=bbb9e06d2c6435af9c62074ad7048910eeb2e7bc#n4909'>drivers/base/core.c:4909</a>
(UM) 2*64kB 
(M) 4*128kB 
(UME) 1*256kB 
 hub_port_init+0xcd3/0x3920 <a href='https://git.kernel.org/pub/scm/linux/kernel/git/gregkh/usb.git/tree/drivers/usb/core/hub.c?id=bbb9e06d2c6435af9c62074ad7048910eeb2e7bc#n4870'>drivers/usb/core/hub.c:4870</a>
(U) 6*512kB 
 hub_port_connect <a href='https://git.kernel.org/pub/scm/linux/kernel/git/gregkh/usb.git/tree/drivers/usb/core/hub.c?id=bbb9e06d2c6435af9c62074ad7048910eeb2e7bc#n5369'>drivers/usb/core/hub.c:5369</a> [inline]
 hub_port_connect_change <a href='https://git.kernel.org/pub/scm/linux/kernel/git/gregkh/usb.git/tree/drivers/usb/core/hub.c?id=bbb9e06d2c6435af9c62074ad7048910eeb2e7bc#n5580'>drivers/usb/core/hub.c:5580</a> [inline]
 port_event <a href='https://git.kernel.org/pub/scm/linux/kernel/git/gregkh/usb.git/tree/drivers/usb/core/hub.c?id=bbb9e06d2c6435af9c62074ad7048910eeb2e7bc#n5740'>drivers/usb/core/hub.c:5740</a> [inline]
 hub_event+0x2c20/0x4f30 <a href='https://git.kernel.org/pub/scm/linux/kernel/git/gregkh/usb.git/tree/drivers/usb/core/hub.c?id=bbb9e06d2c6435af9c62074ad7048910eeb2e7bc#n5822'>drivers/usb/core/hub.c:5822</a>
(ME) 3*1024kB 
(ME) 1*2048kB 
(E) 834*4096kB 
(M) = 3438448kB
Node 0 hugepages_total=4 hugepages_free=4 hugepages_surp=0 hugepages_size=2048kB
13796 total pagecache pages
 process_one_work+0xaa2/0x16f0 <a href='https://git.kernel.org/pub/scm/linux/kernel/git/gregkh/usb.git/tree/kernel/workqueue.c?id=bbb9e06d2c6435af9c62074ad7048910eeb2e7bc#n2600'>kernel/workqueue.c:2600</a>
0 pages in swap cache
Free swap  = 0kB
Total swap = 0kB
2097051 pages RAM
0 pages HighMem/MovableOnly
367867 pages reserved
 worker_thread+0x687/0x1110 <a href='https://git.kernel.org/pub/scm/linux/kernel/git/gregkh/usb.git/tree/kernel/workqueue.c?id=bbb9e06d2c6435af9c62074ad7048910eeb2e7bc#n2751'>kernel/workqueue.c:2751</a>
Mem-Info:
active_anon:78 inactive_anon:1721 isolated_anon:0
 active_file:3416 inactive_file:10225 isolated_file:0
 unevictable:0 dirty:0 writeback:0
 slab_reclaimable:8953 slab_unreclaimable:62916
 mapped:2091 shmem:155 pagetables:347
 sec_pagetables:0 bounce:0
 kernel_misc_reclaimable:0
 free:1583321 free_pcp:3105 free_cma:0
Node 0 active_anon:312kB inactive_anon:6884kB active_file:13664kB inactive_file:40900kB unevictable:0kB isolated(anon):0kB isolated(file):0kB mapped:8364kB dirty:0kB writeback:0kB shmem:620kB writeback_tmp:0kB kernel_stack:3584kB pagetables:1388kB sec_pagetables:0kB all_unreclaimable? no
 kthread+0x33a/0x430 <a href='https://git.kernel.org/pub/scm/linux/kernel/git/gregkh/usb.git/tree/kernel/kthread.c?id=bbb9e06d2c6435af9c62074ad7048910eeb2e7bc#n389'>kernel/kthread.c:389</a>
Node 0 DMA free:15360kB boost:0kB min:20kB low:32kB high:44kB reserved_highatomic:0KB active_anon:0kB inactive_anon:0kB active_file:0kB inactive_file:0kB unevictable:0kB writepending:0kB present:15992kB managed:15360kB mlocked:0kB bounce:0kB free_pcp:0kB local_pcp:0kB free_cma:0kB
lowmem_reserve[]: 0
 ret_from_fork+0x2c/0x70 <a href='https://git.kernel.org/pub/scm/linux/kernel/git/gregkh/usb.git/tree/arch/x86/kernel/process.c?id=bbb9e06d2c6435af9c62074ad7048910eeb2e7bc#n145'>arch/x86/kernel/process.c:145</a>
 2812
 6735 6735
 ret_from_fork_asm+0x11/0x20 <a href='https://git.kernel.org/pub/scm/linux/kernel/git/gregkh/usb.git/tree/arch/x86/entry/entry_64.S?id=bbb9e06d2c6435af9c62074ad7048910eeb2e7bc#n304'>arch/x86/entry/entry_64.S:304</a>

Node 0 
 &lt;/TASK&gt;
DMA32 free:2879700kB boost:0kB min:4380kB low:7256kB high:10132kB reserved_highatomic:0KB active_anon:0kB inactive_anon:0kB active_file:0kB inactive_file:0kB unevictable:0kB writepending:0kB present:3129332kB managed:2883248kB mlocked:0kB bounce:0kB free_pcp:3548kB local_pcp:64kB free_cma:0kB
lowmem_reserve[]: 0 0 3923 3923
Node 0 Normal free:3438224kB boost:0kB min:6112kB low:10128kB high:14144kB reserved_highatomic:0KB active_anon:312kB inactive_anon:6884kB active_file:13664kB inactive_file:40900kB unevictable:0kB writepending:0kB present:5242880kB managed:4018128kB mlocked:0kB bounce:0kB free_pcp:8872kB local_pcp:4748kB free_cma:0kB
lowmem_reserve[]: 0 0 0 0
Node 0 DMA: 0*4kB 0*8kB 0*16kB 0*32kB 0*64kB 0*128kB 0*256kB 0*512kB 1*1024kB (U) 1*2048kB (M) 3*4096kB (M) = 15360kB
Node 0 DMA32: 3*4kB (M) 1*8kB (M) 2*16kB (M) 3*32kB (M) 3*64kB (M) 3*128kB (M) 2*256kB (M) 2*512kB (M) 2*1024kB (M) 2*2048kB (M) 701*4096kB (M) = 2879700kB
Node 0 Normal: 486*4kB (UME) 767*8kB (UE) 318*16kB (UME) 3*32kB (M) 3*64kB (UM) 4*128kB (UME) 0*256kB 6*512kB (ME) 3*1024kB (ME) 1*2048kB (E) 834*4096kB (M) = 3438224kB
Node 0 hugepages_total=4 hugepages_free=4 hugepages_surp=0 hugepages_size=2048kB
13796 total pagecache pages
0 pages in swap cache
Free swap  = 0kB
Total swap = 0kB
2097051 pages RAM
0 pages HighMem/MovableOnly
367867 pages reserved
Mem-Info:
active_anon:78 inactive_anon:1721 isolated_anon:0
 active_file:3416 inactive_file:10225 isolated_file:0
 unevictable:0 dirty:0 writeback:0
 slab_reclaimable:8953 slab_unreclaimable:62916
 mapped:2091 shmem:155 pagetables:347
 sec_pagetables:0 bounce:0
 kernel_misc_reclaimable:0
 free:1583321 free_pcp:3105 free_cma:0
Node 0 active_anon:312kB inactive_anon:6884kB active_file:13664kB inactive_file:40900kB unevictable:0kB isolated(anon):0kB isolated(file):0kB mapped:8364kB dirty:0kB writeback:0kB shmem:620kB writeback_tmp:0kB kernel_stack:3584kB pagetables:1388kB sec_pagetables:0kB all_unreclaimable? no
Node 0 DMA free:15360kB boost:0kB min:20kB low:32kB high:44kB reserved_highatomic:0KB active_anon:0kB inactive_anon:0kB active_file:0kB inactive_file:0kB unevictable:0kB writepending:0kB present:15992kB managed:15360kB mlocked:0kB bounce:0kB free_pcp:0kB local_pcp:0kB free_cma:0kB
lowmem_reserve[]: 0 2812 6735 6735
Node 0 DMA32 free:2879700kB boost:0kB min:4380kB low:7256kB high:10132kB reserved_highatomic:0KB active_anon:0kB inactive_anon:0kB active_file:0kB inactive_file:0kB unevictable:0kB writepending:0kB present:3129332kB managed:2883248kB mlocked:0kB bounce:0kB free_pcp:3548kB local_pcp:3484kB free_cma:0kB
lowmem_reserve[]: 0 0 3923 3923
Node 0 Normal free:3438224kB boost:0kB min:6112kB low:10128kB high:14144kB reserved_highatomic:0KB active_anon:312kB inactive_anon:6884kB active_file:13664kB inactive_file:40900kB unevictable:0kB writepending:0kB present:5242880kB managed:4018128kB mlocked:0kB bounce:0kB free_pcp:8872kB local_pcp:4124kB free_cma:0kB
lowmem_reserve[]: 0 0 0 0
Node 0 DMA: 0*4kB 0*8kB 0*16kB 0*32kB 0*64kB 0*128kB 0*256kB 0*512kB 1*1024kB (U) 1*2048kB (M) 3*4096kB (M) = 15360kB
Node 0 DMA32: 3*4kB (M) 1*8kB (M) 2*16kB (M) 3*32kB (M) 3*64kB (M) 3*128kB (M) 2*256kB (M) 2*512kB (M) 2*1024kB (M) 2*2048kB (M) 701*4096kB (M) = 2879700kB
Node 0 Normal: 486*4kB (UME) 767*8kB (UE) 318*16kB (UME) 3*32kB (M) 3*64kB (UM) 4*128kB (UME) 0*256kB 6*512kB (ME) 3*1024kB (ME) 1*2048kB (E) 834*4096kB (M) = 3438224kB
Node 0 hugepages_total=4 hugepages_free=4 hugepages_surp=0 hugepages_size=2048kB
13796 total pagecache pages
0 pages in swap cache
Free swap  = 0kB
Total swap = 0kB
2097051 pages RAM
0 pages HighMem/MovableOnly
367867 pages reserved
Mem-Info:
active_anon:78 inactive_anon:1721 isolated_anon:0
 active_file:3416 inactive_file:10225 isolated_file:0
 unevictable:0 dirty:0 writeback:0
 slab_reclaimable:8953 slab_unreclaimable:62916
 mapped:2091 shmem:155 pagetables:347
 sec_pagetables:0 bounce:0
 kernel_misc_reclaimable:0
 free:1583321 free_pcp:3105 free_cma:0
Node 0 active_anon:312kB inactive_anon:6884kB active_file:13664kB inactive_file:40900kB unevictable:0kB isolated(anon):0kB isolated(file):0kB mapped:8364kB dirty:0kB writeback:0kB shmem:620kB writeback_tmp:0kB kernel_stack:3584kB pagetables:1388kB sec_pagetables:0kB all_unreclaimable? no
Node 0 DMA free:15360kB boost:0kB min:20kB low:32kB high:44kB reserved_highatomic:0KB active_anon:0kB inactive_anon:0kB active_file:0kB inactive_file:0kB unevictable:0kB writepending:0kB present:15992kB managed:15360kB mlocked:0kB bounce:0kB free_pcp:0kB local_pcp:0kB free_cma:0kB
lowmem_reserve[]: 0 2812 6735 6735
Node 0 DMA32 free:2879700kB boost:0kB min:4380kB low:7256kB high:10132kB reserved_highatomic:0KB active_anon:0kB inactive_anon:0kB active_file:0kB inactive_file:0kB unevictable:0kB writepending:0kB present:3129332kB managed:2883248kB mlocked:0kB bounce:0kB free_pcp:3548kB local_pcp:64kB free_cma:0kB
lowmem_reserve[]: 0 0 3923 3923
Node 0 Normal free:3438224kB boost:0kB min:6112kB low:10128kB high:14144kB reserved_highatomic:0KB active_anon:312kB inactive_anon:6884kB active_file:13664kB inactive_file:40900kB unevictable:0kB writepending:0kB present:5242880kB managed:4018128kB mlocked:0kB bounce:0kB free_pcp:8872kB local_pcp:4748kB free_cma:0kB
lowmem_reserve[]: 0 0 0 0
Node 0 DMA: 0*4kB 0*8kB 0*16kB 0*32kB 0*64kB 0*128kB 0*256kB 0*512kB 1*1024kB (U) 1*2048kB (M) 3*4096kB (M) = 15360kB
Node 0 DMA32: 3*4kB (M) 1*8kB (M) 2*16kB (M) 3*32kB (M) 3*64kB (M) 3*128kB (M) 2*256kB (M) 2*512kB (M) 2*1024kB (M) 2*2048kB (M) 701*4096kB (M) = 2879700kB
Node 0 Normal: 486*4kB (UME) 767*8kB (UE) 318*16kB (UME) 3*32kB (M) 3*64kB (UM) 4*128kB (UME) 0*256kB 6*512kB (ME) 3*1024kB (ME) 1*2048kB (E) 834*4096kB (M) = 3438224kB
Node 0 hugepages_total=4 hugepages_free=4 hugepages_surp=0 hugepages_size=2048kB
13796 total pagecache pages
0 pages in swap cache
Free swap  = 0kB
Total swap = 0kB
2097051 pages RAM
0 pages HighMem/MovableOnly
367867 pages reserved
Mem-Info:
active_anon:78 inactive_anon:1721 isolated_anon:0
 active_file:3416 inactive_file:10225 isolated_file:0
 unevictable:0 dirty:0 writeback:0
 slab_reclaimable:8953 slab_unreclaimable:62916
 mapped:2091 shmem:155 pagetables:347
 sec_pagetables:0 bounce:0
 kernel_misc_reclaimable:0
 free:1583321 free_pcp:3105 free_cma:0
Node 0 active_anon:312kB inactive_anon:6884kB active_file:13664kB inactive_file:40900kB unevictable:0kB isolated(anon):0kB isolated(file):0kB mapped:8364kB dirty:0kB writeback:0kB shmem:620kB writeback_tmp:0kB kernel_stack:3584kB pagetables:1388kB sec_pagetables:0kB all_unreclaimable? no
Node 0 DMA free:15360kB boost:0kB min:20kB low:32kB high:44kB reserved_highatomic:0KB active_anon:0kB inactive_anon:0kB active_file:0kB inactive_file:0kB unevictable:0kB writepending:0kB present:15992kB managed:15360kB mlocked:0kB bounce:0kB free_pcp:0kB local_pcp:0kB free_cma:0kB
lowmem_reserve[]: 0 2812 6735 6735
Node 0 DMA32 free:2879700kB boost:0kB min:4380kB low:7256kB high:10132kB reserved_highatomic:0KB active_anon:0kB inactive_anon:0kB active_file:0kB inactive_file:0kB unevictable:0kB writepending:0kB present:3129332kB managed:2883248kB mlocked:0kB bounce:0kB free_pcp:3548kB local_pcp:3484kB free_cma:0kB
lowmem_reserve[]: 0 0 3923 3923
Node 0 Normal free:3438224kB boost:0kB min:6112kB low:10128kB high:14144kB reserved_highatomic:0KB active_anon:312kB inactive_anon:6884kB active_file:13664kB inactive_file:40900kB unevictable:0kB writepending:0kB present:5242880kB managed:4018128kB mlocked:0kB bounce:0kB free_pcp:8872kB local_pcp:4124kB free_cma:0kB
lowmem_reserve[]: 0 0 0 0
Node 0 DMA: 0*4kB 0*8kB 0*16kB 0*32kB 0*64kB 0*128kB 0*256kB 0*512kB 1*1024kB (U) 1*2048kB (M) 3*4096kB (M) = 15360kB
Node 0 DMA32: 3*4kB (M) 1*8kB (M) 2*16kB (M) 3*32kB (M) 3*64kB (M) 3*128kB (M) 2*256kB (M) 2*512kB (M) 2*1024kB (M) 2*2048kB (M) 701*4096kB (M) = 2879700kB
Node 0 Normal: 486*4kB (UME) 767*8kB (UE) 318*16kB (UME) 3*32kB (M) 3*64kB (UM) 4*128kB (UME) 0*256kB 6*512kB (ME) 3*1024kB (ME) 1*2048kB (E) 834*4096kB (M) = 3438224kB
Node 0 hugepages_total=4 hugepages_free=4 hugepages_surp=0 hugepages_size=2048kB
13796 total pagecache pages
0 pages in swap cache
Free swap  = 0kB
Total swap = 0kB
2097051 pages RAM
0 pages HighMem/MovableOnly
367867 pages reserved
Mem-Info:
active_anon:78 inactive_anon:1721 isolated_anon:0
 active_file:3416 inactive_file:10225 isolated_file:0
 unevictable:0 dirty:0 writeback:0
 slab_reclaimable:8953 slab_unreclaimable:62916
 mapped:2091 shmem:155 pagetables:347
 sec_pagetables:0 bounce:0
 kernel_misc_reclaimable:0
 free:1583321 free_pcp:3105 free_cma:0
Node 0 active_anon:312kB inactive_anon:6884kB active_file:13664kB inactive_file:40900kB unevictable:0kB isolated(anon):0kB isolated(file):0kB mapped:8364kB dirty:0kB writeback:0kB shmem:620kB writeback_tmp:0kB kernel_stack:3584kB pagetables:1388kB sec_pagetables:0kB all_unreclaimable? no
Node 0 DMA free:15360kB boost:0kB min:20kB low:32kB high:44kB reserved_highatomic:0KB active_anon:0kB inactive_anon:0kB active_file:0kB inactive_file:0kB unevictable:0kB writepending:0kB present:15992kB managed:15360kB mlocked:0kB bounce:0kB free_pcp:0kB local_pcp:0kB free_cma:0kB
lowmem_reserve[]: 0 2812 6735 6735
Node 0 DMA32 free:2879700kB boost:0kB min:4380kB low:7256kB high:10132kB reserved_highatomic:0KB active_anon:0kB inactive_anon:0kB active_file:0kB inactive_file:0kB unevictable:0kB writepending:0kB present:3129332kB managed:2883248kB mlocked:0kB bounce:0kB free_pcp:3548kB local_pcp:64kB free_cma:0kB
lowmem_reserve[]: 0 0 3923 3923
Node 0 Normal free:3438224kB boost:0kB min:6112kB low:10128kB high:14144kB reserved_highatomic:0KB active_anon:312kB inactive_anon:6884kB active_file:13664kB inactive_file:40900kB unevictable:0kB writepending:0kB present:5242880kB managed:4018128kB mlocked:0kB bounce:0kB free_pcp:8872kB local_pcp:4748kB free_cma:0kB
lowmem_reserve[]: 0 0 0 0
Node 0 DMA: 0*4kB 0*8kB 0*16kB 0*32kB 0*64kB 0*128kB 0*256kB 0*512kB 1*1024kB (U) 1*2048kB (M) 3*4096kB (M) = 15360kB
Node 0 DMA32: 3*4kB (M) 1*8kB (M) 2*16kB (M) 3*32kB (M) 3*64kB (M) 3*128kB (M) 2*256kB (M) 2*512kB (M) 2*1024kB (M) 2*2048kB (M) 701*4096kB (M) = 2879700kB
Node 0 Normal: 486*4kB (UME) 767*8kB (UE) 318*16kB (UME) 3*32kB (M) 3*64kB (UM) 4*128kB (UME) 0*256kB 6*512kB (ME) 3*1024kB (ME) 1*2048kB (E) 834*4096kB (M) = 3438224kB
Node 0 hugepages_total=4 hugepages_free=4 hugepages_surp=0 hugepages_size=2048kB
13796 total pagecache pages
0 pages in swap cache
Free swap  = 0kB
Total swap = 0kB
2097051 pages RAM
0 pages HighMem/MovableOnly
367867 pages reserved
Mem-Info:
active_anon:78 inactive_anon:1721 isolated_anon:0
 active_file:3416 inactive_file:10225 isolated_file:0
 unevictable:0 dirty:0 writeback:0
 slab_reclaimable:8953 slab_unreclaimable:62916
 mapped:2091 shmem:155 pagetables:347
 sec_pagetables:0 bounce:0
 kernel_misc_reclaimable:0
 free:1583321 free_pcp:3105 free_cma:0
Node 0 active_anon:312kB inactive_anon:6884kB active_file:13664kB inactive_file:40900kB unevictable:0kB isolated(anon):0kB isolated(file):0kB mapped:8364kB dirty:0kB writeback:0kB shmem:620kB writeback_tmp:0kB kernel_stack:3584kB pagetables:1388kB sec_pagetables:0kB all_unreclaimable? no
Node 0 DMA free:15360kB boost:0kB min:20kB low:32kB high:44kB reserved_highatomic:0KB active_anon:0kB inactive_anon:0kB active_file:0kB inactive_file:0kB unevictable:0kB writepending:0kB present:15992kB managed:15360kB mlocked:0kB bounce:0kB free_pcp:0kB local_pcp:0kB free_cma:0kB
lowmem_reserve[]: 0 2812 6735 6735
Node 0 DMA32 free:2879700kB boost:0kB min:4380kB low:7256kB high:10132kB reserved_highatomic:0KB active_anon:0kB inactive_anon:0kB active_file:0kB inactive_file:0kB unevictable:0kB writepending:0kB present:3129332kB managed:2883248kB mlocked:0kB bounce:0kB free_pcp:3548kB local_pcp:3484kB free_cma:0kB
lowmem_reserve[]: 0 0 3923 3923
Node 0 Normal free:3438224kB boost:0kB min:6112kB low:10128kB high:14144kB reserved_highatomic:0KB active_anon:312kB inactive_anon:6884kB active_file:13664kB inactive_file:40900kB unevictable:0kB writepending:0kB present:5242880kB managed:4018128kB mlocked:0kB bounce:0kB free_pcp:8872kB local_pcp:4124kB free_cma:0kB
lowmem_reserve[]: 0 0 0 0
Node 0 DMA: 0*4kB 0*8kB 0*16kB 0*32kB 0*64kB 0*128kB 0*256kB 0*512kB 1*1024kB (U) 1*2048kB (M) 3*4096kB (M) = 15360kB
Node 0 DMA32: 3*4kB (M) 1*8kB (M) 2*16kB (M) 3*32kB (M) 3*64kB (M) 3*128kB (M) 2*256kB (M) 2*512kB (M) 2*1024kB (M) 2*2048kB (M) 701*4096kB (M) = 2879700kB
Node 0 Normal: 486*4kB (UME) 767*8kB (UE) 318*16kB (UME) 3*32kB (M) 3*64kB (UM) 4*128kB (UME) 0*256kB 6*512kB (ME) 3*1024kB (ME) 1*2048kB (E) 834*4096kB (M) = 3438224kB
Node 0 hugepages_total=4 hugepages_free=4 hugepages_surp=0 hugepages_size=2048kB
13796 total pagecache pages
0 pages in swap cache
Free swap  = 0kB
Total swap = 0kB
2097051 pages RAM
0 pages HighMem/MovableOnly
367867 pages reserved
Mem-Info:
active_anon:78 inactive_anon:1721 isolated_anon:0
 active_file:3416 inactive_file:10225 isolated_file:0
 unevictable:0 dirty:0 writeback:0
 slab_reclaimable:8953 slab_unreclaimable:62916
 mapped:2091 shmem:155 pagetables:347
 sec_pagetables:0 bounce:0
 kernel_misc_reclaimable:0
 free:1583321 free_pcp:3105 free_cma:0
Node 0 active_anon:312kB inactive_anon:6884kB active_file:13664kB inactive_file:40900kB unevictable:0kB isolated(anon):0kB isolated(file):0kB mapped:8364kB dirty:0kB writeback:0kB shmem:620kB writeback_tmp:0kB kernel_stack:3584kB pagetables:1388kB sec_pagetables:0kB all_unreclaimable? no
Node 0 DMA free:15360kB boost:0kB min:20kB low:32kB high:44kB reserved_highatomic:0KB active_anon:0kB inactive_anon:0kB active_file:0kB inactive_file:0kB unevictable:0kB writepending:0kB present:15992kB managed:15360kB mlocked:0kB bounce:0kB free_pcp:0kB local_pcp:0kB free_cma:0kB
lowmem_reserve[]: 0 2812 6735 6735
Node 0 DMA32 free:2879700kB boost:0kB min:4380kB low:7256kB high:10132kB reserved_highatomic:0KB active_anon:0kB inactive_anon:0kB active_file:0kB inactive_file:0kB unevictable:0kB writepending:0kB present:3129332kB managed:2883248kB mlocked:0kB bounce:0kB free_pcp:3548kB local_pcp:64kB free_cma:0kB
lowmem_reserve[]: 0 0 3923 3923
Node 0 Normal free:3438224kB boost:0kB min:6112kB low:10128kB high:14144kB reserved_highatomic:0KB active_anon:312kB inactive_anon:6884kB active_file:13664kB inactive_file:40900kB unevictable:0kB writepending:0kB present:5242880kB managed:4018128kB mlocked:0kB bounce:0kB free_pcp:8872kB local_pcp:4748kB free_cma:0kB
lowmem_reserve[]: 0 0 0 0
Node 0 DMA: 0*4kB 0*8kB 0*16kB 0*32kB 0*64kB 0*128kB 0*256kB 0*512kB 1*1024kB (U) 1*2048kB (M) 3*4096kB (M) = 15360kB
Node 0 DMA32: 3*4kB (M) 1*8kB (M) 2*16kB (M) 3*32kB (M) 3*64kB (M) 3*128kB (M) 2*256kB (M) 2*512kB (M) 2*1024kB (M) 2*2048kB (M) 701*4096kB (M) = 2879700kB
Node 0 Normal: 486*4kB (UME) 767*8kB (UE) 318*16kB (UME) 3*32kB (M) 3*64kB (UM) 4*128kB (UME) 0*256kB 6*512kB (ME) 3*1024kB (ME) 1*2048kB (E) 834*4096kB (M) = 3438224kB
Node 0 hugepages_total=4 hugepages_free=4 hugepages_surp=0 hugepages_size=2048kB
13796 total pagecache pages
0 pages in swap cache
Free swap  = 0kB
Total swap = 0kB
2097051 pages RAM
0 pages HighMem/MovableOnly
367867 pages reserved
Mem-Info:
active_anon:78 inactive_anon:1721 isolated_anon:0
 active_file:3416 inactive_file:10225 isolated_file:0
 unevictable:0 dirty:0 writeback:0
 slab_reclaimable:8953 slab_unreclaimable:62916
 mapped:2091 shmem:155 pagetables:347
 sec_pagetables:0 bounce:0
 kernel_misc_reclaimable:0
 free:1583321 free_pcp:3105 free_cma:0
Node 0 active_anon:312kB inactive_anon:6884kB active_file:13664kB inactive_file:40900kB unevictable:0kB isolated(anon):0kB isolated(file):0kB mapped:8364kB dirty:0kB writeback:0kB shmem:620kB writeback_tmp:0kB kernel_stack:3584kB pagetables:1388kB sec_pagetables:0kB all_unreclaimable? no
Node 0 DMA free:15360kB boost:0kB min:20kB low:32kB high:44kB reserved_highatomic:0KB active_anon:0kB inactive_anon:0kB active_file:0kB inactive_file:0kB unevictable:0kB writepending:0kB present:15992kB managed:15360kB mlocked:0kB bounce:0kB free_pcp:0kB local_pcp:0kB free_cma:0kB
lowmem_reserve[]: 0 2812 6735 6735
Node 0 DMA32 free:2879700kB boost:0kB min:4380kB low:7256kB high:10132kB reserved_highatomic:0KB active_anon:0kB inactive_anon:0kB active_file:0kB inactive_file:0kB unevictable:0kB writepending:0kB present:3129332kB managed:2883248kB mlocked:0kB bounce:0kB free_pcp:3548kB local_pcp:3484kB free_cma:0kB
lowmem_reserve[]: 0 0 3923 3923
Node 0 Normal free:3438224kB boost:0kB min:6112kB low:10128kB high:14144kB reserved_highatomic:0KB active_anon:312kB inactive_anon:6884kB active_file:13664kB inactive_file:40900kB unevictable:0kB writepending:0kB present:5242880kB managed:4018128kB mlocked:0kB bounce:0kB free_pcp:8872kB local_pcp:4124kB free_cma:0kB
lowmem_reserve[]: 0 0 0 0
Node 0 DMA: 0*4kB 0*8kB 0*16kB 0*32kB 0*64kB 0*128kB 0*256kB 0*512kB 1*1024kB (U) 1*2048kB (M) 3*4096kB (M) = 15360kB
Node 0 DMA32: 3*4kB (M) 1*8kB (M) 2*16kB (M) 3*32kB (M) 3*64kB (M) 3*128kB (M) 2*256kB (M) 2*512kB (M) 2*1024kB (M) 2*2048kB (M) 701*4096kB (M) = 2879700kB
Node 0 Normal: 486*4kB (UME) 767*8kB (UE) 318*16kB (UME) 3*32kB (M) 3*64kB (UM) 4*128kB (UME) 0*256kB 6*512kB (ME) 3*1024kB (ME) 1*2048kB (E) 834*4096kB (M) = 3438224kB
Node 0 hugepages_total=4 hugepages_free=4 hugepages_surp=0 hugepages_size=2048kB
13796 total pagecache pages
0 pages in swap cache
Free swap  = 0kB
Total swap = 0kB
2097051 pages RAM
0 pages HighMem/MovableOnly
367867 pages reserved
Mem-Info:
active_anon:78 inactive_anon:1721 isolated_anon:0
 active_file:3416 inactive_file:10225 isolated_file:0
 unevictable:0 dirty:0 writeback:0
 slab_reclaimable:8953 slab_unreclaimable:62916
 mapped:2091 shmem:155 pagetables:347
 sec_pagetables:0 bounce:0
 kernel_misc_reclaimable:0
 free:1583321 free_pcp:3105 free_cma:0
Node 0 active_anon:312kB inactive_anon:6884kB active_file:13664kB inactive_file:40900kB unevictable:0kB isolated(anon):0kB isolated(file):0kB mapped:8364kB dirty:0kB writeback:0kB shmem:620kB writeback_tmp:0kB kernel_stack:3584kB pagetables:1388kB sec_pagetables:0kB all_unreclaimable? no
Node 0 DMA free:15360kB boost:0kB min:20kB low:32kB high:44kB reserved_highatomic:0KB active_anon:0kB inactive_anon:0kB active_file:0kB inactive_file:0kB unevictable:0kB writepending:0kB present:15992kB managed:15360kB mlocked:0kB bounce:0kB free_pcp:0kB local_pcp:0kB free_cma:0kB
lowmem_reserve[]: 0 2812 6735 6735
Node 0 DMA32 free:2879700kB boost:0kB min:4380kB low:7256kB high:10132kB reserved_highatomic:0KB active_anon:0kB inactive_anon:0kB active_file:0kB inactive_file:0kB unevictable:0kB writepending:0kB present:3129332kB managed:2883248kB mlocked:0kB bounce:0kB free_pcp:3548kB local_pcp:64kB free_cma:0kB
lowmem_reserve[]: 0 0 3923 3923
Node 0 Normal free:3438224kB boost:0kB min:6112kB low:10128kB high:14144kB reserved_highatomic:0KB active_anon:312kB inactive_anon:6884kB active_file:13664kB inactive_file:40900kB unevictable:0kB writepending:0kB present:5242880kB managed:4018128kB mlocked:0kB bounce:0kB free_pcp:8872kB local_pcp:4748kB free_cma:0kB
lowmem_reserve[]: 0 0 0 0
Node 0 DMA: 0*4kB 0*8kB 0*16kB 0*32kB 0*64kB 0*128kB 0*256kB 0*512kB 1*1024kB (U) 1*2048kB (M) 3*4096kB (M) = 15360kB
Node 0 DMA32: 3*4kB (M) 1*8kB (M) 2*16kB (M) 3*32kB (M) 3*64kB (M) 3*128kB (M) 2*256kB (M) 2*512kB (M) 2*1024kB (M) 2*2048kB (M) 701*4096kB (M) = 2879700kB
Node 0 Normal: 486*4kB (UME) 767*8kB (UE) 318*16kB (UME) 3*32kB (M) 3*64kB (UM) 4*128kB (UME) 0*256kB 6*512kB (ME) 3*1024kB (ME) 1*2048kB (E) 834*4096kB (M) = 3438224kB
Node 0 hugepages_total=4 hugepages_free=4 hugepages_surp=0 hugepages_size=2048kB
13796 total pagecache pages
0 pages in swap cache
Free swap  = 0kB
Total swap = 0kB
2097051 pages RAM
0 pages HighMem/MovableOnly
367867 pages reserved
Mem-Info:
active_anon:78 inactive_anon:1721 isolated_anon:0
 active_file:3416 inactive_file:10225 isolated_file:0
 unevictable:0 dirty:0 writeback:0
 slab_reclaimable:8953 slab_unreclaimable:62916
 mapped:2091 shmem:155 pagetables:347
 sec_pagetables:0 bounce:0
 kernel_misc_reclaimable:0
 free:1583321 free_pcp:3105 free_cma:0
Node 0 active_anon:312kB inactive_anon:6884kB active_file:13664kB inactive_file:40900kB unevictable:0kB isolated(anon):0kB isolated(file):0kB mapped:8364kB dirty:0kB writeback:0kB shmem:620kB writeback_tmp:0kB kernel_stack:3584kB pagetables:1388kB sec_pagetables:0kB all_unreclaimable? no
Node 0 DMA free:15360kB boost:0kB min:20kB low:32kB high:44kB reserved_highatomic:0KB active_anon:0kB inactive_anon:0kB active_file:0kB inactive_file:0kB unevictable:0kB writepending:0kB present:15992kB managed:15360kB mlocked:0kB bounce:0kB free_pcp:0kB local_pcp:0kB free_cma:0kB
lowmem_reserve[]: 0 2812 6735 6735
Node 0 DMA32 free:2879700kB boost:0kB min:4380kB low:7256kB high:10132kB reserved_highatomic:0KB active_anon:0kB inactive_anon:0kB active_file:0kB inactive_file:0kB unevictable:0kB writepending:0kB present:3129332kB managed:2883248kB mlocked:0kB bounce:0kB free_pcp:3548kB local_pcp:3484kB free_cma:0kB
lowmem_reserve[]: 0 0 3923 3923
Node 0 Normal free:3438224kB boost:0kB min:6112kB low:10128kB high:14144kB reserved_highatomic:0KB active_anon:312kB inactive_anon:6884kB active_file:13664kB inactive_file:40900kB unevictable:0kB writepending:0kB present:5242880kB managed:4018128kB mlocked:0kB bounce:0kB free_pcp:8872kB local_pcp:4124kB free_cma:0kB
lowmem_reserve[]: 0 0 0 0
Node 0 DMA: 0*4kB 0*8kB 0*16kB 0*32kB 0*64kB 0*128kB 0*256kB 0*512kB 1*1024kB (U) 1*2048kB (M) 3*4096kB (M) = 15360kB
Node 0 DMA32: 3*4kB (M) 1*8kB (M) 2*16kB (M) 3*32kB (M) 3*64kB (M) 3*128kB (M) 2*256kB (M) 2*512kB (M) 2*1024kB (M) 2*2048kB (M) 701*4096kB (M) = 2879700kB
Node 0 Normal: 486*4kB (UME) 767*8kB (UE) 318*16kB (UME) 3*32kB (M) 3*64kB (UM) 4*128kB (UME) 0*256kB 6*512kB (ME) 3*1024kB (ME) 1*2048kB (E) 834*4096kB (M) = 3438224kB
Node 0 hugepages_total=4 hugepages_free=4 hugepages_surp=0 hugepages_size=2048kB
13796 total pagecache pages
0 pages in swap cache
Free swap  = 0kB
Total swap = 0kB
2097051 pages RAM
0 pages HighMem/MovableOnly
367867 pages reserved
Mem-Info:
active_anon:78 inactive_anon:1721 isolated_anon:0
 active_file:3416 inactive_file:10225 isolated_file:0
 unevictable:0 dirty:0 writeback:0
 slab_reclaimable:8953 slab_unreclaimable:62916
 mapped:2091 shmem:155 pagetables:347
 sec_pagetables:0 bounce:0
 kernel_misc_reclaimable:0
 free:1583321 free_pcp:3105 free_cma:0
Node 0 active_anon:312kB inactive_anon:6884kB active_file:13664kB inactive_file:40900kB unevictable:0kB isolated(anon):0kB isolated(file):0kB mapped:8364kB dirty:0kB writeback:0kB shmem:620kB writeback_tmp:0kB kernel_stack:3584kB pagetables:1388kB sec_pagetables:0kB all_unreclaimable? no
Node 0 DMA free:15360kB boost:0kB min:20kB low:32kB high:44kB reserved_highatomic:0KB active_anon:0kB inactive_anon:0kB active_file:0kB inactive_file:0kB unevictable:0kB writepending:0kB present:15992kB managed:15360kB mlocked:0kB bounce:0kB free_pcp:0kB local_pcp:0kB free_cma:0kB
lowmem_reserve[]: 0 2812 6735 6735
Node 0 DMA32 free:2879700kB boost:0kB min:4380kB low:7256kB high:10132kB reserved_highatomic:0KB active_anon:0kB inactive_anon:0kB active_file:0kB inactive_file:0kB unevictable:0kB writepending:0kB present:3129332kB managed:2883248kB mlocked:0kB bounce:0kB free_pcp:3548kB local_pcp:64kB free_cma:0kB
lowmem_reserve[]: 0 0 3923 3923
Node 0 Normal free:3438224kB boost:0kB min:6112kB low:10128kB high:14144kB reserved_highatomic:0KB active_anon:312kB inactive_anon:6884kB active_file:13664kB inactive_file:40900kB unevictable:0kB writepending:0kB present:5242880kB managed:4018128kB mlocked:0kB bounce:0kB free_pcp:8872kB local_pcp:4748kB free_cma:0kB
lowmem_reserve[]: 0 0 0 0
Node 0 DMA: 0*4kB 0*8kB 0*16kB 0*32kB 0*64kB 0*128kB 0*256kB 0*512kB 1*1024kB (U) 1*2048kB (M) 3*4096kB (M) = 15360kB
Node 0 DMA32: 3*4kB (M) 1*8kB (M) 2*16kB (M) 3*32kB (M) 3*64kB (M) 3*128kB (M) 2*256kB (M) 2*512kB (M) 2*1024kB (M) 2*2048kB (M) 701*4096kB (M) = 2879700kB
Node 0 Normal: 486*4kB (UME) 767*8kB (UE) 318*16kB (UME) 3*32kB (M) 3*64kB (UM) 4*128kB (UME) 0*256kB 6*512kB (ME) 3*1024kB (ME) 1*2048kB (E) 834*4096kB (M) = 3438224kB
Node 0 hugepages_total=4 hugepages_free=4 hugepages_surp=0 hugepages_size=2048kB
13796 total pagecache pages
0 pages in swap cache
Free swap  = 0kB
Total swap = 0kB
2097051 pages RAM
0 pages HighMem/MovableOnly
367867 pages reserved
Mem-Info:
active_anon:78 inactive_anon:1721 isolated_anon:0
 active_file:3416 inactive_file:10225 isolated_file:0
 unevictable:0 dirty:0 writeback:0
 slab_reclaimable:8953 slab_unreclaimable:62916
 mapped:2091 shmem:155 pagetables:347
 sec_pagetables:0 bounce:0
 kernel_misc_reclaimable:0
 free:1583321 free_pcp:3105 free_cma:0
Node 0 active_anon:312kB inactive_anon:6884kB active_file:13664kB inactive_file:40900kB unevictable:0kB isolated(anon):0kB isolated(file):0kB mapped:8364kB dirty:0kB writeback:0kB shmem:620kB writeback_tmp:0kB kernel_stack:3584kB pagetables:1388kB sec_pagetables:0kB all_unreclaimable? no
Node 0 DMA free:15360kB boost:0kB min:20kB low:32kB high:44kB reserved_highatomic:0KB active_anon:0kB inactive_anon:0kB active_file:0kB inactive_file:0kB unevictable:0kB writepending:0kB present:15992kB managed:15360kB mlocked:0kB bounce:0kB free_pcp:0kB local_pcp:0kB free_cma:0kB
lowmem_reserve[]: 0 2812 6735 6735
Node 0 DMA32 free:2879700kB boost:0kB min:4380kB low:7256kB high:10132kB reserved_highatomic:0KB active_anon:0kB inactive_anon:0kB active_file:0kB inactive_file:0kB unevictable:0kB writepending:0kB present:3129332kB managed:2883248kB mlocked:0kB bounce:0kB free_pcp:3548kB local_pcp:3484kB free_cma:0kB
lowmem_reserve[]: 0 0 3923 3923
Node 0 Normal free:3438224kB boost:0kB min:6112kB low:10128kB high:14144kB reserved_highatomic:0KB active_anon:312kB inactive_anon:6884kB active_file:13664kB inactive_file:40900kB unevictable:0kB writepending:0kB present:5242880kB managed:4018128kB mlocked:0kB bounce:0kB free_pcp:8872kB local_pcp:4124kB free_cma:0kB
lowmem_reserve[]: 0 0 0 0
Node 0 DMA: 0*4kB 0*8kB 0*16kB 0*32kB 0*64kB 0*128kB 0*256kB 0*512kB 1*1024kB (U) 1*2048kB (M) 3*4096kB (M) = 15360kB
Node 0 DMA32: 3*4kB (M) 1*8kB (M) 2*16kB (M) 3*32kB (M) 3*64kB (M) 3*128kB (M) 2*256kB (M) 2*512kB (M) 2*1024kB (M) 2*2048kB (M) 701*4096kB (M) = 2879700kB
Node 0 Normal: 486*4kB (UME) 767*8kB (UE) 318*16kB (UME) 3*32kB (M) 3*64kB (UM) 4*128kB (UME) 0*256kB 6*512kB (ME) 3*1024kB (ME) 1*2048kB (E) 834*4096kB (M) = 3438224kB
Node 0 hugepages_total=4 hugepages_free=4 hugepages_surp=0 hugepages_size=2048kB
13796 total pagecache pages
0 pages in swap cache
Free swap  = 0kB
Total swap = 0kB
2097051 pages RAM
0 pages HighMem/MovableOnly
367867 pages reserved
Mem-Info:
active_anon:78 inactive_anon:1721 isolated_anon:0
 active_file:3416 inactive_file:10225 isolated_file:0
 unevictable:0 dirty:0 writeback:0
 slab_reclaimable:8953 slab_unreclaimable:62916
 mapped:2091 shmem:155 pagetables:347
 sec_pagetables:0 bounce:0
 kernel_misc_reclaimable:0
 free:1583321 free_pcp:3105 free_cma:0
Node 0 active_anon:312kB inactive_anon:6884kB active_file:13664kB inactive_file:40900kB unevictable:0kB isolated(anon):0kB isolated(file):0kB mapped:8364kB dirty:0kB writeback:0kB shmem:620kB writeback_tmp:0kB kernel_stack:3584kB pagetables:1388kB sec_pagetables:0kB all_unreclaimable? no
Node 0 DMA free:15360kB boost:0kB min:20kB low:32kB high:44kB reserved_highatomic:0KB active_anon:0kB inactive_anon:0kB active_file:0kB inactive_file:0kB unevictable:0kB writepending:0kB present:15992kB managed:15360kB mlocked:0kB bounce:0kB free_pcp:0kB local_pcp:0kB free_cma:0kB
lowmem_reserve[]: 0 2812 6735 6735
Node 0 DMA32 free:2879700kB boost:0kB min:4380kB low:7256kB high:10132kB reserved_highatomic:0KB active_anon:0kB inactive_anon:0kB active_file:0kB inactive_file:0kB unevictable:0kB writepending:0kB present:3129332kB managed:2883248kB mlocked:0kB bounce:0kB free_pcp:3548kB local_pcp:64kB free_cma:0kB
lowmem_reserve[]: 0 0 3923 3923
Node 0 Normal free:3438224kB boost:0kB min:6112kB low:10128kB high:14144kB reserved_highatomic:0KB active_anon:312kB inactive_anon:6884kB active_file:13664kB inactive_file:40900kB unevictable:0kB writepending:0kB present:5242880kB managed:4018128kB mlocked:0kB bounce:0kB free_pcp:8872kB local_pcp:4748kB free_cma:0kB
lowmem_reserve[]: 0 0 0 0
Node 0 DMA: 0*4kB 0*8kB 0*16kB 0*32kB 0*64kB 0*128kB 0*256kB 0*512kB 1*1024kB (U) 1*2048kB (M) 3*4096kB (M) = 15360kB
Node 0 DMA32: 3*4kB (M) 1*8kB (M) 2*16kB (M) 3*32kB (M) 3*64kB (M) 3*128kB (M) 2*256kB (M) 2*512kB (M) 2*1024kB (M) 2*2048kB (M) 701*4096kB (M) = 2879700kB
Node 0 Normal: 486*4kB (UME) 767*8kB (UE) 318*16kB (UME) 3*32kB (M) 3*64kB (UM) 4*128kB (UME) 0*256kB 6*512kB (ME) 3*1024kB (ME) 1*2048kB (E) 834*4096kB (M) = 3438224kB
Node 0 hugepages_total=4 hugepages_free=4 hugepages_surp=0 hugepages_size=2048kB
13796 total pagecache pages
0 pages in swap cache
Free swap  = 0kB
Total swap = 0kB
2097051 pages RAM
0 pages HighMem/MovableOnly
367867 pages reserved
Mem-Info:
active_anon:78 inactive_anon:1721 isolated_anon:0
 active_file:3416 inactive_file:10225 isolated_file:0
 unevictable:0 dirty:0 writeback:0
 slab_reclaimable:8953 slab_unreclaimable:62916
 mapped:2091 shmem:155 pagetables:347
 sec_pagetables:0 bounce:0
 kernel_misc_reclaimable:0
 free:1583321 free_pcp:3105 free_cma:0
Node 0 active_anon:312kB inactive_anon:6884kB active_file:13664kB inactive_file:40900kB unevictable:0kB isolated(anon):0kB isolated(file):0kB mapped:8364kB dirty:0kB writeback:0kB shmem:620kB writeback_tmp:0kB kernel_stack:3584kB pagetables:1388kB sec_pagetables:0kB all_unreclaimable? no
Node 0 DMA free:15360kB boost:0kB min:20kB low:32kB high:44kB reserved_highatomic:0KB active_anon:0kB inactive_anon:0kB active_file:0kB inactive_file:0kB unevictable:0kB writepending:0kB present:15992kB managed:15360kB mlocked:0kB bounce:0kB free_pcp:0kB local_pcp:0kB free_cma:0kB
lowmem_reserve[]: 0 2812 6735 6735
Node 0 DMA32 free:2879700kB boost:0kB min:4380kB low:7256kB high:10132kB reserved_highatomic:0KB active_anon:0kB inactive_anon:0kB active_file:0kB inactive_file:0kB unevictable:0kB writepending:0kB present:3129332kB managed:2883248kB mlocked:0kB bounce:0kB free_pcp:3548kB local_pcp:3484kB free_cma:0kB
lowmem_reserve[]: 0 0 3923 3923
Node 0 Normal free:3438224kB boost:0kB min:6112kB low:10128kB high:14144kB reserved_highatomic:0KB active_anon:312kB inactive_anon:6884kB active_file:13664kB inactive_file:40900kB unevictable:0kB writepending:0kB present:5242880kB managed:4018128kB mlocked:0kB bounce:0kB free_pcp:8872kB local_pcp:4124kB free_cma:0kB
lowmem_reserve[]: 0 0 0 0
Node 0 DMA: 0*4kB 0*8kB 0*16kB 0*32kB 0*64kB 0*128kB 0*256kB 0*512kB 1*1024kB (U) 1*2048kB (M) 3*4096kB (M) = 15360kB
Node 0 DMA32: 3*4kB (M) 1*8kB (M) 2*16kB (M) 3*32kB (M) 3*64kB (M) 3*128kB (M) 2*256kB (M) 2*512kB (M) 2*1024kB (M) 2*2048kB (M) 701*4096kB (M) = 2879700kB
Node 0 Normal: 486*4kB (UME) 767*8kB (UE) 318*16kB (UME) 3*32kB (M) 3*64kB (UM) 4*128kB (UME) 0*256kB 6*512kB (ME) 3*1024kB (ME) 1*2048kB (E) 834*4096kB (M) = 3438224kB
Node 0 hugepages_total=4 hugepages_free=4 hugepages_surp=0 hugepages_size=2048kB
13796 total pagecache pages
0 pages in swap cache
Free swap  = 0kB
Total swap = 0kB
2097051 pages RAM
0 pages HighMem/MovableOnly
367867 pages reserved
Mem-Info:
active_anon:78 inactive_anon:1721 isolated_anon:0
 active_file:3416 inactive_file:10225 isolated_file:0
 unevictable:0 dirty:0 writeback:0
 slab_reclaimable:8953 slab_unreclaimable:62916
 mapped:2091 shmem:155 pagetables:347
 sec_pagetables:0 bounce:0
 kernel_misc_reclaimable:0
 free:1583321 free_pcp:3105 free_cma:0
Node 0 active_anon:312kB inactive_anon:6884kB active_file:13664kB inactive_file:40900kB unevictable:0kB isolated(anon):0kB isolated(file):0kB mapped:8364kB dirty:0kB writeback:0kB shmem:620kB writeback_tmp:0kB kernel_stack:3584kB pagetables:1388kB sec_pagetables:0kB all_unreclaimable? no
Node 0 DMA free:15360kB boost:0kB min:20kB low:32kB high:44kB reserved_highatomic:0KB active_anon:0kB inactive_anon:0kB active_file:0kB inactive_file:0kB unevictable:0kB writepending:0kB present:15992kB managed:15360kB mlocked:0kB bounce:0kB free_pcp:0kB local_pcp:0kB free_cma:0kB
lowmem_reserve[]: 0 2812 6735 6735
Node 0 DMA32 free:2879700kB boost:0kB min:4380kB low:7256kB high:10132kB reserved_highatomic:0KB active_anon:0kB inactive_anon:0kB active_file:0kB inactive_file:0kB unevictable:0kB writepending:0kB present:3129332kB managed:2883248kB mlocked:0kB bounce:0kB free_pcp:3548kB local_pcp:64kB free_cma:0kB
lowmem_reserve[]: 0 0 3923 3923
Node 0 Normal free:3438224kB boost:0kB min:6112kB low:10128kB high:14144kB reserved_highatomic:0KB active_anon:312kB inactive_anon:6884kB active_file:13664kB inactive_file:40900kB unevictable:0kB writepending:0kB present:5242880kB managed:4018128kB mlocked:0kB bounce:0kB free_pcp:8872kB local_pcp:4748kB free_cma:0kB
lowmem_reserve[]: 0 0 0 0
Node 0 DMA: 0*4kB 0*8kB 0*16kB 0*32kB 0*64kB 0*128kB 0*256kB 0*512kB 1*1024kB (U) 1*2048kB (M) 3*4096kB (M) = 15360kB
Node 0 DMA32: 3*4kB (M) 1*8kB (M) 2*16kB (M) 3*32kB (M) 3*64kB (M) 3*128kB (M) 2*256kB (M) 2*512kB (M) 2*1024kB (M) 2*2048kB (M) 701*4096kB (M) = 2879700kB
Node 0 Normal: 486*4kB (UME) 767*8kB (UE) 318*16kB (UME) 3*32kB (M) 3*64kB (UM) 4*128kB (UME) 0*256kB 6*512kB (ME) 3*1024kB (ME) 1*2048kB (E) 834*4096kB (M) = 3438224kB
Node 0 hugepages_total=4 hugepages_free=4 hugepages_surp=0 hugepages_size=2048kB
13796 total pagecache pages
0 pages in swap cache
Free swap  = 0kB
Total swap = 0kB
2097051 pages RAM
0 pages HighMem/MovableOnly
367867 pages reserved
Mem-Info:
active_anon:78 inactive_anon:1721 isolated_anon:0
 active_file:3416 inactive_file:10225 isolated_file:0
 unevictable:0 dirty:0 writeback:0
 slab_reclaimable:8953 slab_unreclaimable:62916
 mapped:2091 shmem:155 pagetables:347
 sec_pagetables:0 bounce:0
 kernel_misc_reclaimable:0
 free:1583321 free_pcp:3105 free_cma:0
Node 0 active_anon:312kB inactive_anon:6884kB active_file:13664kB inactive_file:40900kB unevictable:0kB isolated(anon):0kB isolated(file):0kB mapped:8364kB dirty:0kB writeback:0kB shmem:620kB writeback_tmp:0kB kernel_stack:3584kB pagetables:1388kB sec_pagetables:0kB all_unreclaimable? no
Node 0 DMA free:15360kB boost:0kB min:20kB low:32kB high:44kB reserved_highatomic:0KB active_anon:0kB inactive_anon:0kB active_file:0kB inactive_file:0kB unevictable:0kB writepending:0kB present:15992kB managed:15360kB mlocked:0kB bounce:0kB free_pcp:0kB local_pcp:0kB free_cma:0kB
lowmem_reserve[]: 0 2812 6735 6735
Node 0 DMA32 free:2879700kB boost:0kB min:4380kB low:7256kB high:10132kB reserved_highatomic:0KB active_anon:0kB inactive_anon:0kB active_file:0kB inactive_file:0kB unevictable:0kB writepending:0kB present:3129332kB managed:2883248kB mlocked:0kB bounce:0kB free_pcp:3548kB local_pcp:3484kB free_cma:0kB
lowmem_reserve[]: 0 0 3923 3923
Node 0 Normal free:3438224kB boost:0kB min:6112kB low:10128kB high:14144kB reserved_highatomic:0KB active_anon:312kB inactive_anon:6884kB active_file:13664kB inactive_file:40900kB unevictable:0kB writepending:0kB present:5242880kB managed:4018128kB mlocked:0kB bounce:0kB free_pcp:8872kB local_pcp:4124kB free_cma:0kB
lowmem_reserve[]: 0 0 0 0
Node 0 DMA: 0*4kB 0*8kB 0*16kB 0*32kB 0*64kB 0*128kB 0*256kB 0*512kB 1*1024kB (U) 1*2048kB (M) 3*4096kB (M) = 15360kB
Node 0 DMA32: 3*4kB (M) 1*8kB (M) 2*16kB (M) 3*32kB (M) 3*64kB (M) 3*128kB (M) 2*256kB (M) 2*512kB (M) 2*1024kB (M) 2*2048kB (M) 701*4096kB (M) = 2879700kB
Node 0 Normal: 486*4kB (UME) 767*8kB (UE) 318*16kB (UME) 3*32kB (M) 3*64kB (UM) 4*128kB (UME) 0*256kB 6*512kB (ME) 3*1024kB (ME) 1*2048kB (E) 834*4096kB (M) = 3438224kB
Node 0 hugepages_total=4 hugepages_free=4 hugepages_surp=0 hugepages_size=2048kB
13796 total pagecache pages
0 pages in swap cache
Free swap  = 0kB
Total swap = 0kB
2097051 pages RAM
0 pages HighMem/MovableOnly
367867 pages reserved
Mem-Info:
active_anon:78 inactive_anon:1721 isolated_anon:0
 active_file:3416 inactive_file:10225 isolated_file:0
 unevictable:0 dirty:0 writeback:0
 slab_reclaimable:8953 slab_unreclaimable:62916
 mapped:2091 shmem:155 pagetables:347
 sec_pagetables:0 bounce:0
 kernel_misc_reclaimable:0
 free:1583321 free_pcp:3105 free_cma:0
Node 0 active_anon:312kB inactive_anon:6884kB active_file:13664kB inactive_file:40900kB unevictable:0kB isolated(anon):0kB isolated(file):0kB mapped:8364kB dirty:0kB writeback:0kB shmem:620kB writeback_tmp:0kB kernel_stack:3584kB pagetables:1388kB sec_pagetables:0kB all_unreclaimable? no
Node 0 DMA free:15360kB boost:0kB min:20kB low:32kB high:44kB reserved_highatomic:0KB active_anon:0kB inactive_anon:0kB active_file:0kB inactive_file:0kB unevictable:0kB writepending:0kB present:15992kB managed:15360kB mlocked:0kB bounce:0kB free_pcp:0kB local_pcp:0kB free_cma:0kB
lowmem_reserve[]: 0 2812 6735 6735
Node 0 DMA32 free:2879700kB boost:0kB min:4380kB low:7256kB high:10132kB reserved_highatomic:0KB active_anon:0kB inactive_anon:0kB active_file:0kB inactive_file:0kB unevictable:0kB writepending:0kB present:3129332kB managed:2883248kB mlocked:0kB bounce:0kB free_pcp:3548kB local_pcp:64kB free_cma:0kB
lowmem_reserve[]: 0 0 3923 3923
Node 0 Normal free:3438224kB boost:0kB min:6112kB low:10128kB high:14144kB reserved_highatomic:0KB active_anon:312kB inactive_anon:6884kB active_file:13664kB inactive_file:40900kB unevictable:0kB writepending:0kB present:5242880kB managed:4018128kB mlocked:0kB bounce:0kB free_pcp:8872kB local_pcp:4748kB free_cma:0kB
lowmem_reserve[]: 0 0 0 0
Node 0 DMA: 0*4kB 0*8kB 0*16kB 0*32kB 0*64kB 0*128kB 0*256kB 0*512kB 1*1024kB (U) 1*2048kB (M) 3*4096kB (M) = 15360kB
Node 0 DMA32: 3*4kB (M) 1*8kB (M) 2*16kB (M) 3*32kB (M) 3*64kB (M) 3*128kB (M) 2*256kB (M) 2*512kB (M) 2*1024kB (M) 2*2048kB (M) 701*4096kB (M) = 2879700kB
Node 0 Normal: 486*4kB (UME) 767*8kB (UE) 318*16kB (UME) 3*32kB (M) 3*64kB (UM) 4*128kB (UME) 0*256kB 6*512kB (ME) 3*1024kB (ME) 1*2048kB (E) 834*4096kB (M) = 3438224kB
Node 0 hugepages_total=4 hugepages_free=4 hugepages_surp=0 hugepages_size=2048kB
13796 total pagecache pages
0 pages in swap cache
Free swap  = 0kB
Total swap = 0kB
2097051 pages RAM
0 pages HighMem/MovableOnly
367867 pages reserved
Mem-Info:
active_anon:78 inactive_anon:1721 isolated_anon:0
 active_file:3416 inactive_file:10225 isolated_file:0
 unevictable:0 dirty:0 writeback:0
 slab_reclaimable:8953 slab_unreclaimable:62916
 mapped:2091 shmem:155 pagetables:347
 sec_pagetables:0 bounce:0
 kernel_misc_reclaimable:0
 free:1583321 free_pcp:3105 free_cma:0
Node 0 active_anon:312kB inactive_anon:6884kB active_file:13664kB inactive_file:40900kB unevictable:0kB isolated(anon):0kB isolated(file):0kB mapped:8364kB dirty:0kB writeback:0kB shmem:620kB writeback_tmp:0kB kernel_stack:3584kB pagetables:1388kB sec_pagetables:0kB all_unreclaimable? no
Node 0 DMA free:15360kB boost:0kB min:20kB low:32kB high:44kB reserved_highatomic:0KB active_anon:0kB inactive_anon:0kB active_file:0kB inactive_file:0kB unevictable:0kB writepending:0kB present:15992kB managed:15360kB mlocked:0kB bounce:0kB free_pcp:0kB local_pcp:0kB free_cma:0kB
lowmem_reserve[]: 0 2812 6735 6735
Node 0 DMA32 free:2879700kB boost:0kB min:4380kB low:7256kB high:10132kB reserved_highatomic:0KB active_anon:0kB inactive_anon:0kB active_file:0kB inactive_file:0kB unevictable:0kB writepending:0kB present:3129332kB managed:2883248kB mlocked:0kB bounce:0kB free_pcp:3548kB local_pcp:3484kB free_cma:0kB
lowmem_reserve[]: 0 0 3923 3923
Node 0 Normal free:3438224kB boost:0kB min:6112kB low:10128kB high:14144kB reserved_highatomic:0KB active_anon:312kB inactive_anon:6884kB active_file:13664kB inactive_file:40900kB unevictable:0kB writepending:0kB present:5242880kB managed:4018128kB mlocked:0kB bounce:0kB free_pcp:8872kB local_pcp:4124kB free_cma:0kB
lowmem_reserve[]: 0 0 0 0
Node 0 DMA: 0*4kB 0*8kB 0*16kB 0*32kB 0*64kB 0*128kB 0*256kB 0*512kB 1*1024kB (U) 1*2048kB (M) 3*4096kB (M) = 15360kB
Node 0 DMA32: 3*4kB (M) 1*8kB (M) 2*16kB (M) 3*32kB (M) 3*64kB (M) 3*128kB (M) 2*256kB (M) 2*512kB (M) 2*1024kB (M) 2*2048kB (M) 701*4096kB (M) = 2879700kB
Node 0 Normal: 486*4kB (UME) 767*8kB (UE) 318*16kB (UME) 3*32kB (M) 3*64kB (UM) 4*128kB (UME) 0*256kB 6*512kB (ME) 3*1024kB (ME) 1*2048kB (E) 834*4096kB (M) = 3438224kB
Node 0 hugepages_total=4 hugepages_free=4 hugepages_surp=0 hugepages_size=2048kB
13796 total pagecache pages
0 pages in swap cache
Free swap  = 0kB
Total swap = 0kB
2097051 pages RAM
0 pages HighMem/MovableOnly
367867 pages reserved
Mem-Info:
active_anon:78 inactive_anon:1721 isolated_anon:0
 active_file:3416 inactive_file:10225 isolated_file:0
 unevictable:0 dirty:0 writeback:0
 slab_reclaimable:8953 slab_unreclaimable:62916
 mapped:2091 shmem:155 pagetables:347
 sec_pagetables:0 bounce:0
 kernel_misc_reclaimable:0
 free:1583321 free_pcp:3105 free_cma:0
Node 0 active_anon:312kB inactive_anon:6884kB active_file:13664kB inactive_file:40900kB unevictable:0kB isolated(anon):0kB isolated(file):0kB mapped:8364kB dirty:0kB writeback:0kB shmem:620kB writeback_tmp:0kB kernel_stack:3584kB pagetables:1388kB sec_pagetables:0kB all_unreclaimable? no
Node 0 DMA free:15360kB boost:0kB min:20kB low:32kB high:44kB reserved_highatomic:0KB active_anon:0kB inactive_anon:0kB active_file:0kB inactive_file:0kB unevictable:0kB writepending:0kB present:15992kB managed:15360kB mlocked:0kB bounce:0kB free_pcp:0kB local_pcp:0kB free_cma:0kB
lowmem_reserve[]: 0 2812 6735 6735
Node 0 DMA32 free:2879700kB boost:0kB min:4380kB low:7256kB high:10132kB reserved_highatomic:0KB active_anon:0kB inactive_anon:0kB active_file:0kB inactive_file:0kB unevictable:0kB writepending:0kB present:3129332kB managed:2883248kB mlocked:0kB bounce:0kB free_pcp:3548kB local_pcp:64kB free_cma:0kB
lowmem_reserve[]: 0 0 3923 3923
Node 0 Normal free:3438224kB boost:0kB min:6112kB low:10128kB high:14144kB reserved_highatomic:0KB active_anon:312kB inactive_anon:6884kB active_file:13664kB inactive_file:40900kB unevictable:0kB writepending:0kB present:5242880kB managed:4018128kB mlocked:0kB bounce:0kB free_pcp:8872kB local_pcp:4748kB free_cma:0kB
lowmem_reserve[]: 0 0 0 0
Node 0 DMA: 0*4kB 0*8kB 0*16kB 0*32kB 0*64kB 0*128kB 0*256kB 0*512kB 1*1024kB (U) 1*2048kB (M) 3*4096kB (M) = 15360kB
Node 0 DMA32: 3*4kB (M) 1*8kB (M) 2*16kB (M) 3*32kB (M) 3*64kB (M) 3*128kB (M) 2*256kB (M) 2*512kB (M) 2*1024kB (M) 2*2048kB (M) 701*4096kB (M) = 2879700kB
Node 0 Normal: 486*4kB (UME) 767*8kB (UE) 318*16kB (UME) 3*32kB (M) 3*64kB (UM) 4*128kB (UME) 0*256kB 6*512kB (ME) 3*1024kB (ME) 1*2048kB (E) 834*4096kB (M) = 3438224kB
Node 0 hugepages_total=4 hugepages_free=4 hugepages_surp=0 hugepages_size=2048kB
13796 total pagecache pages
0 pages in swap cache
Free swap  = 0kB
Total swap = 0kB
2097051 pages RAM
0 pages HighMem/MovableOnly
367867 pages reserved
Mem-Info:
active_anon:78 inactive_anon:1721 isolated_anon:0
 active_file:3416 inactive_file:10225 isolated_file:0
 unevictable:0 dirty:0 writeback:0
 slab_reclaimable:8953 slab_unreclaimable:62916
 mapped:2091 shmem:155 pagetables:347
 sec_pagetables:0 bounce:0
 kernel_misc_reclaimable:0
 free:1583321 free_pcp:3105 free_cma:0
Node 0 active_anon:312kB inactive_anon:6884kB active_file:13664kB inactive_file:40900kB unevictable:0kB isolated(anon):0kB isolated(file):0kB mapped:8364kB dirty:0kB writeback:0kB shmem:620kB writeback_tmp:0kB kernel_stack:3584kB pagetables:1388kB sec_pagetables:0kB all_unreclaimable? no
Node 0 DMA free:15360kB boost:0kB min:20kB low:32kB high:44kB reserved_highatomic:0KB active_anon:0kB inactive_anon:0kB active_file:0kB inactive_file:0kB unevictable:0kB writepending:0kB present:15992kB managed:15360kB mlocked:0kB bounce:0kB free_pcp:0kB local_pcp:0kB free_cma:0kB
lowmem_reserve[]: 0 2812 6735 6735
Node 0 DMA32 free:2879700kB boost:0kB min:4380kB low:7256kB high:10132kB reserved_highatomic:0KB active_anon:0kB inactive_anon:0kB active_file:0kB inactive_file:0kB unevictable:0kB writepending:0kB present:3129332kB managed:2883248kB mlocked:0kB bounce:0kB free_pcp:3548kB local_pcp:3484kB free_cma:0kB
lowmem_reserve[]: 0 0 3923 3923
Node 0 Normal free:3438224kB boost:0kB min:6112kB low:10128kB high:14144kB reserved_highatomic:0KB active_anon:312kB inactive_anon:6884kB active_file:13664kB inactive_file:40900kB unevictable:0kB writepending:0kB present:5242880kB managed:4018128kB mlocked:0kB bounce:0kB free_pcp:8872kB local_pcp:4124kB free_cma:0kB
lowmem_reserve[]: 0 0 0 0
Node 0 DMA: 0*4kB 0*8kB 0*16kB 0*32kB 0*64kB 0*128kB 0*256kB 0*512kB 1*1024kB (U) 1*2048kB (M) 3*4096kB (M) = 15360kB
Node 0 DMA32: 3*4kB (M) 1*8kB (M) 2*16kB (M) 3*32kB (M) 3*64kB (M) 3*128kB (M) 2*256kB (M) 2*512kB (M) 2*1024kB (M) 2*2048kB (M) 701*4096kB (M) = 2879700kB
Node 0 Normal: 486*4kB (UME) 767*8kB (UE) 318*16kB (UME) 3*32kB (M) 3*64kB (UM) 4*128kB (UME) 0*256kB 6*512kB (ME) 3*1024kB (ME) 1*2048kB (E) 834*4096kB (M) = 3438224kB
Node 0 hugepages_total=4 hugepages_free=4 hugepages_surp=0 hugepages_size=2048kB
13796 total pagecache pages
0 pages in swap cache
Free swap  = 0kB
Total swap = 0kB
2097051 pages RAM
0 pages HighMem/MovableOnly
367867 pages reserved
Mem-Info:
active_anon:78 inactive_anon:1721 isolated_anon:0
 active_file:3416 inactive_file:10225 isolated_file:0
 unevictable:0 dirty:0 writeback:0
 slab_reclaimable:8953 slab_unreclaimable:62916
 mapped:2091 shmem:155 pagetables:347
 sec_pagetables:0 bounce:0
 kernel_misc_reclaimable:0
 free:1583321 free_pcp:3105 free_cma:0
Node 0 active_anon:312kB inactive_anon:6884kB active_file:13664kB inactive_file:40900kB unevictable:0kB isolated(anon):0kB isolated(file):0kB mapped:8364kB dirty:0kB writeback:0kB shmem:620kB writeback_tmp:0kB kernel_stack:3584kB pagetables:1388kB sec_pagetables:0kB all_unreclaimable? no
Node 0 DMA free:15360kB boost:0kB min:20kB low:32kB high:44kB reserved_highatomic:0KB active_anon:0kB inactive_anon:0kB active_file:0kB inactive_file:0kB unevictable:0kB writepending:0kB present:15992kB managed:15360kB mlocked:0kB bounce:0kB free_pcp:0kB local_pcp:0kB free_cma:0kB
lowmem_reserve[]: 0 2812 6735 6735
Node 0 DMA32 free:2879700kB boost:0kB min:4380kB low:7256kB high:10132kB reserved_highatomic:0KB active_anon:0kB inactive_anon:0kB active_file:0kB inactive_file:0kB unevictable:0kB writepending:0kB present:3129332kB managed:2883248kB mlocked:0kB bounce:0kB free_pcp:3548kB local_pcp:64kB free_cma:0kB
lowmem_reserve[]: 0 0 3923 3923
Node 0 Normal free:3438224kB boost:0kB min:6112kB low:10128kB high:14144kB reserved_highatomic:0KB active_anon:312kB inactive_anon:6884kB active_file:13664kB inactive_file:40900kB unevictable:0kB writepending:0kB present:5242880kB managed:4018128kB mlocked:0kB bounce:0kB free_pcp:8872kB local_pcp:4748kB free_cma:0kB
lowmem_reserve[]: 0 0 0 0
Node 0 DMA: 0*4kB 0*8kB 0*16kB 0*32kB 0*64kB 0*128kB 0*256kB 0*512kB 1*1024kB (U) 1*2048kB (M) 3*4096kB (M) = 15360kB
Node 0 DMA32: 3*4kB (M) 1*8kB (M) 2*16kB (M) 3*32kB (M) 3*64kB (M) 3*128kB (M) 2*256kB (M) 2*512kB (M) 2*1024kB (M) 2*2048kB (M) 701*4096kB (M) = 2879700kB
Node 0 Normal: 486*4kB (UME) 767*8kB (UE) 318*16kB (UME) 3*32kB (M) 3*64kB (UM) 4*128kB (UME) 0*256kB 6*512kB (ME) 3*1024kB (ME) 1*2048kB (E) 834*4096kB (M) = 3438224kB
Node 0 hugepages_total=4 hugepages_free=4 hugepages_surp=0 hugepages_size=2048kB
13796 total pagecache pages
0 pages in swap cache
Free swap  = 0kB
Total swap = 0kB
2097051 pages RAM
0 pages HighMem/MovableOnly
367867 pages reserved
Mem-Info:
active_anon:78 inactive_anon:1721 isolated_anon:0
 active_file:3416 inactive_file:10225 isolated_file:0
 unevictable:0 dirty:0 writeback:0
 slab_reclaimable:8953 slab_unreclaimable:62916
 mapped:2091 shmem:155 pagetables:347
 sec_pagetables:0 bounce:0
 kernel_misc_reclaimable:0
 free:1583321 free_pcp:3105 free_cma:0
Node 0 active_anon:312kB inactive_anon:6884kB active_file:13664kB inactive_file:40900kB unevictable:0kB isolated(anon):0kB isolated(file):0kB mapped:8364kB dirty:0kB writeback:0kB shmem:620kB writeback_tmp:0kB kernel_stack:3584kB pagetables:1388kB sec_pagetables:0kB all_unreclaimable? no
Node 0 DMA free:15360kB boost:0kB min:20kB low:32kB high:44kB reserved_highatomic:0KB active_anon:0kB inactive_anon:0kB active_file:0kB inactive_file:0kB unevictable:0kB writepending:0kB present:15992kB managed:15360kB mlocked:0kB bounce:0kB free_pcp:0kB local_pcp:0kB free_cma:0kB
lowmem_reserve[]: 0 2812 6735 6735
Node 0 DMA32 free:2879700kB boost:0kB min:4380kB low:7256kB high:10132kB reserved_highatomic:0KB active_anon:0kB inactive_anon:0kB active_file:0kB inactive_file:0kB unevictable:0kB writepending:0kB present:3129332kB managed:2883248kB mlocked:0kB bounce:0kB free_pcp:3548kB local_pcp:3484kB free_cma:0kB
lowmem_reserve[]: 0 0 3923 3923
Node 0 Normal free:3438224kB boost:0kB min:6112kB low:10128kB high:14144kB reserved_highatomic:0KB active_anon:312kB inactive_anon:6884kB active_file:13664kB inactive_file:40900kB unevictable:0kB writepending:0kB present:5242880kB managed:4018128kB mlocked:0kB bounce:0kB free_pcp:8872kB local_pcp:4124kB free_cma:0kB
lowmem_reserve[]: 0 0 0 0
Node 0 DMA: 0*4kB 0*8kB 0*16kB 0*32kB 0*64kB 0*128kB 0*256kB 0*512kB 1*1024kB (U) 1*2048kB (M) 3*4096kB (M) = 15360kB
Node 0 DMA32: 3*4kB (M) 1*8kB (M) 2*16kB (M) 3*32kB (M) 3*64kB (M) 3*128kB (M) 2*256kB (M) 2*512kB (M) 2*1024kB (M) 2*2048kB (M) 701*4096kB (M) = 2879700kB
Node 0 Normal: 486*4kB (UME) 767*8kB (UE) 318*16kB (UME) 3*32kB (M) 3*64kB (UM) 4*128kB (UME) 0*256kB 6*512kB (ME) 3*1024kB (ME) 1*2048kB (E) 834*4096kB (M) = 3438224kB
Node 0 hugepages_total=4 hugepages_free=4 hugepages_surp=0 hugepages_size=2048kB
13796 total pagecache pages
0 pages in swap cache
Free swap  = 0kB
Total swap = 0kB
2097051 pages RAM
0 pages HighMem/MovableOnly
367867 pages reserved
Mem-Info:
active_anon:78 inactive_anon:1721 isolated_anon:0
 active_file:3416 inactive_file:10225 isolated_file:0
 unevictable:0 dirty:0 writeback:0
 slab_reclaimable:8953 slab_unreclaimable:62916
 mapped:2091 shmem:155 pagetables:347
 sec_pagetables:0 bounce:0
 kernel_misc_reclaimable:0
 free:1583321 free_pcp:3105 free_cma:0
Node 0 active_anon:312kB inactive_anon:6884kB active_file:13664kB inactive_file:40900kB unevictable:0kB isolated(anon):0kB isolated(file):0kB mapped:8364kB dirty:0kB writeback:0kB shmem:620kB writeback_tmp:0kB kernel_stack:3584kB pagetables:1388kB sec_pagetables:0kB all_unreclaimable? no
Node 0 DMA free:15360kB boost:0kB min:20kB low:32kB high:44kB reserved_highatomic:0KB active_anon:0kB inactive_anon:0kB active_file:0kB inactive_file:0kB unevictable:0kB writepending:0kB present:15992kB managed:15360kB mlocked:0kB bounce:0kB free_pcp:0kB local_pcp:0kB free_cma:0kB
lowmem_reserve[]: 0 2812 6735 6735
Node 0 DMA32 free:2879700kB boost:0kB min:4380kB low:7256kB high:10132kB reserved_highatomic:0KB active_anon:0kB inactive_anon:0kB active_file:0kB inactive_file:0kB unevictable:0kB writepending:0kB present:3129332kB managed:2883248kB mlocked:0kB bounce:0kB free_pcp:3548kB local_pcp:64kB free_cma:0kB
lowmem_reserve[]: 0 0 3923 3923
Node 0 Normal free:3438224kB boost:0kB min:6112kB low:10128kB high:14144kB reserved_highatomic:0KB active_anon:312kB inactive_anon:6884kB active_file:13664kB inactive_file:40900kB unevictable:0kB writepending:0kB present:5242880kB managed:4018128kB mlocked:0kB bounce:0kB free_pcp:8872kB local_pcp:4748kB free_cma:0kB
lowmem_reserve[]: 0 0 0 0
Node 0 DMA: 0*4kB 0*8kB 0*16kB 0*32kB 0*64kB 0*128kB 0*256kB 0*512kB 1*1024kB (U) 1*2048kB (M) 3*4096kB (M) = 15360kB
Node 0 DMA32: 3*4kB (M) 1*8kB (M) 2*16kB (M) 3*32kB (M) 3*64kB (M) 3*128kB (M) 2*256kB (M) 2*512kB (M) 2*1024kB (M) 2*2048kB (M) 701*4096kB (M) = 2879700kB
Node 0 Normal: 486*4kB (UME) 767*8kB (UE) 318*16kB (UME) 3*32kB (M) 3*64kB (UM) 4*128kB (UME) 0*256kB 6*512kB (ME) 3*1024kB (ME) 1*2048kB (E) 834*4096kB (M) = 3438224kB
Node 0 hugepages_total=4 hugepages_free=4 hugepages_surp=0 hugepages_size=2048kB
13796 total pagecache pages
0 pages in swap cache
Free swap  = 0kB
Total swap = 0kB
2097051 pages RAM
0 pages HighMem/MovableOnly
367867 pages reserved
Mem-Info:
active_anon:78 inactive_anon:1721 isolated_anon:0
 active_file:3416 inactive_file:10225 isolated_file:0
 unevictable:0 dirty:0 writeback:0
 slab_reclaimable:8953 slab_unreclaimable:62916
 mapped:2091 shmem:155 pagetables:347
 sec_pagetables:0 bounce:0
 kernel_misc_reclaimable:0
 free:1583321 free_pcp:3105 free_cma:0
Node 0 active_anon:312kB inactive_anon:6884kB active_file:13664kB inactive_file:40900kB unevictable:0kB isolated(anon):0kB isolated(file):0kB mapped:8364kB dirty:0kB writeback:0kB shmem:620kB writeback_tmp:0kB kernel_stack:3584kB pagetables:1388kB sec_pagetables:0kB all_unreclaimable? no
Node 0 DMA free:15360kB boost:0kB min:20kB low:32kB high:44kB reserved_highatomic:0KB active_anon:0kB inactive_anon:0kB active_file:0kB inactive_file:0kB unevictable:0kB writepending:0kB present:15992kB managed:15360kB mlocked:0kB bounce:0kB free_pcp:0kB local_pcp:0kB free_cma:0kB
lowmem_reserve[]: 0 2812 6735 6735
Node 0 DMA32 free:2879700kB boost:0kB min:4380kB low:7256kB high:10132kB reserved_highatomic:0KB active_anon:0kB inactive_anon:0kB active_file:0kB inactive_file:0kB unevictable:0kB writepending:0kB present:3129332kB managed:2883248kB mlocked:0kB bounce:0kB free_pcp:3548kB local_pcp:3484kB free_cma:0kB
lowmem_reserve[]: 0 0 3923 3923
Node 0 Normal free:3438224kB boost:0kB min:6112kB low:10128kB high:14144kB reserved_highatomic:0KB active_anon:312kB inactive_anon:6884kB active_file:13664kB inactive_file:40900kB unevictable:0kB writepending:0kB present:5242880kB managed:4018128kB mlocked:0kB bounce:0kB free_pcp:8872kB local_pcp:4124kB free_cma:0kB
lowmem_reserve[]: 0 0 0 0
Node 0 DMA: 0*4kB 0*8kB 0*16kB 0*32kB 0*64kB 0*128kB 0*256kB 0*512kB 1*1024kB (U) 1*2048kB (M) 3*4096kB (M) = 15360kB
Node 0 DMA32: 3*4kB (M) 1*8kB (M) 2*16kB (M) 3*32kB (M) 3*64kB (M) 3*128kB (M) 2*256kB (M) 2*512kB (M) 2*1024kB (M) 2*2048kB (M) 701*4096kB (M) = 2879700kB
Node 0 Normal: 486*4kB (UME) 767*8kB (UE) 318*16kB (UME) 3*32kB (M) 3*64kB (UM) 4*128kB (UME) 0*256kB 6*512kB (ME) 3*1024kB (ME) 1*2048kB (E) 834*4096kB (M) = 3438224kB
Node 0 hugepages_total=4 hugepages_free=4 hugepages_surp=0 hugepages_size=2048kB
13796 total pagecache pages
0 pages in swap cache
Free swap  = 0kB
Total swap = 0kB
2097051 pages RAM
0 pages HighMem/MovableOnly
367867 pages reserved
Mem-Info:
active_anon:78 inactive_anon:1721 isolated_anon:0
 active_file:3416 inactive_file:10225 isolated_file:0
 unevictable:0 dirty:0 writeback:0
 slab_reclaimable:8953 slab_unreclaimable:62916
 mapped:2091 shmem:155 pagetables:347
 sec_pagetables:0 bounce:0
 kernel_misc_reclaimable:0
 free:1583321 free_pcp:3105 free_cma:0
