

<!doctype html>
<html>
<head>
	
	<link rel="stylesheet" href="/static/style.css"/>
	<script src="/static/common.js"></script>
	
		<script async src="https://www.googletagmanager.com/gtag/js?id=UA-116117799-1"></script>
		<script>
			window.dataLayer = window.dataLayer || [];
			function gtag() { dataLayer.push(arguments); }
			gtag('js', new Date());
			gtag('config', 'UA-116117799-1');
		</script>
	

	<title>INFO: rcu detected stall in sys_syslog (2)</title>
</head>
<body>
	
	<header id="topbar">
		<table class="position_table">
			<tr>
				<td>
					<h1><a href="/upstream">syzbot</a></h1>
				</td>
				<td class="namespace_td">
					<select class="namespace" onchange="window.location.href = '/' + this.value + '';">
						
							<option value="android-5-10" >Android 5.10</option>
							<option value="android-5-15" >Android 5.15</option>
							<option value="android-54" >Android 5.4</option>
							<option value="android-6-1" >Android 6.1</option>
							<option value="freebsd" >FreeBSD</option>
							<option value="upstream" selected="1">Linux</option>
							<option value="linux-5.15" >Linux 5.15</option>
							<option value="linux-6.1" >Linux 6.1</option>
							<option value="netbsd" >NetBSD</option>
							<option value="openbsd" >OpenBSD</option>
							<option value="gvisor" >gVisor</option></select>
				</td>
				<td class="search">
					
					
						<a href="https://syzkaller.appspot.com/_ah/conflogin?continue=https://syzkaller.appspot.com/bug%3Fextid%3D269f9ad9bc32451d5fb5">sign-in</a> |
					
					<a href="https://groups.google.com/forum/#!forum/syzkaller" target="_blank">mailing list</a> |
					<a href="https://github.com/google/syzkaller" target="_blank">source</a> |
					<a href="https://github.com/google/syzkaller/blob/master/docs/syzbot.md" target="_blank">docs</a>
				</td>
			</tr>
		</table>
		
		<div class="navigation">
			<div class="navigation_tab">
				<a href='/upstream'><span style="color:DeepPink;">üêû</span> Open [1659]</a>
			</div>

			
			<div class="navigation_tab">
				<a href='/upstream/subsystems'><span style="color:DeepPink;">‚â°</span> Subsystems</a>
			</div>
			

			<div class="navigation_tab">
				<a href='/upstream/fixed'><span style="color:ForestGreen;">üêû</span> Fixed [6081]</a>
			</div>

			<div class="navigation_tab" href='/upstream/invalid'>
				<a href='/upstream/invalid'><span style="color:RoyalBlue;">üêû</span> Invalid [15102]</a>
			</div>

			
			<div class="navigation_tab">
				<a href='/upstream/backports'><span style="color:ForestGreen;">‚¨á</span> Missing Backports [157]</a>
			</div>
			

			<div class="navigation_tab">
				<a href='/upstream/graph/crashes'><span style="color:ForestGreen;">‚â°</span> Crashes</a>
			</div>

			<div class="dropdown navigation_tab">
				<button class="dropbtn"><span style="color:DarkOrange;">üìà</span>Graphs</button>
				<div class="dropdown-content">
					<a class="navigation_tab"
						href='/upstream/graph/bugs'>Kernel&nbsp;Health</a>
					<a class="navigation_tab"
						href='/upstream/graph/found-bugs'>Bugs/Month</a>
					<a class="navigation_tab"
						href='/upstream/graph/lifetimes'>Bug&nbsp;Lifetimes</a>
					<a class="navigation_tab"
						href='/upstream/graph/fuzzing'>Fuzzing</a>
				</div>
			</div>

			
			<div class="dropdown navigation_tab">
				<button class="dropbtn"><span style="color:DarkOrange;">üìà</span>Coverage</button>
				<div class="dropdown-content">
					<a class="navigation_tab"
						href="/upstream/graph/coverage?period=quarter">Total</a>
					<a class="navigation_tab"
						href="/upstream/coverage?period=month">Repo&nbsp;Heatmap</a>
					
						<a class="navigation_tab"
							href="/upstream/coverage/subsystems?period=month">Subsystems&nbsp;Heatmap</a>
					
				</div>
			</div>
			
			
			<div class="navigation_tab navigation_right">
				<a href='mailto:syzkaller@googlegroups.com'><span style="color:ForestGreen;">üí¨</span> Send us feedback</a>
			</div>
			
		</div>
		
	</header>
	<br>


	<b>INFO: rcu detected stall in sys_syslog (2)</b><br><br>
	Status: <a href="https://groups.google.com/d/msgid/syzkaller-bugs/0000000000007a02930611d2efbb%40google.com">upstream: reported C repro on 2024/02/20 16:45</a><br>
	
		
			Subsystems: 
				<span class="bug-label"><a href="/upstream/s/mm">mm</a></span>
		<br>
		
	<a href="https://github.com/google/syzkaller/blob/master/docs/syzbot.md#labels">[Documentation on labels]</a><br>
	
	
	Reported-by: syzbot&#43;269f9ad9bc32451d5fb5@syzkaller.appspotmail.com<br>
	
	First crash: 383d, last: 18d<br>
	
	<div>
		<div class="bug-bisection-info">

	
	
	
		
			<b>Cause bisection: failed</b>
		
		<b>(<a href="https://syzkaller.appspot.com/x/error.txt?x=11afa8dd980000">error log</a>, <a href="https://syzkaller.appspot.com/x/bisect.txt?x=16afa8dd980000">bisect log</a>)</b><br>
	
	

	
	&nbsp;&nbsp;
	

</div>
		
		<div class="bug-bisection-stop"></div>
	</div>

	
	<div class="collapsible collapsible-show">
		<div class="head">
			<span class="show-icon">&#9654;</span>
			<span class="hide-icon">&#9660;</span>
			<span>Discussions (3)</span>
		</div>
		<div class="content">
			
			
			

<table class="list_table">
	<thead>
	<tr>
		<th>Title</th>
		<th>Replies (including bot)</th>
		<th>Last reply</th>
	</tr>
	</thead>
	<tbody>
	
		<tr>
			<td><a href="https://lore.kernel.org/all/0000000000007a02930611d2efbb@google.com/T/">[syzbot] [input?] [usb?] INFO: rcu detected stall in sys_syslog (2)</a></td>
			<td class="stat">0 (2)</td>
			<td class="stat">2024/11/07 20:42</td>
		</tr>
	
		<tr>
			<td><a href="https://lore.kernel.org/all/670ee459.050a0220.d5849.000d.GAE@google.com/T/">[syzbot] Monthly bpf report (Oct 2024)</a></td>
			<td class="stat">0 (1)</td>
			<td class="stat">2024/10/15 21:53</td>
		</tr>
	
		<tr>
			<td><a href="https://lore.kernel.org/all/000000000000b38d84061c2d0a58@google.com/T/">[syzbot] Monthly input report (Jul 2024)</a></td>
			<td class="stat">0 (1)</td>
			<td class="stat">2024/07/01 10:27</td>
		</tr>
	
	</tbody>
</table>


			
			
		</div>
	</div>
	
	<div class="collapsible collapsible-hide">
		<div class="head">
			<span class="show-icon">&#9654;</span>
			<span class="hide-icon">&#9660;</span>
			<span>Similar bugs (4)</span>
		</div>
		<div class="content">
			


<table class="list_table">
	
	<thead>
	<tr>
		
			<th><a onclick="return sortTable(this, 'Kernel', textSort)" href="#">Kernel</a></th>
		
		<th><a onclick="return sortTable(this, 'Title', textSort)" href="#">Title</a></th>
		<th><a onclick="return sortTable(this, 'Repro', reproSort)" href="#">Repro</a></th>
		<th><a onclick="return sortTable(this, 'Cause bisect', textSort)" href="#">Cause bisect</a></th>
		<th><a onclick="return sortTable(this, 'Fix bisect', textSort)" href="#">Fix bisect</a></th>
		<th><a onclick="return sortTable(this, 'Count', numSort)" href="#">Count</a></th>
		<th><a onclick="return sortTable(this, 'Last', timeSort)" href="#">Last</a></th>
		<th><a onclick="return sortTable(this, 'Reported', timeSort)" href="#">Reported</a></th>
		
		
		
			<th><a onclick="return sortTable(this, 'Patched', patchedSort)" href="#">Patched</a></th>
		
		
			<th><a onclick="return sortTable(this, 'Status', textSort)" href="#">Status</a></th>
		
		
	</tr>
	</thead>
	<tbody>
	
		<tr>
			<td>upstream</td>
			<td class="title">
				<a href="/bug?id=1c6cc69710a8799cdad7f7d13256634228b08938">INFO: rcu detected stall in sys_syslog</a>
					<span class="bug-label"><a href="/upstream/s/kernel">kernel</a></span>
			</td>
			<td class="stat"></td>
			<td class="bisect_status"></td>
			<td class="bisect_status"></td>
			<td class="stat ">1</td>
			<td class="stat">541d</td>
			<td class="stat">
				
					541d
				
			</td>
			
			
			
				<td class="patched" >0/28</td>
			
			
				<td class="status">
					
						auto-obsoleted due to no activity on 2023/12/11 00:13
					
				</td>
			
			
		</tr>
	
		<tr>
			<td>linux-5.15</td>
			<td class="title">
				<a href="/bug?id=e3f2780ff242ed3229fef06f3b43fcca18581ebd">INFO: rcu detected stall in sys_syslog</a>
			</td>
			<td class="stat"></td>
			<td class="bisect_status"></td>
			<td class="bisect_status"></td>
			<td class="stat ">2</td>
			<td class="stat">282d</td>
			<td class="stat">
				
					<a href="https://groups.google.com/d/msgid/syzkaller-lts-bugs/0000000000005a334f0619582d7c%40google.com">283d</a>
				
			</td>
			
			
			
				<td class="patched" >0/3</td>
			
			
				<td class="status">
					
						<a href="https://groups.google.com/d/msgid/syzkaller-lts-bugs/0000000000005a334f0619582d7c%40google.com">auto-obsoleted due to no activity on 2024/09/04 14:06</a>
					
				</td>
			
			
		</tr>
	
		<tr>
			<td>linux-6.1</td>
			<td class="title">
				<a href="/bug?id=f0735e42e1c89f238642a539e5106af65ec7fc60">INFO: rcu detected stall in sys_syslog</a>
			</td>
			<td class="stat"></td>
			<td class="bisect_status"></td>
			<td class="bisect_status"></td>
			<td class="stat ">1</td>
			<td class="stat">272d</td>
			<td class="stat">
				
					<a href="https://groups.google.com/d/msgid/syzkaller-lts-bugs/0000000000003dc846061a3271ff%40google.com">272d</a>
				
			</td>
			
			
			
				<td class="patched" >0/3</td>
			
			
				<td class="status">
					
						<a href="https://groups.google.com/d/msgid/syzkaller-lts-bugs/0000000000003dc846061a3271ff%40google.com">auto-obsoleted due to no activity on 2024/09/14 06:04</a>
					
				</td>
			
			
		</tr>
	
		<tr>
			<td>android-5-15</td>
			<td class="title">
				<a href="/bug?id=5e8b4e5d97a273c0f1c9ba97ee9311d6f9b54c96">BUG: soft lockup in sys_syslog</a>
			</td>
			<td class="stat">C</td>
			<td class="bisect_status"></td>
			<td class="bisect_status">error</td>
			<td class="stat ">13</td>
			<td class="stat">174d</td>
			<td class="stat">
				
					<a href="https://groups.google.com/d/msgid/syzkaller-android-bugs/00000000000079be9206157dc7ab%40google.com">332d</a>
				
			</td>
			
			
			
				<td class="patched" >0/2</td>
			
			
				<td class="status">
					
						<a href="https://groups.google.com/d/msgid/syzkaller-android-bugs/00000000000079be9206157dc7ab%40google.com">auto-obsoleted due to no activity on 2024/12/21 15:34</a>
					
				</td>
			
			
		</tr>
	
	</tbody>
</table>



			
			
			
			
		</div>
	</div>
	
	<div class="collapsible collapsible-hide">
		<div class="head">
			<span class="show-icon">&#9654;</span>
			<span class="hide-icon">&#9660;</span>
			<span>Last patch testing requests (6)</span>
		</div>
		<div class="content">
			
			

	<table class="list_table">
		<caption id="jobs"><a class="plain" href="#jobs"></a></caption>
		<thead>
		<tr>
			
			<th>Created</th>
			<th>Duration</th>
			<th>User</th>
			<th>Patch</th>
			<th>Repo</th>
			
			<th>Result</th>
		</tr>
		</thead>
		<tbody>
		
			<tr>
				
				<td class="time">2025/02/08 15:49</td>
				<td class="time" title="started: 2025/02/08 15:49&#013;finished: 2025/02/08 16:24">
					35m
				</td>
				<td>
					
						retest repro
					
				</td>
				<td></td>
				<td class="kernel" title="upstream"><a href="https://git.kernel.org/pub/scm/linux/kernel/git/torvalds/linux.git/commit/?id=8f6629c004b193d23612641c3607e785819e97ab">upstream</a></td>
				
				<td class="result">
					
						<a href="https://syzkaller.appspot.com/x/report.txt?x=14202b18580000">report</a>
					
					
					
						<a href="https://syzkaller.appspot.com/x/log.txt?x=10202b18580000">log</a>
					
					
					
				</td>
			</tr>
		
			<tr>
				
				<td class="time">2024/12/19 15:45</td>
				<td class="time" title="started: 2024/12/19 15:45&#013;finished: 2024/12/19 16:07">
					21m
				</td>
				<td>
					
						retest repro
					
				</td>
				<td></td>
				<td class="kernel" title="upstream"><a href="https://git.kernel.org/pub/scm/linux/kernel/git/torvalds/linux.git/commit/?id=eabcdba3ad4098460a376538df2ae36500223c1e">upstream</a></td>
				
				<td class="result">
					
						OK
						
					
					
					
						<a href="https://syzkaller.appspot.com/x/log.txt?x=13361f44580000">log</a>
					
					
					
				</td>
			</tr>
		
			<tr>
				
				<td class="time">2024/11/25 18:29</td>
				<td class="time" title="started: 2024/11/25 18:29&#013;finished: 2024/11/25 18:51">
					22m
				</td>
				<td>
					
						retest repro
					
				</td>
				<td></td>
				<td class="kernel" title="upstream"><a href="https://git.kernel.org/pub/scm/linux/kernel/git/torvalds/linux.git/commit/?id=9f16d5e6f220661f73b36a4be1b21575651d8833">upstream</a></td>
				
				<td class="result">
					
						<a href="https://syzkaller.appspot.com/x/report.txt?x=17bbdee8580000">report</a>
					
					
					
						<a href="https://syzkaller.appspot.com/x/log.txt?x=13bbdee8580000">log</a>
					
					
					
				</td>
			</tr>
		
			<tr>
				
				<td class="time">2024/07/20 06:09</td>
				<td class="time" title="started: 2024/07/20 06:09&#013;finished: 2024/07/20 06:32">
					22m
				</td>
				<td>
					
						retest repro
					
				</td>
				<td></td>
				<td class="kernel" title="upstream"><a href="https://git.kernel.org/pub/scm/linux/kernel/git/torvalds/linux.git/commit/?id=3c3ff7be9729959699eb6cbc7fd7303566d74069">upstream</a></td>
				
				<td class="result">
					
						<a href="https://syzkaller.appspot.com/x/report.txt?x=128f1179980000">report</a>
					
					
					
						<a href="https://syzkaller.appspot.com/x/log.txt?x=148f1179980000">log</a>
					
					
					
				</td>
			</tr>
		
			<tr>
				
				<td class="time">2024/05/11 00:12</td>
				<td class="time" title="started: 2024/05/11 00:12&#013;finished: 2024/05/11 00:36">
					23m
				</td>
				<td>
					
						retest repro
					
				</td>
				<td></td>
				<td class="kernel" title="upstream"><a href="https://git.kernel.org/pub/scm/linux/kernel/git/torvalds/linux.git/commit/?id=cf87f46fd34d6c19283d9625a7822f20d90b64a4">upstream</a></td>
				
				<td class="result">
					
						<a href="https://syzkaller.appspot.com/x/report.txt?x=13204420980000">report</a>
					
					
					
						<a href="https://syzkaller.appspot.com/x/log.txt?x=15204420980000">log</a>
					
					
					
				</td>
			</tr>
		
			<tr>
				
				<td class="time">2024/03/01 23:42</td>
				<td class="time" title="started: 2024/03/01 23:42&#013;finished: 2024/03/02 00:00">
					17m
				</td>
				<td>
					
						retest repro
					
				</td>
				<td></td>
				<td class="kernel" title="upstream"><a href="https://git.kernel.org/pub/scm/linux/kernel/git/torvalds/linux.git/commit/?id=d17468c6f1f49e6259698f6401b8d7a5b90eac68">upstream</a></td>
				
				<td class="result">
					
						<a href="https://syzkaller.appspot.com/x/report.txt?x=10a88a26180000">report</a>
					
					
					
						<a href="https://syzkaller.appspot.com/x/log.txt?x=17288a26180000">log</a>
					
					
					
				</td>
			</tr>
		
		</tbody>
	</table>


			
			
			
		</div>
	</div>
	
	<div class="collapsible collapsible-hide">
		<div class="head">
			<span class="show-icon">&#9654;</span>
			<span class="hide-icon">&#9660;</span>
			<span>Fix bisection attempts (2)</span>
		</div>
		<div class="content">
			
			

	<table class="list_table">
		<caption id="jobs"><a class="plain" href="#jobs"></a></caption>
		<thead>
		<tr>
			
			<th>Created</th>
			<th>Duration</th>
			<th>User</th>
			<th>Patch</th>
			<th>Repo</th>
			
			<th>Result</th>
		</tr>
		</thead>
		<tbody>
		
			<tr>
				
				<td class="time">2024/09/17 20:52</td>
				<td class="time" title="started: 2024/09/17 20:52&#013;finished: 2024/09/18 00:04">
					3h11m
				</td>
				<td>
					
						bisect fix
					
				</td>
				<td></td>
				<td class="kernel" title="upstream"><a href="https://git.kernel.org/pub/scm/linux/kernel/git/torvalds/linux.git/commit/?id=4f5e5092fdbf5cec6bedc19fbe69cce4f5f08372">upstream</a></td>
				
				<td class="result">
					
						OK
						
							(0)
						
					
					
						<a href="https://syzkaller.appspot.com/x/bisect.txt?x=1766469f980000">job log</a>
					
					
						<a href="https://syzkaller.appspot.com/x/log.txt?x=10e6469f980000">log</a>
					
					
					
				</td>
			</tr>
		
			<tr>
				
				<td class="time">2024/08/18 10:05</td>
				<td class="time" title="started: 2024/08/18 10:05&#013;finished: 2024/08/18 12:32">
					2h26m
				</td>
				<td>
					
						bisect fix
					
				</td>
				<td></td>
				<td class="kernel" title="upstream"><a href="https://git.kernel.org/pub/scm/linux/kernel/git/torvalds/linux.git/commit/?id=4f5e5092fdbf5cec6bedc19fbe69cce4f5f08372">upstream</a></td>
				
				<td class="result">
					
						OK
						
							(0)
						
					
					
						<a href="https://syzkaller.appspot.com/x/bisect.txt?x=117aacfd980000">job log</a>
					
					
						<a href="https://syzkaller.appspot.com/x/log.txt?x=157aacfd980000">log</a>
					
					
					
				</td>
			</tr>
		
		</tbody>
	</table>


			
			
			
		</div>
	</div>
	

	
	<br><b>Sample crash report:</b><br>
	<div id="crash_div"><pre>rcu: INFO: rcu_preempt detected stalls on CPUs/tasks:
rcu: 	1-....: (283 ticks this GP) idle=f034/1/0x4000000000000000 softirq=14304/14304 fqs=826
rcu: 	         hardirqs   softirqs   csw/system
rcu: 	 number:       10          0            0
rcu: 	cputime:        3      52317           19   ==&gt; 52320(ms)
rcu: 	(detected by 0, t=10505 jiffies, g=7969, q=490 ncpus=2)
Sending NMI from CPU 0 to CPUs 1:
NMI backtrace for cpu 1
CPU: 1 UID: 0 PID: 5189 Comm: klogd Not tainted 6.12.0-rc6-syzkaller-00110-gff7afaeca1a1 #0
Hardware name: Google Google Compute Engine/Google Compute Engine, BIOS Google 09/13/2024
RIP: 0010:io_serial_out+0x8f/0xb0 <a href='https://git.kernel.org/pub/scm/linux/kernel/git/torvalds/linux.git/tree/drivers/tty/serial/8250/8250_port.c?id=ff7afaeca1a15fbeaa2c4795ee806c0667bd77b2#n413'>drivers/tty/serial/8250/8250_port.c:413</a>
Code: 48 8d 7d 40 44 89 e1 48 b8 00 00 00 00 00 fc ff df 48 89 fa d3 e3 48 c1 ea 03 80 3c 02 00 75 1c 66 03 5d 40 44 89 e8 89 da ee &lt;5b&gt; 5d 41 5c 41 5d c3 cc cc cc cc e8 11 7a e3 fc eb a0 e8 9a 7a e3
RSP: 0018:ffffc90000a182b8 EFLAGS: 00000006
RAX: 0000000000000000 RBX: 00000000000003f9 RCX: 0000000000000000
RDX: 00000000000003f9 RSI: ffffffff850b8a85 RDI: ffffffff9aaeac40
RBP: ffffffff9aaeac00 R08: 0000000000000001 R09: 000000000000001f
R10: 0000000000000000 R11: 0000000000000000 R12: 0000000000000000
R13: 0000000000000000 R14: ffffffff9aaeac50 R15: 00000000000001f5
FS:  00007f8cf22ef500(0000) GS:ffff8880b8700000(0000) knlGS:0000000000000000
CS:  0010 DS: 0000 ES: 0000 CR0: 0000000080050033
CR2: 00007f68a008f0f0 CR3: 000000003486e000 CR4: 00000000003526f0
DR0: 0000000000000000 DR1: 0000000000000000 DR2: 0000000000000000
DR3: 0000000000000000 DR6: 00000000fffe0ff0 DR7: 0000000000000400
Call Trace:
 &lt;NMI&gt;
 &lt;/NMI&gt;
 &lt;IRQ&gt;
 serial_out <a href='https://git.kernel.org/pub/scm/linux/kernel/git/torvalds/linux.git/tree/drivers/tty/serial/8250/8250.h?id=ff7afaeca1a15fbeaa2c4795ee806c0667bd77b2#n142'>drivers/tty/serial/8250/8250.h:142</a> [inline]
 serial8250_clear_IER+0x9b/0xc0 <a href='https://git.kernel.org/pub/scm/linux/kernel/git/torvalds/linux.git/tree/drivers/tty/serial/8250/8250_port.c?id=ff7afaeca1a15fbeaa2c4795ee806c0667bd77b2#n699'>drivers/tty/serial/8250/8250_port.c:699</a>
 serial8250_console_write+0x243/0x17c0 <a href='https://git.kernel.org/pub/scm/linux/kernel/git/torvalds/linux.git/tree/drivers/tty/serial/8250/8250_port.c?id=ff7afaeca1a15fbeaa2c4795ee806c0667bd77b2#n3358'>drivers/tty/serial/8250/8250_port.c:3358</a>
 console_emit_next_record <a href='https://git.kernel.org/pub/scm/linux/kernel/git/torvalds/linux.git/tree/kernel/printk/printk.c?id=ff7afaeca1a15fbeaa2c4795ee806c0667bd77b2#n3092'>kernel/printk/printk.c:3092</a> [inline]
 console_flush_all+0x800/0xc60 <a href='https://git.kernel.org/pub/scm/linux/kernel/git/torvalds/linux.git/tree/kernel/printk/printk.c?id=ff7afaeca1a15fbeaa2c4795ee806c0667bd77b2#n3180'>kernel/printk/printk.c:3180</a>
 __console_flush_and_unlock <a href='https://git.kernel.org/pub/scm/linux/kernel/git/torvalds/linux.git/tree/kernel/printk/printk.c?id=ff7afaeca1a15fbeaa2c4795ee806c0667bd77b2#n3239'>kernel/printk/printk.c:3239</a> [inline]
 console_unlock+0xd9/0x210 <a href='https://git.kernel.org/pub/scm/linux/kernel/git/torvalds/linux.git/tree/kernel/printk/printk.c?id=ff7afaeca1a15fbeaa2c4795ee806c0667bd77b2#n3279'>kernel/printk/printk.c:3279</a>
 vprintk_emit+0x424/0x6f0 <a href='https://git.kernel.org/pub/scm/linux/kernel/git/torvalds/linux.git/tree/kernel/printk/printk.c?id=ff7afaeca1a15fbeaa2c4795ee806c0667bd77b2#n2407'>kernel/printk/printk.c:2407</a>
 vprintk+0x7f/0xa0 <a href='https://git.kernel.org/pub/scm/linux/kernel/git/torvalds/linux.git/tree/kernel/printk/printk_safe.c?id=ff7afaeca1a15fbeaa2c4795ee806c0667bd77b2#n68'>kernel/printk/printk_safe.c:68</a>
 _printk+0xc8/0x100 <a href='https://git.kernel.org/pub/scm/linux/kernel/git/torvalds/linux.git/tree/kernel/printk/printk.c?id=ff7afaeca1a15fbeaa2c4795ee806c0667bd77b2#n2432'>kernel/printk/printk.c:2432</a>
 show_free_areas+0xc71/0x21e0 <a href='https://git.kernel.org/pub/scm/linux/kernel/git/torvalds/linux.git/tree/mm/show_mem.c?id=ff7afaeca1a15fbeaa2c4795ee806c0667bd77b2#n238'>mm/show_mem.c:238</a>
 __show_mem+0x34/0x150 <a href='https://git.kernel.org/pub/scm/linux/kernel/git/torvalds/linux.git/tree/mm/show_mem.c?id=ff7afaeca1a15fbeaa2c4795ee806c0667bd77b2#n406'>mm/show_mem.c:406</a>
 k_spec <a href='https://git.kernel.org/pub/scm/linux/kernel/git/torvalds/linux.git/tree/drivers/tty/vt/keyboard.c?id=ff7afaeca1a15fbeaa2c4795ee806c0667bd77b2#n667'>drivers/tty/vt/keyboard.c:667</a> [inline]
 k_spec+0xed/0x150 <a href='https://git.kernel.org/pub/scm/linux/kernel/git/torvalds/linux.git/tree/drivers/tty/vt/keyboard.c?id=ff7afaeca1a15fbeaa2c4795ee806c0667bd77b2#n656'>drivers/tty/vt/keyboard.c:656</a>
 kbd_keycode <a href='https://git.kernel.org/pub/scm/linux/kernel/git/torvalds/linux.git/tree/drivers/tty/vt/keyboard.c?id=ff7afaeca1a15fbeaa2c4795ee806c0667bd77b2#n1522'>drivers/tty/vt/keyboard.c:1522</a> [inline]
 kbd_event+0xcbd/0x17a0 <a href='https://git.kernel.org/pub/scm/linux/kernel/git/torvalds/linux.git/tree/drivers/tty/vt/keyboard.c?id=ff7afaeca1a15fbeaa2c4795ee806c0667bd77b2#n1541'>drivers/tty/vt/keyboard.c:1541</a>
 input_handle_events_default+0x116/0x1b0 <a href='https://git.kernel.org/pub/scm/linux/kernel/git/torvalds/linux.git/tree/drivers/input/input.c?id=ff7afaeca1a15fbeaa2c4795ee806c0667bd77b2#n2641'>drivers/input/input.c:2641</a>
 input_pass_values+0x738/0x880 <a href='https://git.kernel.org/pub/scm/linux/kernel/git/torvalds/linux.git/tree/drivers/input/input.c?id=ff7afaeca1a15fbeaa2c4795ee806c0667bd77b2#n126'>drivers/input/input.c:126</a>
 input_event_dispose <a href='https://git.kernel.org/pub/scm/linux/kernel/git/torvalds/linux.git/tree/drivers/input/input.c?id=ff7afaeca1a15fbeaa2c4795ee806c0667bd77b2#n341'>drivers/input/input.c:341</a> [inline]
 input_handle_event+0xf0b/0x14d0 <a href='https://git.kernel.org/pub/scm/linux/kernel/git/torvalds/linux.git/tree/drivers/input/input.c?id=ff7afaeca1a15fbeaa2c4795ee806c0667bd77b2#n369'>drivers/input/input.c:369</a>
 input_repeat_key+0x251/0x340 <a href='https://git.kernel.org/pub/scm/linux/kernel/git/torvalds/linux.git/tree/drivers/input/input.c?id=ff7afaeca1a15fbeaa2c4795ee806c0667bd77b2#n2316'>drivers/input/input.c:2316</a>
 call_timer_fn+0x1a0/0x610 <a href='https://git.kernel.org/pub/scm/linux/kernel/git/torvalds/linux.git/tree/kernel/time/timer.c?id=ff7afaeca1a15fbeaa2c4795ee806c0667bd77b2#n1794'>kernel/time/timer.c:1794</a>
 expire_timers <a href='https://git.kernel.org/pub/scm/linux/kernel/git/torvalds/linux.git/tree/kernel/time/timer.c?id=ff7afaeca1a15fbeaa2c4795ee806c0667bd77b2#n1845'>kernel/time/timer.c:1845</a> [inline]
 __run_timers+0x6e8/0x930 <a href='https://git.kernel.org/pub/scm/linux/kernel/git/torvalds/linux.git/tree/kernel/time/timer.c?id=ff7afaeca1a15fbeaa2c4795ee806c0667bd77b2#n2419'>kernel/time/timer.c:2419</a>
 __run_timer_base <a href='https://git.kernel.org/pub/scm/linux/kernel/git/torvalds/linux.git/tree/kernel/time/timer.c?id=ff7afaeca1a15fbeaa2c4795ee806c0667bd77b2#n2430'>kernel/time/timer.c:2430</a> [inline]
 __run_timer_base <a href='https://git.kernel.org/pub/scm/linux/kernel/git/torvalds/linux.git/tree/kernel/time/timer.c?id=ff7afaeca1a15fbeaa2c4795ee806c0667bd77b2#n2423'>kernel/time/timer.c:2423</a> [inline]
 run_timer_base+0x111/0x190 <a href='https://git.kernel.org/pub/scm/linux/kernel/git/torvalds/linux.git/tree/kernel/time/timer.c?id=ff7afaeca1a15fbeaa2c4795ee806c0667bd77b2#n2439'>kernel/time/timer.c:2439</a>
 run_timer_softirq+0x1a/0x40 <a href='https://git.kernel.org/pub/scm/linux/kernel/git/torvalds/linux.git/tree/kernel/time/timer.c?id=ff7afaeca1a15fbeaa2c4795ee806c0667bd77b2#n2449'>kernel/time/timer.c:2449</a>
 handle_softirqs+0x213/0x8f0 <a href='https://git.kernel.org/pub/scm/linux/kernel/git/torvalds/linux.git/tree/kernel/softirq.c?id=ff7afaeca1a15fbeaa2c4795ee806c0667bd77b2#n554'>kernel/softirq.c:554</a>
 __do_softirq <a href='https://git.kernel.org/pub/scm/linux/kernel/git/torvalds/linux.git/tree/kernel/softirq.c?id=ff7afaeca1a15fbeaa2c4795ee806c0667bd77b2#n588'>kernel/softirq.c:588</a> [inline]
 invoke_softirq <a href='https://git.kernel.org/pub/scm/linux/kernel/git/torvalds/linux.git/tree/kernel/softirq.c?id=ff7afaeca1a15fbeaa2c4795ee806c0667bd77b2#n428'>kernel/softirq.c:428</a> [inline]
 __irq_exit_rcu <a href='https://git.kernel.org/pub/scm/linux/kernel/git/torvalds/linux.git/tree/kernel/softirq.c?id=ff7afaeca1a15fbeaa2c4795ee806c0667bd77b2#n637'>kernel/softirq.c:637</a> [inline]
 irq_exit_rcu+0xbb/0x120 <a href='https://git.kernel.org/pub/scm/linux/kernel/git/torvalds/linux.git/tree/kernel/softirq.c?id=ff7afaeca1a15fbeaa2c4795ee806c0667bd77b2#n649'>kernel/softirq.c:649</a>
 instr_sysvec_apic_timer_interrupt <a href='https://git.kernel.org/pub/scm/linux/kernel/git/torvalds/linux.git/tree/arch/x86/kernel/apic/apic.c?id=ff7afaeca1a15fbeaa2c4795ee806c0667bd77b2#n1049'>arch/x86/kernel/apic/apic.c:1049</a> [inline]
 sysvec_apic_timer_interrupt+0xa4/0xc0 <a href='https://git.kernel.org/pub/scm/linux/kernel/git/torvalds/linux.git/tree/arch/x86/kernel/apic/apic.c?id=ff7afaeca1a15fbeaa2c4795ee806c0667bd77b2#n1049'>arch/x86/kernel/apic/apic.c:1049</a>
 &lt;/IRQ&gt;
 &lt;TASK&gt;
 asm_sysvec_apic_timer_interrupt+0x1a/0x20 <a href='https://git.kernel.org/pub/scm/linux/kernel/git/torvalds/linux.git/tree/arch/x86/include/asm/idtentry.h?id=ff7afaeca1a15fbeaa2c4795ee806c0667bd77b2#n702'>arch/x86/include/asm/idtentry.h:702</a>
RIP: 0010:preempt_count <a href='https://git.kernel.org/pub/scm/linux/kernel/git/torvalds/linux.git/tree/arch/x86/include/asm/preempt.h?id=ff7afaeca1a15fbeaa2c4795ee806c0667bd77b2#n26'>arch/x86/include/asm/preempt.h:26</a> [inline]
RIP: 0010:check_kcov_mode <a href='https://git.kernel.org/pub/scm/linux/kernel/git/torvalds/linux.git/tree/kernel/kcov.c?id=ff7afaeca1a15fbeaa2c4795ee806c0667bd77b2#n183'>kernel/kcov.c:183</a> [inline]
RIP: 0010:write_comp_data+0x11/0x90 <a href='https://git.kernel.org/pub/scm/linux/kernel/git/torvalds/linux.git/tree/kernel/kcov.c?id=ff7afaeca1a15fbeaa2c4795ee806c0667bd77b2#n246'>kernel/kcov.c:246</a>
Code: cc cc cc cc 0f 1f 44 00 00 90 90 90 90 90 90 90 90 90 90 90 90 90 90 90 90 49 89 d2 49 89 f8 49 89 f1 65 48 8b 15 df 5f 76 7e &lt;65&gt; 8b 05 e0 5f 76 7e a9 00 01 ff 00 74 1d f6 c4 01 74 67 a9 00 00
RSP: 0018:ffffc900039577e8 EFLAGS: 00000206
RAX: 0000000000000000 RBX: 0000000000000009 RCX: ffffffff8b149042
RDX: ffff88807b378000 RSI: 0000000000000075 RDI: 0000000000000001
RBP: ffffffff8cccedc0 R08: 0000000000000001 R09: 0000000000000075
R10: 0000000000000063 R11: 0000000000043998 R12: 0000000000000063
R13: 0000000000000001 R14: 000000000000000a R15: 0000000000000033
 __sanitizer_cov_trace_switch+0x54/0x90 <a href='https://git.kernel.org/pub/scm/linux/kernel/git/torvalds/linux.git/tree/kernel/kcov.c?id=ff7afaeca1a15fbeaa2c4795ee806c0667bd77b2#n351'>kernel/kcov.c:351</a>
 format_decode+0x472/0xba0 <a href='https://git.kernel.org/pub/scm/linux/kernel/git/torvalds/linux.git/tree/lib/vsprintf.c?id=ff7afaeca1a15fbeaa2c4795ee806c0667bd77b2#n2613'>lib/vsprintf.c:2613</a>
 vsnprintf+0x13d/0x1880 <a href='https://git.kernel.org/pub/scm/linux/kernel/git/torvalds/linux.git/tree/lib/vsprintf.c?id=ff7afaeca1a15fbeaa2c4795ee806c0667bd77b2#n2755'>lib/vsprintf.c:2755</a>
 snprintf+0xc8/0x100 <a href='https://git.kernel.org/pub/scm/linux/kernel/git/torvalds/linux.git/tree/lib/vsprintf.c?id=ff7afaeca1a15fbeaa2c4795ee806c0667bd77b2#n2938'>lib/vsprintf.c:2938</a>
 print_caller <a href='https://git.kernel.org/pub/scm/linux/kernel/git/torvalds/linux.git/tree/kernel/printk/printk.c?id=ff7afaeca1a15fbeaa2c4795ee806c0667bd77b2#n1371'>kernel/printk/printk.c:1371</a> [inline]
 info_print_prefix+0x135/0x350 <a href='https://git.kernel.org/pub/scm/linux/kernel/git/torvalds/linux.git/tree/kernel/printk/printk.c?id=ff7afaeca1a15fbeaa2c4795ee806c0667bd77b2#n1390'>kernel/printk/printk.c:1390</a>
 record_print_text+0x141/0x400 <a href='https://git.kernel.org/pub/scm/linux/kernel/git/torvalds/linux.git/tree/kernel/printk/printk.c?id=ff7afaeca1a15fbeaa2c4795ee806c0667bd77b2#n1437'>kernel/printk/printk.c:1437</a>
 syslog_print+0x4e9/0x5d0 <a href='https://git.kernel.org/pub/scm/linux/kernel/git/torvalds/linux.git/tree/kernel/printk/printk.c?id=ff7afaeca1a15fbeaa2c4795ee806c0667bd77b2#n1648'>kernel/printk/printk.c:1648</a>
 do_syslog+0x3e1/0x6c0 <a href='https://git.kernel.org/pub/scm/linux/kernel/git/torvalds/linux.git/tree/kernel/printk/printk.c?id=ff7afaeca1a15fbeaa2c4795ee806c0667bd77b2#n1766'>kernel/printk/printk.c:1766</a>
 __do_sys_syslog <a href='https://git.kernel.org/pub/scm/linux/kernel/git/torvalds/linux.git/tree/kernel/printk/printk.c?id=ff7afaeca1a15fbeaa2c4795ee806c0667bd77b2#n1858'>kernel/printk/printk.c:1858</a> [inline]
 __se_sys_syslog <a href='https://git.kernel.org/pub/scm/linux/kernel/git/torvalds/linux.git/tree/kernel/printk/printk.c?id=ff7afaeca1a15fbeaa2c4795ee806c0667bd77b2#n1856'>kernel/printk/printk.c:1856</a> [inline]
 __x64_sys_syslog+0x74/0xb0 <a href='https://git.kernel.org/pub/scm/linux/kernel/git/torvalds/linux.git/tree/kernel/printk/printk.c?id=ff7afaeca1a15fbeaa2c4795ee806c0667bd77b2#n1856'>kernel/printk/printk.c:1856</a>
 do_syscall_x64 <a href='https://git.kernel.org/pub/scm/linux/kernel/git/torvalds/linux.git/tree/arch/x86/entry/common.c?id=ff7afaeca1a15fbeaa2c4795ee806c0667bd77b2#n52'>arch/x86/entry/common.c:52</a> [inline]
 do_syscall_64+0xcd/0x250 <a href='https://git.kernel.org/pub/scm/linux/kernel/git/torvalds/linux.git/tree/arch/x86/entry/common.c?id=ff7afaeca1a15fbeaa2c4795ee806c0667bd77b2#n83'>arch/x86/entry/common.c:83</a>
 entry_SYSCALL_64_after_hwframe+0x77/0x7f
RIP: 0033:0x7f8cf2450fa7
Code: 73 01 c3 48 8b 0d 81 ce 0c 00 f7 d8 64 89 01 48 83 c8 ff c3 66 2e 0f 1f 84 00 00 00 00 00 0f 1f 44 00 00 b8 67 00 00 00 0f 05 &lt;48&gt; 3d 01 f0 ff ff 73 01 c3 48 8b 0d 51 ce 0c 00 f7 d8 64 89 01 48
RSP: 002b:00007ffc0cce15b8 EFLAGS: 00000206 ORIG_RAX: 0000000000000067
RAX: ffffffffffffffda RBX: 00007f8cf25ef4a0 RCX: 00007f8cf2450fa7
RDX: 00000000000003ff RSI: 00007f8cf25ef4a0 RDI: 0000000000000002
RBP: 0000000000000000 R08: 0000000000000007 R09: aa3b10ba0bb0e37f
R10: 0000000000004000 R11: 0000000000000206 R12: 00007f8cf25ef4a0
R13: 00007f8cf25df212 R14: 00007f8cf25ef6f6 R15: 00007f8cf25ef6f6
 &lt;/TASK&gt;
Node 0 DMA free:15360kB boost:0kB min:208kB low:260kB high:312kB reserved_highatomic:0KB active_anon:0kB inactive_anon:0kB active_file:0kB inactive_file:0kB unevictable:0kB writepending:0kB present:15992kB managed:15360kB mlocked:0kB bounce:0kB free_pcp:0kB local_pcp:0kB free_cma:0kB
lowmem_reserve[]: 0 2461 2461 0 0
Node 0 DMA32 free:1849620kB boost:0kB min:34168kB low:42708kB high:51248kB reserved_highatomic:0KB active_anon:19472kB inactive_anon:0kB active_file:0kB inactive_file:90908kB unevictable:1536kB writepending:0kB present:3129332kB managed:2549172kB mlocked:0kB bounce:0kB free_pcp:1208kB local_pcp:680kB free_cma:0kB
lowmem_reserve[]: 0 0 0 0 0
Node 0 Normal free:4kB boost:0kB min:4kB low:4kB high:4kB reserved_highatomic:0KB active_anon:32kB inactive_anon:0kB active_file:0kB inactive_file:308kB unevictable:0kB writepending:0kB present:1048580kB managed:364kB mlocked:0kB bounce:0kB free_pcp:20kB local_pcp:8kB free_cma:0kB
lowmem_reserve[]: 0 0 0 0 0
Node 1 Normal free:3906908kB boost:0kB min:55728kB low:69660kB high:83592kB reserved_highatomic:0KB active_anon:0kB inactive_anon:0kB active_file:0kB inactive_file:80kB unevictable:1536kB writepending:0kB present:4194300kB managed:4111164kB mlocked:0kB bounce:0kB free_pcp:0kB local_pcp:0kB free_cma:0kB
lowmem_reserve[]: 0 0 0 0 0
Node 0 DMA: 0*4kB 0*8kB 0*16kB 0*32kB 0*64kB 0*128kB 0*256kB 0*512kB 1*1024kB (U) 1*2048kB (M) 3*4096kB (M) = 15360kB
Node 0 DMA32: 717*4kB (UME) 1034*8kB (UE) 413*16kB (UE) 5*32kB (UE) 21*64kB (UME) 5*128kB (UME) 3*256kB (ME) 2*512kB (UE) 1*1024kB (M) 2*2048kB (UM) 445*4096kB (M) = 1849524kB
Node 0 Normal: 1*4kB (M) 0*8kB 0*16kB 0*32kB 0*64kB 0*128kB 0*256kB 0*512kB 0*1024kB 0*2048kB 0*4096kB = 4kB
Node 1 Normal: 241*4kB (UME) 57*8kB (UME) 41*16kB (UME) 238*32kB (UME) 90*64kB (UME) 28*128kB (UE) 17*256kB (UME) 9*512kB (UM) 8*1024kB (UME) 6*2048kB (UE) 942*4096kB (M) = 3906908kB
Node 0 hugepages_total=0 hugepages_free=0 hugepages_surp=0 hugepages_size=1048576kB
Node 0 hugepages_total=2 hugepages_free=2 hugepages_surp=0 hugepages_size=2048kB
Node 1 hugepages_total=0 hugepages_free=0 hugepages_surp=0 hugepages_size=1048576kB
Node 1 hugepages_total=2 hugepages_free=2 hugepages_surp=0 hugepages_size=2048kB
24234 total pagecache pages
0 pages in swap cache
Free swap  = 0kB
Total swap = 0kB
2097051 pages RAM
0 pages HighMem/MovableOnly
428036 pages reserved
0 pages cma reserved
sched: DL replenish lagged too much
Mem-Info:
active_anon:4876 inactive_anon:0 isolated_anon:0
 active_file:0 inactive_file:22824 isolated_file:0
 unevictable:768 dirty:0 writeback:0
 slab_reclaimable:10780 slab_unreclaimable:82857
 mapped:2166 shmem:1410 pagetables:599
 sec_pagetables:0 bounce:0
 kernel_misc_reclaimable:0
 free:1442973 free_pcp:307 free_cma:0
Node 0 active_anon:19504kB inactive_anon:0kB active_file:0kB inactive_file:91216kB unevictable:1536kB isolated(anon):0kB isolated(file):0kB mapped:8664kB dirty:0kB writeback:0kB shmem:4104kB shmem_thp:0kB shmem_pmdmapped:0kB anon_thp:0kB writeback_tmp:0kB kernel_stack:9776kB pagetables:2396kB sec_pagetables:0kB all_unreclaimable? no
Node 1 active_anon:0kB inactive_anon:0kB active_file:0kB inactive_file:80kB unevictable:1536kB isolated(anon):0kB isolated(file):0kB mapped:0kB dirty:0kB writeback:0kB shmem:1536kB shmem_thp:0kB shmem_pmdmapped:0kB anon_thp:0kB writeback_tmp:0kB kernel_stack:16kB pagetables:0kB sec_pagetables:0kB all_unreclaimable? no
Node 0 DMA free:15360kB boost:0kB min:208kB low:260kB high:312kB reserved_highatomic:0KB active_anon:0kB inactive_anon:0kB active_file:0kB inactive_file:0kB unevictable:0kB writepending:0kB present:15992kB managed:15360kB mlocked:0kB bounce:0kB free_pcp:0kB local_pcp:0kB free_cma:0kB
lowmem_reserve[]: 0 2461 2461 0 0
Node 0 DMA32 free:1849620kB boost:0kB min:34168kB low:42708kB high:51248kB reserved_highatomic:0KB active_anon:19472kB inactive_anon:0kB active_file:0kB inactive_file:90908kB unevictable:1536kB writepending:0kB present:3129332kB managed:2549172kB mlocked:0kB bounce:0kB free_pcp:1208kB local_pcp:680kB free_cma:0kB
lowmem_reserve[]: 0 0 0 0 0
Node 0 Normal free:4kB boost:0kB min:4kB low:4kB high:4kB reserved_highatomic:0KB active_anon:32kB inactive_anon:0kB active_file:0kB inactive_file:308kB unevictable:0kB writepending:0kB present:1048580kB managed:364kB mlocked:0kB bounce:0kB free_pcp:20kB local_pcp:8kB free_cma:0kB
lowmem_reserve[]: 0 0 0 0 0
Node 1 Normal free:3906908kB boost:0kB min:55728kB low:69660kB high:83592kB reserved_highatomic:0KB active_anon:0kB inactive_anon:0kB active_file:0kB inactive_file:80kB unevictable:1536kB writepending:0kB present:4194300kB managed:4111164kB mlocked:0kB bounce:0kB free_pcp:0kB local_pcp:0kB free_cma:0kB
lowmem_reserve[]: 0 0 0 0 0
Node 0 DMA: 0*4kB 0*8kB 0*16kB 0*32kB 0*64kB 0*128kB 0*256kB 0*512kB 1*1024kB (U) 1*2048kB (M) 3*4096kB (M) = 15360kB
Node 0 DMA32: 717*4kB (UME) 1034*8kB (UE) 413*16kB (UE) 5*32kB (UE) 21*64kB (UME) 5*128kB (UME) 3*256kB (ME) 2*512kB (UE) 1*1024kB (M) 2*2048kB (UM) 445*4096kB (M) = 1849524kB
Node 0 Normal: 1*4kB (M) 0*8kB 0*16kB 0*32kB 0*64kB 0*128kB 0*256kB 0*512kB 0*1024kB 0*2048kB 0*4096kB = 4kB
Node 1 Normal: 241*4kB (UME) 57*8kB (UME) 41*16kB (UME) 238*32kB (UME) 90*64kB (UME) 28*128kB (UE) 17*256kB (UME) 9*512kB (UM) 8*1024kB (UME) 6*2048kB (UE) 942*4096kB (M) = 3906908kB
Node 0 hugepages_total=0 hugepages_free=0 hugepages_surp=0 hugepages_size=1048576kB
Node 0 hugepages_total=2 hugepages_free=2 hugepages_surp=0 hugepages_size=2048kB
Node 1 hugepages_total=0 hugepages_free=0 hugepages_surp=0 hugepages_size=1048576kB
Node 1 hugepages_total=2 hugepages_free=2 hugepages_surp=0 hugepages_size=2048kB
24234 total pagecache pages
0 pages in swap cache
Free swap  = 0kB
Total swap = 0kB
2097051 pages RAM
0 pages HighMem/MovableOnly
428036 pages reserved
0 pages cma reserved
Mem-Info:
active_anon:4876 inactive_anon:0 isolated_anon:0
 active_file:0 inactive_file:22824 isolated_file:0
 unevictable:768 dirty:0 writeback:0
 slab_reclaimable:10780 slab_unreclaimable:82857
 mapped:2166 shmem:1410 pagetables:599
 sec_pagetables:0 bounce:0
 kernel_misc_reclaimable:0
 free:1442973 free_pcp:291 free_cma:0
Node 0 active_anon:19504kB inactive_anon:0kB active_file:0kB inactive_file:91216kB unevictable:1536kB isolated(anon):0kB isolated(file):0kB mapped:8664kB dirty:0kB writeback:0kB shmem:4104kB shmem_thp:0kB shmem_pmdmapped:0kB anon_thp:0kB writeback_tmp:0kB kernel_stack:9776kB pagetables:2396kB sec_pagetables:0kB all_unreclaimable? no
Node 1 active_anon:0kB inactive_anon:0kB active_file:0kB inactive_file:80kB unevictable:1536kB isolated(anon):0kB isolated(file):0kB mapped:0kB dirty:0kB writeback:0kB shmem:1536kB shmem_thp:0kB shmem_pmdmapped:0kB anon_thp:0kB writeback_tmp:0kB kernel_stack:16kB pagetables:0kB sec_pagetables:0kB all_unreclaimable? no
Node 0 DMA free:15360kB boost:0kB min:208kB low:260kB high:312kB reserved_highatomic:0KB active_anon:0kB inactive_anon:0kB active_file:0kB inactive_file:0kB unevictable:0kB writepending:0kB present:15992kB managed:15360kB mlocked:0kB bounce:0kB free_pcp:0kB local_pcp:0kB free_cma:0kB
lowmem_reserve[]: 0 2461 2461 0 0
Node 0 DMA32 free:1849620kB boost:0kB min:34168kB low:42708kB high:51248kB reserved_highatomic:0KB active_anon:19472kB inactive_anon:0kB active_file:0kB inactive_file:90908kB unevictable:1536kB writepending:0kB present:3129332kB managed:2549172kB mlocked:0kB bounce:0kB free_pcp:1144kB local_pcp:680kB free_cma:0kB
lowmem_reserve[]: 0 0 0 0 0
Node 0 Normal free:4kB boost:0kB min:4kB low:4kB high:4kB reserved_highatomic:0KB active_anon:32kB inactive_anon:0kB active_file:0kB inactive_file:308kB unevictable:0kB writepending:0kB present:1048580kB managed:364kB mlocked:0kB bounce:0kB free_pcp:20kB local_pcp:8kB free_cma:0kB
lowmem_reserve[]: 0 0 0 0 0
Node 1 Normal free:3906908kB boost:0kB min:55728kB low:69660kB high:83592kB reserved_highatomic:0KB active_anon:0kB inactive_anon:0kB active_file:0kB inactive_file:80kB unevictable:1536kB writepending:0kB present:4194300kB managed:4111164kB mlocked:0kB bounce:0kB free_pcp:0kB local_pcp:0kB free_cma:0kB
lowmem_reserve[]: 0 0 0 0 0
Node 0 DMA: 0*4kB 0*8kB 0*16kB 0*32kB 0*64kB 0*128kB 0*256kB 0*512kB 1*1024kB (U) 1*2048kB (M) 3*4096kB (M) = 15360kB
Node 0 DMA32: 717*4kB (UME) 1034*8kB (UE) 413*16kB (UE) 5*32kB (UE) 21*64kB (UME) 5*128kB (UME) 3*256kB (ME) 2*512kB (UE) 1*1024kB (M) 2*2048kB (UM) 445*4096kB (M) = 1849524kB
Node 0 Normal: 1*4kB (M) 0*8kB 0*16kB 0*32kB 0*64kB 0*128kB 0*256kB 0*512kB 0*1024kB 0*2048kB 0*4096kB = 4kB
Node 1 Normal: 241*4kB (UME) 57*8kB (UME) 41*16kB (UME) 238*32kB (UME) 90*64kB (UME) 28*128kB (UE) 17*256kB (UME) 9*512kB (UM) 8*1024kB (UME) 6*2048kB (UE) 942*4096kB (M) = 3906908kB
Node 0 hugepages_total=0 hugepages_free=0 hugepages_surp=0 hugepages_size=1048576kB
Node 0 hugepages_total=2 hugepages_free=2 hugepages_surp=0 hugepages_size=2048kB
Node 1 hugepages_total=0 hugepages_free=0 hugepages_surp=0 hugepages_size=1048576kB
Node 1 hugepages_total=2 hugepages_free=2 hugepages_surp=0 hugepages_size=2048kB
24234 total pagecache pages
0 pages in swap cache
Free swap  = 0kB
Total swap = 0kB
2097051 pages RAM
0 pages HighMem/MovableOnly
428036 pages reserved
0 pages cma reserved
Mem-Info:
active_anon:4876 inactive_anon:0 isolated_anon:0
 active_file:0 inactive_file:22824 isolated_file:0
 unevictable:768 dirty:0 writeback:0
 slab_reclaimable:10780 slab_unreclaimable:82857
 mapped:2166 shmem:1410 pagetables:599
 sec_pagetables:0 bounce:0
 kernel_misc_reclaimable:0
 free:1442973 free_pcp:291 free_cma:0
Node 0 active_anon:19504kB inactive_anon:0kB active_file:0kB inactive_file:91216kB unevictable:1536kB isolated(anon):0kB isolated(file):0kB mapped:8664kB dirty:0kB writeback:0kB shmem:4104kB shmem_thp:0kB shmem_pmdmapped:0kB anon_thp:0kB writeback_tmp:0kB kernel_stack:9776kB pagetables:2396kB sec_pagetables:0kB all_unreclaimable? no
Node 1 active_anon:0kB inactive_anon:0kB active_file:0kB inactive_file:80kB unevictable:1536kB isolated(anon):0kB isolated(file):0kB mapped:0kB dirty:0kB writeback:0kB shmem:1536kB shmem_thp:0kB shmem_pmdmapped:0kB anon_thp:0kB writeback_tmp:0kB kernel_stack:16kB pagetables:0kB sec_pagetables:0kB all_unreclaimable? no
Node 0 DMA free:15360kB boost:0kB min:208kB low:260kB high:312kB reserved_highatomic:0KB active_anon:0kB inactive_anon:0kB active_file:0kB inactive_file:0kB unevictable:0kB writepending:0kB present:15992kB managed:15360kB mlocked:0kB bounce:0kB free_pcp:0kB local_pcp:0kB free_cma:0kB
lowmem_reserve[]: 0 2461 2461 0 0
Node 0 DMA32 free:1849620kB boost:0kB min:34168kB low:42708kB high:51248kB reserved_highatomic:0KB active_anon:19472kB inactive_anon:0kB active_file:0kB inactive_file:90908kB unevictable:1536kB writepending:0kB present:3129332kB managed:2549172kB mlocked:0kB bounce:0kB free_pcp:1144kB local_pcp:680kB free_cma:0kB
lowmem_reserve[]: 0 0 0 0 0
Node 0 Normal free:4kB boost:0kB min:4kB low:4kB high:4kB reserved_highatomic:0KB active_anon:32kB inactive_anon:0kB active_file:0kB inactive_file:308kB unevictable:0kB writepending:0kB present:1048580kB managed:364kB mlocked:0kB bounce:0kB free_pcp:20kB local_pcp:8kB free_cma:0kB
lowmem_reserve[]: 0 0 0 0 0
Node 1 Normal free:3906908kB boost:0kB min:55728kB low:69660kB high:83592kB reserved_highatomic:0KB active_anon:0kB inactive_anon:0kB active_file:0kB inactive_file:80kB unevictable:1536kB writepending:0kB present:4194300kB managed:4111164kB mlocked:0kB bounce:0kB free_pcp:0kB local_pcp:0kB free_cma:0kB
lowmem_reserve[]: 0 0 0 0 0
Node 0 DMA: 0*4kB 0*8kB 0*16kB 0*32kB 0*64kB 0*128kB 0*256kB 0*512kB 1*1024kB (U) 1*2048kB (M) 3*4096kB (M) = 15360kB
Node 0 DMA32: 717*4kB (UME) 1034*8kB (UE) 413*16kB (UE) 5*32kB (UE) 21*64kB (UME) 5*128kB (UME) 3*256kB (ME) 2*512kB (UE) 1*1024kB (M) 2*2048kB (UM) 445*4096kB (M) = 1849524kB
Node 0 Normal: 1*4kB (M) 0*8kB 0*16kB 0*32kB 0*64kB 0*128kB 0*256kB 0*512kB 0*1024kB 0*2048kB 0*4096kB = 4kB
Node 1 Normal: 241*4kB (UME) 57*8kB (UME) 41*16kB (UME) 238*32kB (UME) 90*64kB (UME) 28*128kB (UE) 17*256kB (UME) 9*512kB (UM) 8*1024kB (UME) 6*2048kB (UE) 942*4096kB (M) = 3906908kB
Node 0 hugepages_total=0 hugepages_free=0 hugepages_surp=0 hugepages_size=1048576kB
Node 0 hugepages_total=2 hugepages_free=2 hugepages_surp=0 hugepages_size=2048kB
Node 1 hugepages_total=0 hugepages_free=0 hugepages_surp=0 hugepages_size=1048576kB
Node 1 hugepages_total=2 hugepages_free=2 hugepages_surp=0 hugepages_size=2048kB
24234 total pagecache pages
0 pages in swap cache
Free swap  = 0kB
Total swap = 0kB
2097051 pages RAM
0 pages HighMem/MovableOnly
428036 pages reserved
0 pages cma reserved
Mem-Info:
active_anon:4876 inactive_anon:0 isolated_anon:0
 active_file:0 inactive_file:22824 isolated_file:0
 unevictable:768 dirty:0 writeback:0
 slab_reclaimable:10780 slab_unreclaimable:82857
 mapped:2166 shmem:1410 pagetables:599
 sec_pagetables:0 bounce:0
 kernel_misc_reclaimable:0
 free:1442973 free_pcp:291 free_cma:0
Node 0 active_anon:19504kB inactive_anon:0kB active_file:0kB inactive_file:91216kB unevictable:1536kB isolated(anon):0kB isolated(file):0kB mapped:8664kB dirty:0kB writeback:0kB shmem:4104kB shmem_thp:0kB shmem_pmdmapped:0kB anon_thp:0kB writeback_tmp:0kB kernel_stack:9776kB pagetables:2396kB sec_pagetables:0kB all_unreclaimable? no
Node 1 active_anon:0kB inactive_anon:0kB active_file:0kB inactive_file:80kB unevictable:1536kB isolated(anon):0kB isolated(file):0kB mapped:0kB dirty:0kB writeback:0kB shmem:1536kB shmem_thp:0kB shmem_pmdmapped:0kB anon_thp:0kB writeback_tmp:0kB kernel_stack:16kB pagetables:0kB sec_pagetables:0kB all_unreclaimable? no
Node 0 DMA free:15360kB boost:0kB min:208kB low:260kB high:312kB reserved_highatomic:0KB active_anon:0kB inactive_anon:0kB active_file:0kB inactive_file:0kB unevictable:0kB writepending:0kB present:15992kB managed:15360kB mlocked:0kB bounce:0kB free_pcp:0kB local_pcp:0kB free_cma:0kB
lowmem_reserve[]: 0 2461 2461 0 0
Node 0 DMA32 free:1849620kB boost:0kB min:34168kB low:42708kB high:51248kB reserved_highatomic:0KB active_anon:19472kB inactive_anon:0kB active_file:0kB inactive_file:90908kB unevictable:1536kB writepending:0kB present:3129332kB managed:2549172kB mlocked:0kB bounce:0kB free_pcp:1144kB local_pcp:680kB free_cma:0kB
lowmem_reserve[]: 0 0 0 0 0
Node 0 Normal free:4kB boost:0kB min:4kB low:4kB high:4kB reserved_highatomic:0KB active_anon:32kB inactive_anon:0kB active_file:0kB inactive_file:308kB unevictable:0kB writepending:0kB present:1048580kB managed:364kB mlocked:0kB bounce:0kB free_pcp:20kB local_pcp:8kB free_cma:0kB
lowmem_reserve[]: 0 0 0 0 0
Node 1 Normal free:3906908kB boost:0kB min:55728kB low:69660kB high:83592kB reserved_highatomic:0KB active_anon:0kB inactive_anon:0kB active_file:0kB inactive_file:80kB unevictable:1536kB writepending:0kB present:4194300kB managed:4111164kB mlocked:0kB bounce:0kB free_pcp:0kB local_pcp:0kB free_cma:0kB
lowmem_reserve[]: 0 0 0 0 0
Node 0 DMA: 0*4kB 0*8kB 0*16kB 0*32kB 0*64kB 0*128kB 0*256kB 0*512kB 1*1024kB (U) 1*2048kB (M) 3*4096kB (M) = 15360kB
Node 0 DMA32: 717*4kB (UME) 1034*8kB (UE) 413*16kB (UE) 5*32kB (UE) 21*64kB (UME) 5*128kB (UME) 3*256kB (ME) 2*512kB (UE) 1*1024kB (M) 2*2048kB (UM) 445*4096kB (M) = 1849524kB
Node 0 Normal: 1*4kB (M) 0*8kB 0*16kB 0*32kB 0*64kB 0*128kB 0*256kB 0*512kB 0*1024kB 0*2048kB 0*4096kB = 4kB
Node 1 Normal: 241*4kB (UME) 57*8kB (UME) 41*16kB (UME) 238*32kB (UME) 90*64kB (UME) 28*128kB (UE) 17*256kB (UME) 9*512kB (UM) 8*1024kB (UME) 6*2048kB (UE) 942*4096kB (M) = 3906908kB
Node 0 hugepages_total=0 hugepages_free=0 hugepages_surp=0 hugepages_size=1048576kB
Node 0 hugepages_total=2 hugepages_free=2 hugepages_surp=0 hugepages_size=2048kB
Node 1 hugepages_total=0 hugepages_free=0 hugepages_surp=0 hugepages_size=1048576kB
Node 1 hugepages_total=2 hugepages_free=2 hugepages_surp=0 hugepages_size=2048kB
24234 total pagecache pages
0 pages in swap cache
Free swap  = 0kB
Total swap = 0kB
2097051 pages RAM
0 pages HighMem/MovableOnly
428036 pages reserved
0 pages cma reserved
Mem-Info:
active_anon:4876 inactive_anon:0 isolated_anon:0
 active_file:0 inactive_file:22824 isolated_file:0
 unevictable:768 dirty:0 writeback:0
 slab_reclaimable:10780 slab_unreclaimable:82857
 mapped:2166 shmem:1410 pagetables:599
 sec_pagetables:0 bounce:0
 kernel_misc_reclaimable:0
 free:1442973 free_pcp:291 free_cma:0
Node 0 active_anon:19504kB inactive_anon:0kB active_file:0kB inactive_file:91216kB unevictable:1536kB isolated(anon):0kB isolated(file):0kB mapped:8664kB dirty:0kB writeback:0kB shmem:4104kB shmem_thp:0kB shmem_pmdmapped:0kB anon_thp:0kB writeback_tmp:0kB kernel_stack:9776kB pagetables:2396kB sec_pagetables:0kB all_unreclaimable? no
Node 1 active_anon:0kB inactive_anon:0kB active_file:0kB inactive_file:80kB unevictable:1536kB isolated(anon):0kB isolated(file):0kB mapped:0kB dirty:0kB writeback:0kB shmem:1536kB shmem_thp:0kB shmem_pmdmapped:0kB anon_thp:0kB writeback_tmp:0kB kernel_stack:16kB pagetables:0kB sec_pagetables:0kB all_unreclaimable? no
Node 0 DMA free:15360kB boost:0kB min:208kB low:260kB high:312kB reserved_highatomic:0KB active_anon:0kB inactive_anon:0kB active_file:0kB inactive_file:0kB unevictable:0kB writepending:0kB present:15992kB managed:15360kB mlocked:0kB bounce:0kB free_pcp:0kB local_pcp:0kB free_cma:0kB
lowmem_reserve[]: 0 2461 2461 0 0
Node 0 DMA32 free:1849620kB boost:0kB min:34168kB low:42708kB high:51248kB reserved_highatomic:0KB active_anon:19472kB inactive_anon:0kB active_file:0kB inactive_file:90908kB unevictable:1536kB writepending:0kB present:3129332kB managed:2549172kB mlocked:0kB bounce:0kB free_pcp:1144kB local_pcp:680kB free_cma:0kB
lowmem_reserve[]: 0 0 0 0 0
Node 0 Normal free:4kB boost:0kB min:4kB low:4kB high:4kB reserved_highatomic:0KB active_anon:32kB inactive_anon:0kB active_file:0kB inactive_file:308kB unevictable:0kB writepending:0kB present:1048580kB managed:364kB mlocked:0kB bounce:0kB free_pcp:20kB local_pcp:8kB free_cma:0kB
lowmem_reserve[]: 0 0 0 0 0
Node 1 Normal free:3906908kB boost:0kB min:55728kB low:69660kB high:83592kB reserved_highatomic:0KB active_anon:0kB inactive_anon:0kB active_file:0kB inactive_file:80kB unevictable:1536kB writepending:0kB present:4194300kB managed:4111164kB mlocked:0kB bounce:0kB free_pcp:0kB local_pcp:0kB free_cma:0kB
lowmem_reserve[]: 0 0 0 0 0
Node 0 DMA: 0*4kB 0*8kB 0*16kB 0*32kB 0*64kB 0*128kB 0*256kB 0*512kB 1*1024kB (U) 1*2048kB (M) 3*4096kB (M) = 15360kB
Node 0 DMA32: 717*4kB (UME) 1034*8kB (UE) 413*16kB (UE) 5*32kB (UE) 21*64kB (UME) 5*128kB (UME) 3*256kB (ME) 2*512kB (UE) 1*1024kB (M) 2*2048kB (UM) 445*4096kB (M) = 1849524kB
Node 0 Normal: 1*4kB (M) 0*8kB 0*16kB 0*32kB 0*64kB 0*128kB 0*256kB 0*512kB 0*1024kB 0*2048kB 0*4096kB = 4kB
Node 1 Normal: 241*4kB (UME) 57*8kB (UME) 41*16kB (UME) 238*32kB (UME) 90*64kB (UME) 28*128kB (UE) 17*256kB (UME) 9*512kB (UM) 8*1024kB (UME) 6*2048kB (UE) 942*4096kB (M) = 3906908kB
Node 0 hugepages_total=0 hugepages_free=0 hugepages_surp=0 hugepages_size=1048576kB
Node 0 hugepages_total=2 hugepages_free=2 hugepages_surp=0 hugepages_size=2048kB
Node 1 hugepages_total=0 hugepages_free=0 hugepages_surp=0 hugepages_size=1048576kB
Node 1 hugepages_total=2 hugepages_free=2 hugepages_surp=0 hugepages_size=2048kB
24234 total pagecache pages
0 pages in swap cache
Free swap  = 0kB
Total swap = 0kB
2097051 pages RAM
0 pages HighMem/MovableOnly
428036 pages reserved
0 pages cma reserved
Mem-Info:
active_anon:4876 inactive_anon:0 isolated_anon:0
 active_file:0 inactive_file:22824 isolated_file:0
 unevictable:768 dirty:0 writeback:0
 slab_reclaimable:10780 slab_unreclaimable:82873
 mapped:2166 shmem:1410 pagetables:599
 sec_pagetables:0 bounce:0
 kernel_misc_reclaimable:0
 free:1442973 free_pcp:291 free_cma:0
Node 0 active_anon:19504kB inactive_anon:0kB active_file:0kB inactive_file:91216kB unevictable:1536kB isolated(anon):0kB isolated(file):0kB mapped:8664kB dirty:0kB writeback:0kB shmem:4104kB shmem_thp:0kB shmem_pmdmapped:0kB anon_thp:0kB writeback_tmp:0kB kernel_stack:9776kB pagetables:2396kB sec_pagetables:0kB all_unreclaimable? no
Node 1 active_anon:0kB inactive_anon:0kB active_file:0kB inactive_file:80kB unevictable:1536kB isolated(anon):0kB isolated(file):0kB mapped:0kB dirty:0kB writeback:0kB shmem:1536kB shmem_thp:0kB shmem_pmdmapped:0kB anon_thp:0kB writeback_tmp:0kB kernel_stack:16kB pagetables:0kB sec_pagetables:0kB all_unreclaimable? no
Node 0 DMA free:15360kB boost:0kB min:208kB low:260kB high:312kB reserved_highatomic:0KB active_anon:0kB inactive_anon:0kB active_file:0kB inactive_file:0kB unevictable:0kB writepending:0kB present:15992kB managed:15360kB mlocked:0kB bounce:0kB free_pcp:0kB local_pcp:0kB free_cma:0kB
lowmem_reserve[]: 0 2461 2461 0 0
Node 0 DMA32 free:1849620kB boost:0kB min:34168kB low:42708kB high:51248kB reserved_highatomic:0KB active_anon:19472kB inactive_anon:0kB active_file:0kB inactive_file:90908kB unevictable:1536kB writepending:0kB present:3129332kB managed:2549172kB mlocked:0kB bounce:0kB free_pcp:1144kB local_pcp:680kB free_cma:0kB
lowmem_reserve[]: 0 0 0 0 0
Node 0 Normal free:4kB boost:0kB min:4kB low:4kB high:4kB reserved_highatomic:0KB active_anon:32kB inactive_anon:0kB active_file:0kB inactive_file:308kB unevictable:0kB writepending:0kB present:1048580kB managed:364kB mlocked:0kB bounce:0kB free_pcp:20kB local_pcp:8kB free_cma:0kB
lowmem_reserve[]: 0 0 0 0 0
Node 1 Normal free:3906908kB boost:0kB min:55728kB low:69660kB high:83592kB reserved_highatomic:0KB active_anon:0kB inactive_anon:0kB active_file:0kB inactive_file:80kB unevictable:1536kB writepending:0kB present:4194300kB managed:4111164kB mlocked:0kB bounce:0kB free_pcp:0kB local_pcp:0kB free_cma:0kB
lowmem_reserve[]: 0 0 0 0 0
Node 0 DMA: 0*4kB 0*8kB 0*16kB 0*32kB 0*64kB 0*128kB 0*256kB 0*512kB 1*1024kB (U) 1*2048kB (M) 3*4096kB (M) = 15360kB
Node 0 DMA32: 717*4kB (UME) 1034*8kB (UE) 413*16kB (UE) 5*32kB (UE) 21*64kB (UME) 5*128kB (UME) 3*256kB (ME) 2*512kB (UE) 1*1024kB (M) 2*2048kB (UM) 445*4096kB (M) = 1849524kB
Node 0 Normal: 1*4kB (M) 0*8kB 0*16kB 0*32kB 0*64kB 0*128kB 0*256kB 0*512kB 0*1024kB 0*2048kB 0*4096kB = 4kB
Node 1 Normal: 241*4kB (UME) 57*8kB (UME) 41*16kB (UME) 238*32kB (UME) 90*64kB (UME) 28*128kB (UE) 17*256kB (UME) 9*512kB (UM) 8*1024kB (UME) 6*2048kB (UE) 942*4096kB (M) = 3906908kB
Node 0 hugepages_total=0 hugepages_free=0 hugepages_surp=0 hugepages_size=1048576kB
Node 0 hugepages_total=2 hugepages_free=2 hugepages_surp=0 hugepages_size=2048kB
Node 1 hugepages_total=0 hugepages_free=0 hugepages_surp=0 hugepages_size=1048576kB
Node 1 hugepages_total=2 hugepages_free=2 hugepages_surp=0 hugepages_size=2048kB
24234 total pagecache pages
0 pages in swap cache
Free swap  = 0kB
Total swap = 0kB
2097051 pages RAM
0 pages HighMem/MovableOnly
428036 pages reserved
0 pages cma reserved
Mem-Info:
active_anon:4876 inactive_anon:0 isolated_anon:0
 active_file:0 inactive_file:22824 isolated_file:0
 unevictable:768 dirty:0 writeback:0
 slab_reclaimable:10780 slab_unreclaimable:82873
 mapped:2166 shmem:1410 pagetables:599
 sec_pagetables:0 bounce:0
 kernel_misc_reclaimable:0
 free:1442973 free_pcp:291 free_cma:0
Node 0 active_anon:19504kB inactive_anon:0kB active_file:0kB inactive_file:91216kB unevictable:1536kB isolated(anon):0kB isolated(file):0kB mapped:8664kB dirty:0kB writeback:0kB shmem:4104kB shmem_thp:0kB shmem_pmdmapped:0kB anon_thp:0kB writeback_tmp:0kB kernel_stack:9776kB pagetables:2396kB sec_pagetables:0kB all_unreclaimable? no
Node 1 active_anon:0kB inactive_anon:0kB active_file:0kB inactive_file:80kB unevictable:1536kB isolated(anon):0kB isolated(file):0kB mapped:0kB dirty:0kB writeback:0kB shmem:1536kB shmem_thp:0kB shmem_pmdmapped:0kB anon_thp:0kB writeback_tmp:0kB kernel_stack:16kB pagetables:0kB sec_pagetables:0kB all_unreclaimable? no
Node 0 DMA free:15360kB boost:0kB min:208kB low:260kB high:312kB reserved_highatomic:0KB active_anon:0kB inactive_anon:0kB active_file:0kB inactive_file:0kB unevictable:0kB writepending:0kB present:15992kB managed:15360kB mlocked:0kB bounce:0kB free_pcp:0kB local_pcp:0kB free_cma:0kB
lowmem_reserve[]: 0 2461 2461 0 0
Node 0 DMA32 free:1849620kB boost:0kB min:34168kB low:42708kB high:51248kB reserved_highatomic:0KB active_anon:19472kB inactive_anon:0kB active_file:0kB inactive_file:90908kB unevictable:1536kB writepending:0kB present:3129332kB managed:2549172kB mlocked:0kB bounce:0kB free_pcp:1144kB local_pcp:680kB free_cma:0kB
lowmem_reserve[]: 0 0 0 0 0
Node 0 Normal free:4kB boost:0kB min:4kB low:4kB high:4kB reserved_highatomic:0KB active_anon:32kB inactive_anon:0kB active_file:0kB inactive_file:308kB unevictable:0kB writepending:0kB present:1048580kB managed:364kB mlocked:0kB bounce:0kB free_pcp:20kB local_pcp:8kB free_cma:0kB
lowmem_reserve[]: 0 0 0 0 0
Node 1 Normal free:3906908kB boost:0kB min:55728kB low:69660kB high:83592kB reserved_highatomic:0KB active_anon:0kB inactive_anon:0kB active_file:0kB inactive_file:80kB unevictable:1536kB writepending:0kB present:4194300kB managed:4111164kB mlocked:0kB bounce:0kB free_pcp:0kB local_pcp:0kB free_cma:0kB
lowmem_reserve[]: 0 0 0 0 0
Node 0 DMA: 0*4kB 0*8kB 0*16kB 0*32kB 0*64kB 0*128kB 0*256kB 0*512kB 1*1024kB (U) 1*2048kB (M) 3*4096kB (M) = 15360kB
Node 0 DMA32: 717*4kB (UME) 1034*8kB (UE) 413*16kB (UE) 5*32kB (UE) 21*64kB (UME) 5*128kB (UME) 3*256kB (ME) 2*512kB (UE) 1*1024kB (M) 2*2048kB (UM) 445*4096kB (M) = 1849524kB
Node 0 Normal: 1*4kB (M) 0*8kB 0*16kB 0*32kB 0*64kB 0*128kB 0*256kB 0*512kB 0*1024kB 0*2048kB 0*4096kB = 4kB
Node 1 Normal: 241*4kB (UME) 57*8kB (UME) 41*16kB (UME) 238*32kB (UME) 90*64kB (UME) 28*128kB (UE) 17*256kB (UME) 9*512kB (UM) 8*1024kB (UME) 6*2048kB (UE) 942*4096kB (M) = 3906908kB
Node 0 hugepages_total=0 hugepages_free=0 hugepages_surp=0 hugepages_size=1048576kB
Node 0 hugepages_total=2 hugepages_free=2 hugepages_surp=0 hugepages_size=2048kB
Node 1 hugepages_total=0 hugepages_free=0 hugepages_surp=0 hugepages_size=1048576kB
Node 1 hugepages_total=2 hugepages_free=2 hugepages_surp=0 hugepages_size=2048kB
24234 total pagecache pages
0 pages in swap cache
Free swap  = 0kB
Total swap = 0kB
2097051 pages RAM
0 pages HighMem/MovableOnly
428036 pages reserved
0 pages cma reserved
Mem-Info:
active_anon:4876 inactive_anon:0 isolated_anon:0
 active_file:0 inactive_file:22824 isolated_file:0
 unevictable:768 dirty:0 writeback:0
 slab_reclaimable:10780 slab_unreclaimable:82873
 mapped:2166 shmem:1410 pagetables:599
 sec_pagetables:0 bounce:0
 kernel_misc_reclaimable:0
 free:1442973 free_pcp:291 free_cma:0
Node 0 active_anon:19504kB inactive_anon:0kB active_file:0kB inactive_file:91216kB unevictable:1536kB isolated(anon):0kB isolated(file):0kB mapped:8664kB dirty:0kB writeback:0kB shmem:4104kB shmem_thp:0kB shmem_pmdmapped:0kB anon_thp:0kB writeback_tmp:0kB kernel_stack:9776kB pagetables:2396kB sec_pagetables:0kB all_unreclaimable? no
Node 1 active_anon:0kB inactive_anon:0kB active_file:0kB inactive_file:80kB unevictable:1536kB isolated(anon):0kB isolated(file):0kB mapped:0kB dirty:0kB writeback:0kB shmem:1536kB shmem_thp:0kB shmem_pmdmapped:0kB anon_thp:0kB writeback_tmp:0kB kernel_stack:16kB pagetables:0kB sec_pagetables:0kB all_unreclaimable? no
Node 0 DMA free:15360kB boost:0kB min:208kB low:260kB high:312kB reserved_highatomic:0KB active_anon:0kB inactive_anon:0kB active_file:0kB inactive_file:0kB unevictable:0kB writepending:0kB present:15992kB managed:15360kB mlocked:0kB bounce:0kB free_pcp:0kB local_pcp:0kB free_cma:0kB
lowmem_reserve[]: 0 2461 2461 0 0
Node 0 DMA32 free:1849620kB boost:0kB min:34168kB low:42708kB high:51248kB reserved_highatomic:0KB active_anon:19472kB inactive_anon:0kB active_file:0kB inactive_file:90908kB unevictable:1536kB writepending:0kB present:3129332kB managed:2549172kB mlocked:0kB bounce:0kB free_pcp:1144kB local_pcp:680kB free_cma:0kB
lowmem_reserve[]: 0 0 0 0 0
Node 0 Normal free:4kB boost:0kB min:4kB low:4kB high:4kB reserved_highatomic:0KB active_anon:32kB inactive_anon:0kB active_file:0kB inactive_file:308kB unevictable:0kB writepending:0kB present:1048580kB managed:364kB mlocked:0kB bounce:0kB free_pcp:20kB local_pcp:8kB free_cma:0kB
lowmem_reserve[]: 0 0 0 0 0
Node 1 Normal free:3906908kB boost:0kB min:55728kB low:69660kB high:83592kB reserved_highatomic:0KB active_anon:0kB inactive_anon:0kB active_file:0kB inactive_file:80kB unevictable:1536kB writepending:0kB present:4194300kB managed:4111164kB mlocked:0kB bounce:0kB free_pcp:0kB local_pcp:0kB free_cma:0kB
lowmem_reserve[]: 0 0 0 0 0
Node 0 DMA: 0*4kB 0*8kB 0*16kB 0*32kB 0*64kB 0*128kB 0*256kB 0*512kB 1*1024kB (U) 1*2048kB (M) 3*4096kB (M) = 15360kB
Node 0 DMA32: 717*4kB (UME) 1034*8kB (UE) 413*16kB (UE) 5*32kB (UE) 21*64kB (UME) 5*128kB (UME) 3*256kB (ME) 2*512kB (UE) 1*1024kB (M) 2*2048kB (UM) 445*4096kB (M) = 1849524kB
Node 0 Normal: 1*4kB (M) 0*8kB 0*16kB 0*32kB 0*64kB 0*128kB 0*256kB 0*512kB 0*1024kB 0*2048kB 0*4096kB = 4kB
Node 1 Normal: 241*4kB (UME) 57*8kB (UME) 41*16kB (UME) 238*32kB (UME) 90*64kB (UME) 28*128kB (UE) 17*256kB (UME) 9*512kB (UM) 8*1024kB (UME) 6*2048kB (UE) 942*4096kB (M) = 3906908kB
Node 0 hugepages_total=0 hugepages_free=0 hugepages_surp=0 hugepages_size=1048576kB
Node 0 hugepages_total=2 hugepages_free=2 hugepages_surp=0 hugepages_size=2048kB
Node 1 hugepages_total=0 hugepages_free=0 hugepages_surp=0 hugepages_size=1048576kB
Node 1 hugepages_total=2 hugepages_free=2 hugepages_surp=0 hugepages_size=2048kB
24234 total pagecache pages
0 pages in swap cache
Free swap  = 0kB
Total swap = 0kB
2097051 pages RAM
0 pages HighMem/MovableOnly
428036 pages reserved
0 pages cma reserved
Mem-Info:
active_anon:4876 inactive_anon:0 isolated_anon:0
 active_file:0 inactive_file:22824 isolated_file:0
 unevictable:768 dirty:0 writeback:0
 slab_reclaimable:10780 slab_unreclaimable:82873
 mapped:2166 shmem:1410 pagetables:599
 sec_pagetables:0 bounce:0
 kernel_misc_reclaimable:0
 free:1442973 free_pcp:291 free_cma:0
Node 0 active_anon:19504kB inactive_anon:0kB active_file:0kB inactive_file:91216kB unevictable:1536kB isolated(anon):0kB isolated(file):0kB mapped:8664kB dirty:0kB writeback:0kB shmem:4104kB shmem_thp:0kB shmem_pmdmapped:0kB anon_thp:0kB writeback_tmp:0kB kernel_stack:9776kB pagetables:2396kB sec_pagetables:0kB all_unreclaimable? no
Node 1 active_anon:0kB inactive_anon:0kB active_file:0kB inactive_file:80kB unevictable:1536kB isolated(anon):0kB isolated(file):0kB mapped:0kB dirty:0kB writeback:0kB shmem:1536kB shmem_thp:0kB shmem_pmdmapped:0kB anon_thp:0kB writeback_tmp:0kB kernel_stack:16kB pagetables:0kB sec_pagetables:0kB all_unreclaimable? no
Node 0 DMA free:15360kB boost:0kB min:208kB low:260kB high:312kB reserved_highatomic:0KB active_anon:0kB inactive_anon:0kB active_file:0kB inactive_file:0kB unevictable:0kB writepending:0kB present:15992kB managed:15360kB mlocked:0kB bounce:0kB free_pcp:0kB local_pcp:0kB free_cma:0kB
lowmem_reserve[]: 0 2461 2461 0 0
Node 0 DMA32 free:1849620kB boost:0kB min:34168kB low:42708kB high:51248kB reserved_highatomic:0KB active_anon:19472kB inactive_anon:0kB active_file:0kB inactive_file:90908kB unevictable:1536kB writepending:0kB present:3129332kB managed:2549172kB mlocked:0kB bounce:0kB free_pcp:1144kB local_pcp:680kB free_cma:0kB
lowmem_reserve[]: 0 0 0 0 0
Node 0 Normal free:4kB boost:0kB min:4kB low:4kB high:4kB reserved_highatomic:0KB active_anon:32kB inactive_anon:0kB active_file:0kB inactive_file:308kB unevictable:0kB writepending:0kB present:1048580kB managed:364kB mlocked:0kB bounce:0kB free_pcp:20kB local_pcp:8kB free_cma:0kB
lowmem_reserve[]: 0 0 0 0 0
Node 1 Normal free:3906908kB boost:0kB min:55728kB low:69660kB high:83592kB reserved_highatomic:0KB active_anon:0kB inactive_anon:0kB active_file:0kB inactive_file:80kB unevictable:1536kB writepending:0kB present:4194300kB managed:4111164kB mlocked:0kB bounce:0kB free_pcp:0kB local_pcp:0kB free_cma:0kB
lowmem_reserve[]: 0 0 0 0 0
Node 0 DMA: 0*4kB 0*8kB 0*16kB 0*32kB 0*64kB 0*128kB 0*256kB 0*512kB 1*1024kB (U) 1*2048kB (M) 3*4096kB (M) = 15360kB
Node 0 DMA32: 717*4kB (UME) 1034*8kB (UE) 413*16kB (UE) 5*32kB (UE) 21*64kB (UME) 5*128kB (UME) 3*256kB (ME) 2*512kB (UE) 1*1024kB (M) 2*2048kB (UM) 445*4096kB (M) = 1849524kB
Node 0 Normal: 1*4kB (M) 0*8kB 0*16kB 0*32kB 0*64kB 0*128kB 0*256kB 0*512kB 0*1024kB 0*2048kB 0*4096kB = 4kB
Node 1 Normal: 241*4kB (UME) 57*8kB (UME) 41*16kB (UME) 238*32kB (UME) 90*64kB (UME) 28*128kB (UE) 17*256kB (UME) 9*512kB (UM) 8*1024kB (UME) 6*2048kB (UE) 942*4096kB (M) = 3906908kB
Node 0 hugepages_total=0 hugepages_free=0 hugepages_surp=0 hugepages_size=1048576kB
Node 0 hugepages_total=2 hugepages_free=2 hugepages_surp=0 hugepages_size=2048kB
Node 1 hugepages_total=0 hugepages_free=0 hugepages_surp=0 hugepages_size=1048576kB
Node 1 hugepages_total=2 hugepages_free=2 hugepages_surp=0 hugepages_size=2048kB
24234 total pagecache pages
0 pages in swap cache
Free swap  = 0kB
Total swap = 0kB
2097051 pages RAM
0 pages HighMem/MovableOnly
428036 pages reserved
0 pages cma reserved
Mem-Info:
active_anon:4876 inactive_anon:0 isolated_anon:0
 active_file:0 inactive_file:22824 isolated_file:0
 unevictable:768 dirty:0 writeback:0
 slab_reclaimable:10780 slab_unreclaimable:82809
 mapped:2166 shmem:1410 pagetables:599
 sec_pagetables:0 bounce:0
 kernel_misc_reclaimable:0
 free:1443141 free_pcp:199 free_cma:0
Node 0 active_anon:19504kB inactive_anon:0kB active_file:0kB inactive_file:91216kB unevictable:1536kB isolated(anon):0kB isolated(file):0kB mapped:8664kB dirty:0kB writeback:0kB shmem:4104kB shmem_thp:0kB shmem_pmdmapped:0kB anon_thp:0kB writeback_tmp:0kB kernel_stack:9776kB pagetables:2396kB sec_pagetables:0kB all_unreclaimable? no
Node 1 active_anon:0kB inactive_anon:0kB active_file:0kB inactive_file:80kB unevictable:1536kB isolated(anon):0kB isolated(file):0kB mapped:0kB dirty:0kB writeback:0kB shmem:1536kB shmem_thp:0kB shmem_pmdmapped:0kB anon_thp:0kB writeback_tmp:0kB kernel_stack:16kB pagetables:0kB sec_pagetables:0kB all_unreclaimable? no
Node 0 DMA free:15360kB boost:0kB min:208kB low:260kB high:312kB reserved_highatomic:0KB active_anon:0kB inactive_anon:0kB active_file:0kB inactive_file:0kB unevictable:0kB writepending:0kB present:15992kB managed:15360kB mlocked:0kB bounce:0kB free_pcp:0kB local_pcp:0kB free_cma:0kB
lowmem_reserve[]: 0 2461 2461 0 0
Node 0 DMA32 free:1850292kB boost:0kB min:34168kB low:42708kB high:51248kB reserved_highatomic:0KB active_anon:19472kB inactive_anon:0kB active_file:0kB inactive_file:90908kB unevictable:1536kB writepending:0kB present:3129332kB managed:2549172kB mlocked:0kB bounce:0kB free_pcp:776kB local_pcp:680kB free_cma:0kB
lowmem_reserve[]: 0 0 0 0 0
Node 0 Normal free:4kB boost:0kB min:4kB low:4kB high:4kB reserved_highatomic:0KB active_anon:32kB inactive_anon:0kB active_file:0kB inactive_file:308kB unevictable:0kB writepending:0kB present:1048580kB managed:364kB mlocked:0kB bounce:0kB free_pcp:20kB local_pcp:8kB free_cma:0kB
lowmem_reserve[]: 0 0 0 0 0
Node 1 Normal free:3906908kB boost:0kB min:55728kB low:69660kB high:83592kB reserved_highatomic:0KB active_anon:0kB inactive_anon:0kB active_file:0kB inactive_file:80kB unevictable:1536kB writepending:0kB present:4194300kB managed:4111164kB mlocked:0kB bounce:0kB free_pcp:0kB local_pcp:0kB free_cma:0kB
lowmem_reserve[]: 0 0 0 0 0
Node 0 DMA: 0*4kB 0*8kB 0*16kB 0*32kB 0*64kB 0*128kB 0*256kB 0*512kB 1*1024kB (U) 1*2048kB (M) 3*4096kB (M) = 15360kB
Node 0 DMA32: 777*4kB (UME) 1034*8kB (UE) 425*16kB (UE) 14*32kB (UE) 21*64kB (UME) 5*128kB (UME) 3*256kB (ME) 2*512kB (UE) 1*1024kB (M) 2*2048kB (UM) 445*4096kB (M) = 1850244kB
Node 0 Normal: 1*4kB (M) 0*8kB 0*16kB 0*32kB 0*64kB 0*128kB 0*256kB 0*512kB 0*1024kB 0*2048kB 0*4096kB = 4kB
Node 1 Normal: 241*4kB (UME) 57*8kB (UME) 41*16kB (UME) 238*32kB (UME) 90*64kB (UME) 28*128kB (UE) 17*256kB (UME) 9*512kB (UM) 8*1024kB (UME) 6*2048kB (UE) 942*4096kB (M) = 3906908kB
Node 0 hugepages_total=0 hugepages_free=0 hugepages_surp=0 hugepages_size=1048576kB
Node 0 hugepages_total=2 hugepages_free=2 hugepages_surp=0 hugepages_size=2048kB
Node 1 hugepages_total=0 hugepages_free=0 hugepages_surp=0 hugepages_size=1048576kB
Node 1 hugepages_total=2 hugepages_free=2 hugepages_surp=0 hugepages_size=2048kB
24234 total pagecache pages
0 pages in swap cache
Free swap  = 0kB
Total swap = 0kB
2097051 pages RAM
0 pages HighMem/MovableOnly
428036 pages reserved
0 pages cma reserved
Mem-Info:
active_anon:4876 inactive_anon:0 isolated_anon:0
 active_file:0 inactive_file:22824 isolated_file:0
 unevictable:768 dirty:0 writeback:0
 slab_reclaimable:10780 slab_unreclaimable:82809
 mapped:2166 shmem:1410 pagetables:599
 sec_pagetables:0 bounce:0
 kernel_misc_reclaimable:0
 free:1443141 free_pcp:199 free_cma:0
Node 0 active_anon:19504kB inactive_anon:0kB active_file:0kB inactive_file:91216kB unevictable:1536kB isolated(anon):0kB isolated(file):0kB mapped:8664kB dirty:0kB writeback:0kB shmem:4104kB shmem_thp:0kB shmem_pmdmapped:0kB anon_thp:0kB writeback_tmp:0kB kernel_stack:9776kB pagetables:2396kB sec_pagetables:0kB all_unreclaimable? no
Node 1 active_anon:0kB inactive_anon:0kB active_file:0kB inactive_file:80kB unevictable:1536kB isolated(anon):0kB isolated(file):0kB mapped:0kB dirty:0kB writeback:0kB shmem:1536kB shmem_thp:0kB shmem_pmdmapped:0kB anon_thp:0kB writeback_tmp:0kB kernel_stack:16kB pagetables:0kB sec_pagetables:0kB all_unreclaimable? no
Node 0 DMA free:15360kB boost:0kB min:208kB low:260kB high:312kB reserved_highatomic:0KB active_anon:0kB inactive_anon:0kB active_file:0kB inactive_file:0kB unevictable:0kB writepending:0kB present:15992kB managed:15360kB mlocked:0kB bounce:0kB free_pcp:0kB local_pcp:0kB free_cma:0kB
lowmem_reserve[]: 0 2461 2461 0 0
Node 0 DMA32 free:1850292kB boost:0kB min:34168kB low:42708kB high:51248kB reserved_highatomic:0KB active_anon:19472kB inactive_anon:0kB active_file:0kB inactive_file:90908kB unevictable:1536kB writepending:0kB present:3129332kB managed:2549172kB mlocked:0kB bounce:0kB free_pcp:776kB local_pcp:680kB free_cma:0kB
lowmem_reserve[]: 0 0 0 0 0
Node 0 Normal free:4kB boost:0kB min:4kB low:4kB high:4kB reserved_highatomic:0KB active_anon:32kB inactive_anon:0kB active_file:0kB inactive_file:308kB unevictable:0kB writepending:0kB present:1048580kB managed:364kB mlocked:0kB bounce:0kB free_pcp:20kB local_pcp:8kB free_cma:0kB
lowmem_reserve[]: 0 0 0 0 0
Node 1 Normal free:3906908kB boost:0kB min:55728kB low:69660kB high:83592kB reserved_highatomic:0KB active_anon:0kB inactive_anon:0kB active_file:0kB inactive_file:80kB unevictable:1536kB writepending:0kB present:4194300kB managed:4111164kB mlocked:0kB bounce:0kB free_pcp:0kB local_pcp:0kB free_cma:0kB
lowmem_reserve[]: 0 0 0 0 0
Node 0 DMA: 0*4kB 0*8kB 0*16kB 0*32kB 0*64kB 0*128kB 0*256kB 0*512kB 1*1024kB (U) 1*2048kB (M) 3*4096kB (M) = 15360kB
Node 0 DMA32: 777*4kB (UME) 1034*8kB (UE) 425*16kB (UE) 14*32kB (UE) 21*64kB (UME) 5*128kB (UME) 3*256kB (ME) 2*512kB (UE) 1*1024kB (M) 2*2048kB (UM) 445*4096kB (M) = 1850244kB
Node 0 Normal: 1*4kB (M) 0*8kB 0*16kB 0*32kB 0*64kB 0*128kB 0*256kB 0*512kB 0*1024kB 0*2048kB 0*4096kB = 4kB
Node 1 Normal: 241*4kB (UME) 57*8kB (UME) 41*16kB (UME) 238*32kB (UME) 90*64kB (UME) 28*128kB (UE) 17*256kB (UME) 9*512kB (UM) 8*1024kB (UME) 6*2048kB (UE) 942*4096kB (M) = 3906908kB
Node 0 hugepages_total=0 hugepages_free=0 hugepages_surp=0 hugepages_size=1048576kB
Node 0 hugepages_total=2 hugepages_free=2 hugepages_surp=0 hugepages_size=2048kB
Node 1 hugepages_total=0 hugepages_free=0 hugepages_surp=0 hugepages_size=1048576kB
Node 1 hugepages_total=2 hugepages_free=2 hugepages_surp=0 hugepages_size=2048kB
24234 total pagecache pages
0 pages in swap cache
Free swap  = 0kB
Total swap = 0kB
2097051 pages RAM
0 pages HighMem/MovableOnly
428036 pages reserved
0 pages cma reserved
Mem-Info:
active_anon:4876 inactive_anon:0 isolated_anon:0
 active_file:0 inactive_file:22824 isolated_file:0
 unevictable:768 dirty:0 writeback:0
 slab_reclaimable:10780 slab_unreclaimable:82785
 mapped:2166 shmem:1410 pagetables:599
 sec_pagetables:0 bounce:0
 kernel_misc_reclaimable:0
 free:1443153 free_pcp:199 free_cma:0
Node 0 active_anon:19504kB inactive_anon:0kB active_file:0kB inactive_file:91216kB unevictable:1536kB isolated(anon):0kB isolated(file):0kB mapped:8664kB dirty:0kB writeback:0kB shmem:4104kB shmem_thp:0kB shmem_pmdmapped:0kB anon_thp:0kB writeback_tmp:0kB kernel_stack:9776kB pagetables:2396kB sec_pagetables:0kB all_unreclaimable? no
Node 1 active_anon:0kB inactive_anon:0kB active_file:0kB inactive_file:80kB unevictable:1536kB isolated(anon):0kB isolated(file):0kB mapped:0kB dirty:0kB writeback:0kB shmem:1536kB shmem_thp:0kB shmem_pmdmapped:0kB anon_thp:0kB writeback_tmp:0kB kernel_stack:16kB pagetables:0kB sec_pagetables:0kB all_unreclaimable? no
Node 0 DMA free:15360kB boost:0kB min:208kB low:260kB high:312kB reserved_highatomic:0KB active_anon:0kB inactive_anon:0kB active_file:0kB inactive_file:0kB unevictable:0kB writepending:0kB present:15992kB managed:15360kB mlocked:0kB bounce:0kB free_pcp:0kB local_pcp:0kB free_cma:0kB
lowmem_reserve[]: 0 2461 2461 0 0
Node 0 DMA32 free:1850340kB boost:0kB min:34168kB low:42708kB high:51248kB reserved_highatomic:0KB active_anon:19472kB inactive_anon:0kB active_file:0kB inactive_file:90908kB unevictable:1536kB writepending:0kB present:3129332kB managed:2549172kB mlocked:0kB bounce:0kB free_pcp:776kB local_pcp:680kB free_cma:0kB
lowmem_reserve[]: 0 0 0 0 0
Node 0 Normal free:4kB boost:0kB min:4kB low:4kB high:4kB reserved_highatomic:0KB active_anon:32kB inactive_anon:0kB active_file:0kB inactive_file:308kB unevictable:0kB writepending:0kB present:1048580kB managed:364kB mlocked:0kB bounce:0kB free_pcp:20kB local_pcp:8kB free_cma:0kB
lowmem_reserve[]: 0 0 0 0 0
Node 1 Normal free:3906908kB boost:0kB min:55728kB low:69660kB high:83592kB reserved_highatomic:0KB active_anon:0kB inactive_anon:0kB active_file:0kB inactive_file:80kB unevictable:1536kB writepending:0kB present:4194300kB managed:4111164kB mlocked:0kB bounce:0kB free_pcp:0kB local_pcp:0kB free_cma:0kB
lowmem_reserve[]: 0 0 0 0 0
Node 0 DMA: 0*4kB 0*8kB 0*16kB 0*32kB 0*64kB 0*128kB 0*256kB 0*512kB 1*1024kB (U) 1*2048kB (M) 3*4096kB (M) = 15360kB
Node 0 DMA32: 777*4kB (UME) 1034*8kB (UE) 425*16kB (UE) 14*32kB (UE) 21*64kB (UME) 5*128kB (UME) 3*256kB (ME) 2*512kB (UE) 1*1024kB (M) 2*2048kB (UM) 445*4096kB (M) = 1850244kB
Node 0 Normal: 1*4kB (M) 0*8kB 0*16kB 0*32kB 0*64kB 0*128kB 0*256kB 0*512kB 0*1024kB 0*2048kB 0*4096kB = 4kB
Node 1 Normal: 241*4kB (UME) 57*8kB (UME) 41*16kB (UME) 238*32kB (UME) 90*64kB (UME) 28*128kB (UE) 17*256kB (UME) 9*512kB (UM) 8*1024kB (UME) 6*2048kB (UE) 942*4096kB (M) = 3906908kB
Node 0 hugepages_total=0 hugepages_free=0 hugepages_surp=0 hugepages_size=1048576kB
Node 0 hugepages_total=2 hugepages_free=2 hugepages_surp=0 hugepages_size=2048kB
Node 1 hugepages_total=0 hugepages_free=0 hugepages_surp=0 hugepages_size=1048576kB
Node 1 hugepages_total=2 hugepages_free=2 hugepages_surp=0 hugepages_size=2048kB
24234 total pagecache pages
0 pages in swap cache
Free swap  = 0kB
Total swap = 0kB
2097051 pages RAM
0 pages HighMem/MovableOnly
428036 pages reserved
0 pages cma reserved
Mem-Info:
active_anon:4876 inactive_anon:0 isolated_anon:0
 active_file:0 inactive_file:22824 isolated_file:0
 unevictable:768 dirty:0 writeback:0
 slab_reclaimable:10780 slab_unreclaimable:82785
 mapped:2166 shmem:1410 pagetables:599
 sec_pagetables:0 bounce:0
 kernel_misc_reclaimable:0
 free:1443153 free_pcp:199 free_cma:0
Node 0 active_anon:19504kB inactive_anon:0kB active_file:0kB inactive_file:91216kB unevictable:1536kB isolated(anon):0kB isolated(file):0kB mapped:8664kB dirty:0kB writeback:0kB shmem:4104kB shmem_thp:0kB shmem_pmdmapped:0kB anon_thp:0kB writeback_tmp:0kB kernel_stack:9776kB pagetables:2396kB sec_pagetables:0kB all_unreclaimable? no
Node 1 active_anon:0kB inactive_anon:0kB active_file:0kB inactive_file:80kB unevictable:1536kB isolated(anon):0kB isolated(file):0kB mapped:0kB dirty:0kB writeback:0kB shmem:1536kB shmem_thp:0kB shmem_pmdmapped:0kB anon_thp:0kB writeback_tmp:0kB kernel_stack:16kB pagetables:0kB sec_pagetables:0kB all_unreclaimable? no
Node 0 DMA free:15360kB boost:0kB min:208kB low:260kB high:312kB reserved_highatomic:0KB active_anon:0kB inactive_anon:0kB active_file:0kB inactive_file:0kB unevictable:0kB writepending:0kB present:15992kB managed:15360kB mlocked:0kB bounce:0kB free_pcp:0kB local_pcp:0kB free_cma:0kB
lowmem_reserve[]: 0 2461 2461 0 0
Node 0 DMA32 free:1850340kB boost:0kB min:34168kB low:42708kB high:51248kB reserved_highatomic:0KB active_anon:19472kB inactive_anon:0kB active_file:0kB inactive_file:90908kB unevictable:1536kB writepending:0kB present:3129332kB managed:2549172kB mlocked:0kB bounce:0kB free_pcp:776kB local_pcp:680kB free_cma:0kB
lowmem_reserve[]: 0 0 0 0 0
Node 0 Normal free:4kB boost:0kB min:4kB low:4kB high:4kB reserved_highatomic:0KB active_anon:32kB inactive_anon:0kB active_file:0kB inactive_file:308kB unevictable:0kB writepending:0kB present:1048580kB managed:364kB mlocked:0kB bounce:0kB free_pcp:20kB local_pcp:8kB free_cma:0kB
lowmem_reserve[]: 0 0 0 0 0
Node 1 Normal free:3906908kB boost:0kB min:55728kB low:69660kB high:83592kB reserved_highatomic:0KB active_anon:0kB inactive_anon:0kB active_file:0kB inactive_file:80kB unevictable:1536kB writepending:0kB present:4194300kB managed:4111164kB mlocked:0kB bounce:0kB free_pcp:0kB local_pcp:0kB free_cma:0kB
lowmem_reserve[]: 0 0 0 0 0
Node 0 DMA: 0*4kB 0*8kB 0*16kB 0*32kB 0*64kB 0*128kB 0*256kB 0*512kB 1*1024kB (U) 1*2048kB (M) 3*4096kB (M) = 15360kB
Node 0 DMA32: 777*4kB (UME) 1034*8kB (UE) 425*16kB (UE) 14*32kB (UE) 21*64kB (UME) 5*128kB (UME) 3*256kB (ME) 2*512kB (UE) 1*1024kB (M) 2*2048kB (UM) 445*4096kB (M) = 1850244kB
Node 0 Normal: 1*4kB (M) 0*8kB 0*16kB 0*32kB 0*64kB 0*128kB 0*256kB 0*512kB 0*1024kB 0*2048kB 0*4096kB = 4kB
Node 1 Normal: 241*4kB (UME) 57*8kB (UME) 41*16kB (UME) 238*32kB (UME) 90*64kB (UME) 28*128kB (UE) 17*256kB (UME) 9*512kB (UM) 8*1024kB (UME) 6*2048kB (UE) 942*4096kB (M) = 3906908kB
Node 0 hugepages_total=0 hugepages_free=0 hugepages_surp=0 hugepages_size=1048576kB
Node 0 hugepages_total=2 hugepages_free=2 hugepages_surp=0 hugepages_size=2048kB
Node 1 hugepages_total=0 hugepages_free=0 hugepages_surp=0 hugepages_size=1048576kB
Node 1 hugepages_total=2 hugepages_free=2 hugepages_surp=0 hugepages_size=2048kB
24234 total pagecache pages
0 pages in swap cache
Free swap  = 0kB
Total swap = 0kB
2097051 pages RAM
0 pages HighMem/MovableOnly
428036 pages reserved
0 pages cma reserved
Mem-Info:
active_anon:4876 inactive_anon:0 isolated_anon:0
 active_file:0 inactive_file:22824 isolated_file:0
 unevictable:768 dirty:0 writeback:0
 slab_reclaimable:10780 slab_unreclaimable:82785
 mapped:2166 shmem:1410 pagetables:599
 sec_pagetables:0 bounce:0
 kernel_misc_reclaimable:0
 free:1443153 free_pcp:199 free_cma:0
Node 0 active_anon:19504kB inactive_anon:0kB active_file:0kB inactive_file:91216kB unevictable:1536kB isolated(anon):0kB isolated(file):0kB mapped:8664kB dirty:0kB writeback:0kB shmem:4104kB shmem_thp:0kB shmem_pmdmapped:0kB anon_thp:0kB writeback_tmp:0kB kernel_stack:9776kB pagetables:2396kB sec_pagetables:0kB all_unreclaimable? no
Node 1 active_anon:0kB inactive_anon:0kB active_file:0kB inactive_file:80kB unevictable:1536kB isolated(anon):0kB isolated(file):0kB mapped:0kB dirty:0kB writeback:0kB shmem:1536kB shmem_thp:0kB shmem_pmdmapped:0kB anon_thp:0kB writeback_tmp:0kB kernel_stack:16kB pagetables:0kB sec_pagetables:0kB all_unreclaimable? no
Node 0 DMA free:15360kB boost:0kB min:208kB low:260kB high:312kB reserved_highatomic:0KB active_anon:0kB inactive_anon:0kB active_file:0kB inactive_file:0kB unevictable:0kB writepending:0kB present:15992kB managed:15360kB mlocked:0kB bounce:0kB free_pcp:0kB local_pcp:0kB free_cma:0kB
lowmem_reserve[]: 0 2461 2461 0 0
Node 0 DMA32 free:1850340kB boost:0kB min:34168kB low:42708kB high:51248kB reserved_highatomic:0KB active_anon:19472kB inactive_anon:0kB active_file:0kB inactive_file:90908kB unevictable:1536kB writepending:0kB present:3129332kB managed:2549172kB mlocked:0kB bounce:0kB free_pcp:776kB local_pcp:680kB free_cma:0kB
lowmem_reserve[]: 0 0 0 0 0
Node 0 Normal free:4kB boost:0kB min:4kB low:4kB high:4kB reserved_highatomic:0KB active_anon:32kB inactive_anon:0kB active_file:0kB inactive_file:308kB unevictable:0kB writepending:0kB present:1048580kB managed:364kB mlocked:0kB bounce:0kB free_pcp:20kB local_pcp:8kB free_cma:0kB
lowmem_reserve[]: 0 0 0 0 0
Node 1 Normal free:3906908kB boost:0kB min:55728kB low:69660kB high:83592kB reserved_highatomic:0KB active_anon:0kB inactive_anon:0kB active_file:0kB inactive_file:80kB unevictable:1536kB writepending:0kB present:4194300kB managed:4111164kB mlocked:0kB bounce:0kB free_pcp:0kB local_pcp:0kB free_cma:0kB
lowmem_reserve[]: 0 0 0 0 0
Node 0 DMA: 0*4kB 0*8kB 0*16kB 0*32kB 0*64kB 0*128kB 0*256kB 0*512kB 1*1024kB (U) 1*2048kB (M) 3*4096kB (M) = 15360kB
Node 0 DMA32: 777*4kB (UME) 1034*8kB (UE) 425*16kB (UE) 14*32kB (UE) 21*64kB (UME) 5*128kB (UME) 3*256kB (ME) 2*512kB (UE) 1*1024kB (M) 2*2048kB (UM) 445*4096kB (M) = 1850244kB
Node 0 Normal: 1*4kB (M) 0*8kB 0*16kB 0*32kB 0*64kB 0*128kB 0*256kB 0*512kB 0*1024kB 0*2048kB 0*4096kB = 4kB
Node 1 Normal: 241*4kB (UME) 57*8kB (UME) 41*16kB (UME) 238*32kB (UME) 90*64kB (UME) 28*128kB (UE) 17*256kB (UME) 9*512kB (UM) 8*1024kB (UME) 6*2048kB (UE) 942*4096kB (M) = 3906908kB
Node 0 hugepages_total=0 hugepages_free=0 hugepages_surp=0 hugepages_size=1048576kB
Node 0 hugepages_total=2 hugepages_free=2 hugepages_surp=0 hugepages_size=2048kB
Node 1 hugepages_total=0 hugepages_free=0 hugepages_surp=0 hugepages_size=1048576kB
Node 1 hugepages_total=2 hugepages_free=2 hugepages_surp=0 hugepages_size=2048kB
24234 total pagecache pages
0 pages in swap cache
Free swap  = 0kB
Total swap = 0kB
2097051 pages RAM
0 pages HighMem/MovableOnly
428036 pages reserved
0 pages cma reserved
Mem-Info:
active_anon:4876 inactive_anon:0 isolated_anon:0
 active_file:0 inactive_file:22824 isolated_file:0
 unevictable:768 dirty:0 writeback:0
 slab_reclaimable:10780 slab_unreclaimable:82785
 mapped:2166 shmem:1410 pagetables:599
 sec_pagetables:0 bounce:0
 kernel_misc_reclaimable:0
 free:1443153 free_pcp:199 free_cma:0
Node 0 active_anon:19504kB inactive_anon:0kB active_file:0kB inactive_file:91216kB unevictable:1536kB isolated(anon):0kB isolated(file):0kB mapped:8664kB dirty:0kB writeback:0kB shmem:4104kB shmem_thp:0kB shmem_pmdmapped:0kB anon_thp:0kB writeback_tmp:0kB kernel_stack:9776kB pagetables:2396kB sec_pagetables:0kB all_unreclaimable? no
Node 1 active_anon:0kB inactive_anon:0kB active_file:0kB inactive_file:80kB unevictable:1536kB isolated(anon):0kB isolated(file):0kB mapped:0kB dirty:0kB writeback:0kB shmem:1536kB shmem_thp:0kB shmem_pmdmapped:0kB anon_thp:0kB writeback_tmp:0kB kernel_stack:16kB pagetables:0kB sec_pagetables:0kB all_unreclaimable? no
Node 0 DMA free:15360kB boost:0kB min:208kB low:260kB high:312kB reserved_highatomic:0KB active_anon:0kB inactive_anon:0kB active_file:0kB inactive_file:0kB unevictable:0kB writepending:0kB present:15992kB managed:15360kB mlocked:0kB bounce:0kB free_pcp:0kB local_pcp:0kB free_cma:0kB
lowmem_reserve[]: 0 2461 2461 0 0
Node 0 DMA32 free:1850340kB boost:0kB min:34168kB low:42708kB high:51248kB reserved_highatomic:0KB active_anon:19472kB inactive_anon:0kB active_file:0kB inactive_file:90908kB unevictable:1536kB writepending:0kB present:3129332kB managed:2549172kB mlocked:0kB bounce:0kB free_pcp:776kB local_pcp:680kB free_cma:0kB
lowmem_reserve[]: 0 0 0 0 0
Node 0 Normal free:4kB boost:0kB min:4kB low:4kB high:4kB reserved_highatomic:0KB active_anon:32kB inactive_anon:0kB active_file:0kB inactive_file:308kB unevictable:0kB writepending:0kB present:1048580kB managed:364kB mlocked:0kB bounce:0kB free_pcp:20kB local_pcp:8kB free_cma:0kB
lowmem_reserve[]: 0 0 0 0 0
Node 1 Normal free:3906908kB boost:0kB min:55728kB low:69660kB high:83592kB reserved_highatomic:0KB active_anon:0kB inactive_anon:0kB active_file:0kB inactive_file:80kB unevictable:1536kB writepending:0kB present:4194300kB managed:4111164kB mlocked:0kB bounce:0kB free_pcp:0kB local_pcp:0kB free_cma:0kB
lowmem_reserve[]: 0 0 0 0 0
Node 0 DMA: 0*4kB 0*8kB 0*16kB 0*32kB 0*64kB 0*128kB 0*256kB 0*512kB 1*1024kB (U) 1*2048kB (M) 3*4096kB (M) = 15360kB
Node 0 DMA32: 777*4kB (UME) 1034*8kB (UE) 425*16kB (UE) 14*32kB (UE) 21*64kB (UME) 5*128kB (UME) 3*256kB (ME) 2*512kB (UE) 1*1024kB (M) 2*2048kB (UM) 445*4096kB (M) = 1850244kB
Node 0 Normal: 1*4kB (M) 0*8kB 0*16kB 0*32kB 0*64kB 0*128kB 0*256kB 0*512kB 0*1024kB 0*2048kB 0*4096kB = 4kB
Node 1 Normal: 241*4kB (UME) 57*8kB (UME) 41*16kB (UME) 238*32kB (UME) 90*64kB (UME) 28*128kB (UE) 17*256kB (UME) 9*512kB (UM) 8*1024kB (UME) 6*2048kB (UE) 942*4096kB (M) = 3906908kB
Node 0 hugepages_total=0 hugepages_free=0 hugepages_surp=0 hugepages_size=1048576kB
Node 0 hugepages_total=2 hugepages_free=2 hugepages_surp=0 hugepages_size=2048kB
Node 1 hugepages_total=0 hugepages_free=0 hugepages_surp=0 hugepages_size=1048576kB
Node 1 hugepages_total=2 hugepages_free=2 hugepages_surp=0 hugepages_size=2048kB
24234 total pagecache pages
0 pages in swap cache
Free swap  = 0kB
Total swap = 0kB
2097051 pages RAM
0 pages HighMem/MovableOnly
428036 pages reserved
0 pages cma reserved
Mem-Info:
active_anon:4876 inactive_anon:0 isolated_anon:0
 active_file:0 inactive_file:22824 isolated_file:0
 unevictable:768 dirty:0 writeback:0
 slab_reclaimable:10780 slab_unreclaimable:82785
 mapped:2166 shmem:1410 pagetables:599
 sec_pagetables:0 bounce:0
 kernel_misc_reclaimable:0
 free:1443153 free_pcp:199 free_cma:0
Node 0 active_anon:19504kB inactive_anon:0kB active_file:0kB inactive_file:91216kB unevictable:1536kB isolated(anon):0kB isolated(file):0kB mapped:8664kB dirty:0kB writeback:0kB shmem:4104kB shmem_thp:0kB shmem_pmdmapped:0kB anon_thp:0kB writeback_tmp:0kB kernel_stack:9776kB pagetables:2396kB sec_pagetables:0kB all_unreclaimable? no
Node 1 active_anon:0kB inactive_anon:0kB active_file:0kB inactive_file:80kB unevictable:1536kB isolated(anon):0kB isolated(file):0kB mapped:0kB dirty:0kB writeback:0kB shmem:1536kB shmem_thp:0kB shmem_pmdmapped:0kB anon_thp:0kB writeback_tmp:0kB kernel_stack:16kB pagetables:0kB sec_pagetables:0kB all_unreclaimable? no
Node 0 DMA free:15360kB boost:0kB min:208kB low:260kB high:312kB reserved_highatomic:0KB active_anon:0kB inactive_anon:0kB active_file:0kB inactive_file:0kB unevictable:0kB writepending:0kB present:15992kB managed:15360kB mlocked:0kB bounce:0kB free_pcp:0kB local_pcp:0kB free_cma:0kB
lowmem_reserve[]: 0 2461 2461 0 0
Node 0 DMA32 free:1850340kB boost:0kB min:34168kB low:42708kB high:51248kB reserved_highatomic:0KB active_anon:19472kB inactive_anon:0kB active_file:0kB inactive_file:90908kB unevictable:1536kB writepending:0kB present:3129332kB managed:2549172kB mlocked:0kB bounce:0kB free_pcp:776kB local_pcp:680kB free_cma:0kB
lowmem_reserve[]: 0 0 0 0 0
Node 0 Normal free:4kB boost:0kB min:4kB low:4kB high:4kB reserved_highatomic:0KB active_anon:32kB inactive_anon:0kB active_file:0kB inactive_file:308kB unevictable:0kB writepending:0kB present:1048580kB managed:364kB mlocked:0kB bounce:0kB free_pcp:20kB local_pcp:8kB free_cma:0kB
lowmem_reserve[]: 0 0 0 0 0
Node 1 Normal free:3906908kB boost:0kB min:55728kB low:69660kB high:83592kB reserved_highatomic:0KB active_anon:0kB inactive_anon:0kB active_file:0kB inactive_file:80kB unevictable:1536kB writepending:0kB present:4194300kB managed:4111164kB mlocked:0kB bounce:0kB free_pcp:0kB local_pcp:0kB free_cma:0kB
lowmem_reserve[]: 0 0 0 0 0
Node 0 DMA: 0*4kB 0*8kB 0*16kB 0*32kB 0*64kB 0*128kB 0*256kB 0*512kB 1*1024kB (U) 1*2048kB (M) 3*4096kB (M) = 15360kB
Node 0 DMA32: 777*4kB (UME) 1034*8kB (UE) 425*16kB (UE) 14*32kB (UE) 21*64kB (UME) 5*128kB (UME) 3*256kB (ME) 2*512kB (UE) 1*1024kB (M) 2*2048kB (UM) 445*4096kB (M) = 1850244kB
Node 0 Normal: 1*4kB (M) 0*8kB 0*16kB 0*32kB 0*64kB 0*128kB 0*256kB 0*512kB 0*1024kB 0*2048kB 0*4096kB = 4kB
Node 1 Normal: 241*4kB (UME) 57*8kB (UME) 41*16kB (UME) 238*32kB (UME) 90*64kB (UME) 28*128kB (UE) 17*256kB (UME) 9*512kB (UM) 8*1024kB (UME) 6*2048kB (UE) 942*4096kB (M) = 3906908kB
Node 0 hugepages_total=0 hugepages_free=0 hugepages_surp=0 hugepages_size=1048576kB
Node 0 hugepages_total=2 hugepages_free=2 hugepages_surp=0 hugepages_size=2048kB
Node 1 hugepages_total=0 hugepages_free=0 hugepages_surp=0 hugepages_size=1048576kB
Node 1 hugepages_total=2 hugepages_free=2 hugepages_surp=0 hugepages_size=2048kB
24234 total pagecache pages
0 pages in swap cache
Free swap  = 0kB
Total swap = 0kB
2097051 pages RAM
0 pages HighMem/MovableOnly
428036 pages reserved
0 pages cma reserved
Mem-Info:
active_anon:4876 inactive_anon:0 isolated_anon:0
 active_file:0 inactive_file:22824 isolated_file:0
 unevictable:768 dirty:0 writeback:0
 slab_reclaimable:10780 slab_unreclaimable:82785
 mapped:2166 shmem:1410 pagetables:599
 sec_pagetables:0 bounce:0
 kernel_misc_reclaimable:0
 free:1443153 free_pcp:199 free_cma:0
Node 0 active_anon:19504kB inactive_anon:0kB active_file:0kB inactive_file:91216kB unevictable:1536kB isolated(anon):0kB isolated(file):0kB mapped:8664kB dirty:0kB writeback:0kB shmem:4104kB shmem_thp:0kB shmem_pmdmapped:0kB anon_thp:0kB writeback_tmp:0kB kernel_stack:9776kB pagetables:2396kB sec_pagetables:0kB all_unreclaimable? no
Node 1 active_anon:0kB inactive_anon:0kB active_file:0kB inactive_file:80kB unevictable:1536kB isolated(anon):0kB isolated(file):0kB mapped:0kB dirty:0kB writeback:0kB shmem:1536kB shmem_thp:0kB shmem_pmdmapped:0kB anon_thp:0kB writeback_tmp:0kB kernel_stack:16kB pagetables:0kB sec_pagetables:0kB all_unreclaimable? no
Node 0 DMA free:15360kB boost:0kB min:208kB low:260kB high:312kB reserved_highatomic:0KB active_anon:0kB inactive_anon:0kB active_file:0kB inactive_file:0kB unevictable:0kB writepending:0kB present:15992kB managed:15360kB mlocked:0kB bounce:0kB free_pcp:0kB local_pcp:0kB free_cma:0kB
lowmem_reserve[]: 0 2461 2461 0 0
Node 0 DMA32 free:1850340kB boost:0kB min:34168kB low:42708kB high:51248kB reserved_highatomic:0KB active_anon:19472kB inactive_anon:0kB active_file:0kB inactive_file:90908kB unevictable:1536kB writepending:0kB present:3129332kB managed:2549172kB mlocked:0kB bounce:0kB free_pcp:776kB local_pcp:680kB free_cma:0kB
lowmem_reserve[]: 0 0 0 0 0
Node 0 Normal free:4kB boost:0kB min:4kB low:4kB high:4kB reserved_highatomic:0KB active_anon:32kB inactive_anon:0kB active_file:0kB inactive_file:308kB unevictable:0kB writepending:0kB present:1048580kB managed:364kB mlocked:0kB bounce:0kB free_pcp:20kB local_pcp:8kB free_cma:0kB
lowmem_reserve[]: 0 0 0 0 0
Node 1 Normal free:3906908kB boost:0kB min:55728kB low:69660kB high:83592kB reserved_highatomic:0KB active_anon:0kB inactive_anon:0kB active_file:0kB inactive_file:80kB unevictable:1536kB writepending:0kB present:4194300kB managed:4111164kB mlocked:0kB bounce:0kB free_pcp:0kB local_pcp:0kB free_cma:0kB
lowmem_reserve[]: 0 0 0 0 0
Node 0 DMA: 0*4kB 0*8kB 0*16kB 0*32kB 0*64kB 0*128kB 0*256kB 0*512kB 1*1024kB (U) 1*2048kB (M) 3*4096kB (M) = 15360kB
Node 0 DMA32: 777*4kB (UME) 1034*8kB (UE) 425*16kB (UE) 14*32kB (UE) 21*64kB (UME) 5*128kB (UME) 3*256kB (ME) 2*512kB (UE) 1*1024kB (M) 2*2048kB (UM) 445*4096kB (M) = 1850244kB
Node 0 Normal: 1*4kB (M) 0*8kB 0*16kB 0*32kB 0*64kB 0*128kB 0*256kB 0*512kB 0*1024kB 0*2048kB 0*4096kB = 4kB
Node 1 Normal: 241*4kB (UME) 57*8kB (UME) 41*16kB (UME) 238*32kB (UME) 90*64kB (UME) 28*128kB (UE) 17*256kB (UME) 9*512kB (UM) 8*1024kB (UME) 6*2048kB (UE) 942*4096kB (M) = 3906908kB
Node 0 hugepages_total=0 hugepages_free=0 hugepages_surp=0 hugepages_size=1048576kB
Node 0 hugepages_total=2 hugepages_free=2 hugepages_surp=0 hugepages_size=2048kB
Node 1 hugepages_total=0 hugepages_free=0 hugepages_surp=0 hugepages_size=1048576kB
Node 1 hugepages_total=2 hugepages_free=2 hugepages_surp=0 hugepages_size=2048kB
24234 total pagecache pages
0 pages in swap cache
Free swap  = 0kB
Total swap = 0kB
2097051 pages RAM
0 pages HighMem/MovableOnly
428036 pages reserved
0 pages cma reserved
Mem-Info:
active_anon:4876 inactive_anon:0 isolated_anon:0
 active_file:0 inactive_file:22824 isolated_file:0
 unevictable:768 dirty:0 writeback:0
 slab_reclaimable:10780 slab_unreclaimable:82785
 mapped:2166 shmem:1410 pagetables:599
 sec_pagetables:0 bounce:0
 kernel_misc_reclaimable:0
 free:1443153 free_pcp:199 free_cma:0
Node 0 active_anon:19504kB inactive_anon:0kB active_file:0kB inactive_file:91216kB unevictable:1536kB isolated(anon):0kB isolated(file):0kB mapped:8664kB dirty:0kB writeback:0kB shmem:4104kB shmem_thp:0kB shmem_pmdmapped:0kB anon_thp:0kB writeback_tmp:0kB kernel_stack:9776kB pagetables:2396kB sec_pagetables:0kB all_unreclaimable? no
Node 1 active_anon:0kB inactive_anon:0kB active_file:0kB inactive_file:80kB unevictable:1536kB isolated(anon):0kB isolated(file):0kB mapped:0kB dirty:0kB writeback:0kB shmem:1536kB shmem_thp:0kB shmem_pmdmapped:0kB anon_thp:0kB writeback_tmp:0kB kernel_stack:16kB pagetables:0kB sec_pagetables:0kB all_unreclaimable? no
Node 0 DMA free:15360kB boost:0kB min:208kB low:260kB high:312kB reserved_highatomic:0KB active_anon:0kB inactive_anon:0kB active_file:0kB inactive_file:0kB unevictable:0kB writepending:0kB present:15992kB managed:15360kB mlocked:0kB bounce:0kB free_pcp:0kB local_pcp:0kB free_cma:0kB
lowmem_reserve[]: 0 2461 2461 0 0
Node 0 DMA32 free:1850340kB boost:0kB min:34168kB low:42708kB high:51248kB reserved_highatomic:0KB active_anon:19472kB inactive_anon:0kB active_file:0kB inactive_file:90908kB unevictable:1536kB writepending:0kB present:3129332kB managed:2549172kB mlocked:0kB bounce:0kB free_pcp:776kB local_pcp:680kB free_cma:0kB
lowmem_reserve[]: 0 0 0 0 0
Node 0 Normal free:4kB boost:0kB min:4kB low:4kB high:4kB reserved_highatomic:0KB active_anon:32kB inactive_anon:0kB active_file:0kB inactive_file:308kB unevictable:0kB writepending:0kB present:1048580kB managed:364kB mlocked:0kB bounce:0kB free_pcp:20kB local_pcp:8kB free_cma:0kB
lowmem_reserve[]: 0 0 0 0 0
Node 1 Normal free:3906908kB boost:0kB min:55728kB low:69660kB high:83592kB reserved_highatomic:0KB active_anon:0kB inactive_anon:0kB active_file:0kB inactive_file:80kB unevictable:1536kB writepending:0kB present:4194300kB managed:4111164kB mlocked:0kB bounce:0kB free_pcp:0kB local_pcp:0kB free_cma:0kB
lowmem_reserve[]: 0 0 0 0 0
Node 0 DMA: 0*4kB 0*8kB 0*16kB 0*32kB 0*64kB 0*128kB 0*256kB 0*512kB 1*1024kB (U) 1*2048kB (M) 3*4096kB (M) = 15360kB
Node 0 DMA32: 777*4kB (UME) 1034*8kB (UE) 425*16kB (UE) 14*32kB (UE) 21*64kB (UME) 5*128kB (UME) 3*256kB (ME) 2*512kB (UE) 1*1024kB (M) 2*2048kB (UM) 445*4096kB (M) = 1850244kB
Node 0 Normal: 1*4kB (M) 0*8kB 0*16kB 0*32kB 0*64kB 0*128kB 0*256kB 0*512kB 0*1024kB 0*2048kB 0*4096kB = 4kB
Node 1 Normal: 241*4kB (UME) 57*8kB (UME) 41*16kB (UME) 238*32kB (UME) 90*64kB (UME) 28*128kB (UE) 17*256kB (UME) 9*512kB (UM) 8*1024kB (UME) 6*2048kB (UE) 942*4096kB (M) = 3906908kB
Node 0 hugepages_total=0 hugepages_free=0 hugepages_surp=0 hugepages_size=1048576kB
Node 0 hugepages_total=2 hugepages_free=2 hugepages_surp=0 hugepages_size=2048kB
Node 1 hugepages_total=0 hugepages_free=0 hugepages_surp=0 hugepages_size=1048576kB
Node 1 hugepages_total=2 hugepages_free=2 hugepages_surp=0 hugepages_size=2048kB
24234 total pagecache pages
0 pages in swap cache
Free swap  = 0kB
Total swap = 0kB
2097051 pages RAM
0 pages HighMem/MovableOnly
428036 pages reserved
0 pages cma reserved
Mem-Info:
active_anon:4876 inactive_anon:0 isolated_anon:0
 active_file:0 inactive_file:22824 isolated_file:0
 unevictable:768 dirty:0 writeback:0
 slab_reclaimable:10780 slab_unreclaimable:82785
 mapped:2166 shmem:1410 pagetables:599
 sec_pagetables:0 bounce:0
 kernel_misc_reclaimable:0
 free:1443153 free_pcp:199 free_cma:0
Node 0 active_anon:19504kB inactive_anon:0kB active_file:0kB inactive_file:91216kB unevictable:1536kB isolated(anon):0kB isolated(file):0kB mapped:8664kB dirty:0kB writeback:0kB shmem:4104kB shmem_thp:0kB shmem_pmdmapped:0kB anon_thp:0kB writeback_tmp:0kB kernel_stack:9776kB pagetables:2396kB sec_pagetables:0kB all_unreclaimable? no
Node 1 active_anon:0kB inactive_anon:0kB active_file:0kB inactive_file:80kB unevictable:1536kB isolated(anon):0kB isolated(file):0kB mapped:0kB dirty:0kB writeback:0kB shmem:1536kB shmem_thp:0kB shmem_pmdmapped:0kB anon_thp:0kB writeback_tmp:0kB kernel_stack:16kB pagetables:0kB sec_pagetables:0kB all_unreclaimable? no
Node 0 DMA free:15360kB boost:0kB min:208kB low:260kB high:312kB reserved_highatomic:0KB active_anon:0kB inactive_anon:0kB active_file:0kB inactive_file:0kB unevictable:0kB writepending:0kB present:15992kB managed:15360kB mlocked:0kB bounce:0kB free_pcp:0kB local_pcp:0kB free_cma:0kB
lowmem_reserve[]: 0 2461 2461 0 0
Node 0 DMA32 free:1850340kB boost:0kB min:34168kB low:42708kB high:51248kB reserved_highatomic:0KB active_anon:19472kB inactive_anon:0kB active_file:0kB inactive_file:90908kB unevictable:1536kB writepending:0kB present:3129332kB managed:2549172kB mlocked:0kB bounce:0kB free_pcp:776kB local_pcp:680kB free_cma:0kB
lowmem_reserve[]: 0 0 0 0 0
Node 0 Normal free:4kB boost:0kB min:4kB low:4kB high:4kB reserved_highatomic:0KB active_anon:32kB inactive_anon:0kB active_file:0kB inactive_file:308kB unevictable:0kB writepending:0kB present:1048580kB managed:364kB mlocked:0kB bounce:0kB free_pcp:20kB local_pcp:8kB free_cma:0kB
lowmem_reserve[]: 0 0 0 0 0
Node 1 Normal free:3906908kB boost:0kB min:55728kB low:69660kB high:83592kB reserved_highatomic:0KB active_anon:0kB inactive_anon:0kB active_file:0kB inactive_file:80kB unevictable:1536kB writepending:0kB present:4194300kB managed:4111164kB mlocked:0kB bounce:0kB free_pcp:0kB local_pcp:0kB free_cma:0kB
lowmem_reserve[]: 0 0 0 0 0
Node 0 DMA: 0*4kB 0*8kB 0*16kB 0*32kB 0*64kB 0*128kB 0*256kB 0*512kB 1*1024kB (U) 1*2048kB (M) 3*4096kB (M) = 15360kB
Node 0 DMA32: 777*4kB (UME) 1034*8kB (UE) 425*16kB (UE) 14*32kB (UE) 21*64kB (UME) 5*128kB (UME) 3*256kB (ME) 2*512kB (UE) 1*1024kB (M) 2*2048kB (UM) 445*4096kB (M) = 1850244kB
Node 0 Normal: 1*4kB (M) 0*8kB 0*16kB 0*32kB 0*64kB 0*128kB 0*256kB 0*512kB 0*1024kB 0*2048kB 0*4096kB = 4kB
Node 1 Normal: 241*4kB (UME) 57*8kB (UME) 41*16kB (UME) 238*32kB (UME) 90*64kB (UME) 28*128kB (UE) 17*256kB (UME) 9*512kB (UM) 8*1024kB (UME) 6*2048kB (UE) 942*4096kB (M) = 3906908kB
Node 0 hugepages_total=0 hugepages_free=0 hugepages_surp=0 hugepages_size=1048576kB
Node 0 hugepages_total=2 hugepages_free=2 hugepages_surp=0 hugepages_size=2048kB
Node 1 hugepages_total=0 hugepages_free=0 hugepages_surp=0 hugepages_size=1048576kB
Node 1 hugepages_total=2 hugepages_free=2 hugepages_surp=0 hugepages_size=2048kB
24234 total pagecache pages
0 pages in swap cache
Free swap  = 0kB
Total swap = 0kB
2097051 pages RAM
0 pages HighMem/MovableOnly
428036 pages reserved
0 pages cma reserved
Mem-Info:
active_anon:4876 inactive_anon:0 isolated_anon:0
 active_file:0 inactive_file:22824 isolated_file:0
 unevictable:768 dirty:0 writeback:0
 slab_reclaimable:10780 slab_unreclaimable:82785
 mapped:2166 shmem:1410 pagetables:599
 sec_pagetables:0 bounce:0
 kernel_misc_reclaimable:0
 free:1443153 free_pcp:199 free_cma:0
Node 0 active_anon:19504kB inactive_anon:0kB active_file:0kB inactive_file:91216kB unevictable:1536kB isolated(anon):0kB isolated(file):0kB mapped:8664kB dirty:0kB writeback:0kB shmem:4104kB shmem_thp:0kB shmem_pmdmapped:0kB anon_thp:0kB writeback_tmp:0kB kernel_stack:9776kB pagetables:2396kB sec_pagetables:0kB all_unreclaimable? no
Node 1 active_anon:0kB inactive_anon:0kB active_file:0kB inactive_file:80kB unevictable:1536kB isolated(anon):0kB isolated(file):0kB mapped:0kB dirty:0kB writeback:0kB shmem:1536kB shmem_thp:0kB shmem_pmdmapped:0kB anon_thp:0kB writeback_tmp:0kB kernel_stack:16kB pagetables:0kB sec_pagetables:0kB all_unreclaimable? no
Node 0 DMA free:15360kB boost:0kB min:208kB low:260kB high:312kB reserved_highatomic:0KB active_anon:0kB inactive_anon:0kB active_file:0kB inactive_file:0kB unevictable:0kB writepending:0kB present:15992kB managed:15360kB mlocked:0kB bounce:0kB free_pcp:0kB local_pcp:0kB free_cma:0kB
lowmem_reserve[]: 0 2461 2461 0 0
Node 0 DMA32 free:1850340kB boost:0kB min:34168kB low:42708kB high:51248kB reserved_highatomic:0KB active_anon:19472kB inactive_anon:0kB active_file:0kB inactive_file:90908kB unevictable:1536kB writepending:0kB present:3129332kB managed:2549172kB mlocked:0kB bounce:0kB free_pcp:776kB local_pcp:680kB free_cma:0kB
lowmem_reserve[]: 0 0 0 0 0
Node 0 Normal free:4kB boost:0kB min:4kB low:4kB high:4kB reserved_highatomic:0KB active_anon:32kB inactive_anon:0kB active_file:0kB inactive_file:308kB unevictable:0kB writepending:0kB present:1048580kB managed:364kB mlocked:0kB bounce:0kB free_pcp:20kB local_pcp:8kB free_cma:0kB
lowmem_reserve[]: 0 0 0 0 0
